 JoinServer

 Timestamp is 6ab091bd (Sun Sep 20 23:09:01 2026)

 Preferred load address is 00400000

 Start         Length     Name                   Class
 0001:00000000 00016acdH .textbss                DATA
 0002:00000000 00004560H .text$di                CODE
 0002:00004560 0002b6f0H .text$mn                CODE
 0002:0002fc50 00004300H .text$x                 CODE
 0002:00033f50 000012e5H .text$yd                CODE
 0003:00000000 00000104H .CRT$XCA                DATA
 0003:00000104 00000104H .CRT$XCAA               DATA
 0003:00000208 0000012cH .CRT$XCU                DATA
 0003:00000334 00000104H .CRT$XCZ                DATA
 0003:00000438 00000104H .CRT$XIA                DATA
 0003:0000053c 00000104H .CRT$XIAA               DATA
 0003:00000640 00000104H .CRT$XIAC               DATA
 0003:00000744 00000104H .CRT$XIZ                DATA
 0003:00000848 00000104H .CRT$XPA                DATA
 0003:0000094c 00000104H .CRT$XPZ                DATA
 0003:00000a50 00000104H .CRT$XTA                DATA
 0003:00000b54 0000010cH .CRT$XTZ                DATA
 0003:00000c60 000067c0H .rdata                  DATA
 0003:00007420 000002ccH .rdata$r                DATA
 0003:000076ec 000001acH .rdata$zzzdbg           DATA
 0003:00007898 00000104H .rtc$IAA                DATA
 0003:0000799c 00000158H .rtc$IMZ                DATA
 0003:00007af4 00000104H .rtc$IZZ                DATA
 0003:00007bf8 00000104H .rtc$TAA                DATA
 0003:00007cfc 00000158H .rtc$TMZ                DATA
 0003:00007e54 00000104H .rtc$TZZ                DATA
 0003:00007f58 000031e5H .xdata$x                DATA
 0003:0000b13d 00000000H .edata                  DATA
 0004:00000000 000002a0H .data                   DATA
 0004:000002a0 000001c8H .data$r                 DATA
 0004:00000468 001048e8H .bss                    DATA
 0005:00000000 0000058cH .idata$5                DATA
 0005:0000058c 000000b4H .idata$2                DATA
 0005:00000640 00000014H .idata$3                DATA
 0005:00000654 0000058cH .idata$4                DATA
 0005:00000be0 00001340H .idata$6                DATA
 0006:00000000 0000021eH .msvcjmc                DATA
 0007:00000000 00000104H .00cfg                  DATA
 0008:00000000 00000490H .rsrc$01                DATA
 0008:00000490 000048d9H .rsrc$02                DATA

  Address         Publics by Value              Rva+Base       Lib:Object

 0000:00000000       ___safe_se_handler_count   00000000     <absolute>
 0000:00000000       ___volatile_metadata       00000000     <absolute>
 0000:00000000       ___hybrid_auxiliary_iat    00000000     <absolute>
 0000:00000000       ___guard_iat_count         00000000     <absolute>
 0000:00000000       ___safe_se_handler_table   00000000     <absolute>
 0000:00000000       ___dynamic_value_reloc_table 00000000     <absolute>
 0000:00000000       ___guard_iat_table         00000000     <absolute>
 0000:00000000       ___hybrid_code_map_count   00000000     <absolute>
 0000:00000000       ___guard_longjmp_table     00000000     <absolute>
 0000:00000000       ___guard_longjmp_count     00000000     <absolute>
 0000:00000000       ___hybrid_code_map         00000000     <absolute>
 0000:00000000       ___guard_fids_count        00000000     <absolute>
 0000:00000000       ___enclave_config          00000000     <absolute>
 0000:00000000       ___guard_fids_table        00000000     <absolute>
 0000:00000100       ___guard_flags             00000100     <absolute>
 0000:00000000       ___ImageBase               00400000     <linker-defined>
 0001:00000000       __enc$textbss$begin        00401000     <linker-defined>
 0001:00016acd       __enc$textbss$end          00417acd     <linker-defined>
 0002:00004560       ??$?0$$V@?$_Compressed_pair@V?$allocator@D@std@@V?$_String_val@U?$_Simple_types@D@std@@@2@$00@std@@QAE@U_Zero_then_variadic_args_t@1@@Z 0041c560 f i AccountManager.obj
 0002:000045d0       ??$?0$$V@?$_Compressed_pair@V?$allocator@U?$_Tree_node@U?$pair@$$CBV?$basic_string@DU?$char_traits@D@std@@V?$allocator@D@2@@std@@UACCOUNT_INFO@@@std@@PAX@std@@@std@@V?$_Tree_val@U?$_Tree_simple_types@U?$pair@$$CBV?$basic_string@DU?$char_traits@D@std@@V?$allocator@D@2@@std@@UACCOUNT_INFO@@@std@@@std@@@2@$00@std@@QAE@U_Zero_then_variadic_args_t@1@@Z 0041c5d0 f i AccountManager.obj
 0002:00004640       ??$?0AAV?$_Tree_iterator@V?$_Tree_val@U?$_Tree_simple_types@U?$pair@$$CBV?$basic_string@DU?$char_traits@D@std@@V?$allocator@D@2@@std@@UACCOUNT_INFO@@@std@@@std@@@std@@@std@@_N$0A@@?$pair@V?$_Tree_iterator@V?$_Tree_val@U?$_Tree_simple_types@U?$pair@$$CBV?$basic_string@DU?$char_traits@D@std@@V?$allocator@D@2@@std@@UACCOUNT_INFO@@@std@@@std@@@std@@@std@@_N@std@@QAE@AAV?$_Tree_iterator@V?$_Tree_val@U?$_Tree_simple_types@U?$pair@$$CBV?$basic_string@DU?$char_traits@D@std@@V?$allocator@D@2@@std@@UACCOUNT_INFO@@@std@@@std@@@std@@@1@$$QA_N@Z 0041c640 f i AccountManager.obj
 0002:00004700       ??$?0AAV?$basic_string@DU?$char_traits@D@std@@V?$allocator@D@2@@std@@AAUACCOUNT_INFO@@$0A@@?$pair@V?$basic_string@DU?$char_traits@D@std@@V?$allocator@D@2@@std@@UACCOUNT_INFO@@@std@@QAE@AAV?$basic_string@DU?$char_traits@D@std@@V?$allocator@D@2@@1@AAUACCOUNT_INFO@@@Z 0041c700 f i AccountManager.obj
 0002:000047a0       ??$?0ABU?$less@V?$basic_string@DU?$char_traits@D@std@@V?$allocator@D@2@@std@@@std@@U_Zero_then_variadic_args_t@1@@?$_Compressed_pair@U?$less@V?$basic_string@DU?$char_traits@D@std@@V?$allocator@D@2@@std@@@std@@V?$_Compressed_pair@V?$allocator@U?$_Tree_node@U?$pair@$$CBV?$basic_string@DU?$char_traits@D@std@@V?$allocator@D@2@@std@@UACCOUNT_INFO@@@std@@PAX@std@@@std@@V?$_Tree_val@U?$_Tree_simple_types@U?$pair@$$CBV?$basic_string@DU?$char_traits@D@std@@V?$allocator@D@2@@std@@UACCOUNT_INFO@@@std@@@std@@@2@$00@2@$00@std@@QAE@U_One_then_variadic_args_t@1@ABU?$less@V?$basic_string@DU?$char_traits@D@std@@V?$allocator@D@2@@std@@@1@$$QAU_Zero_then_variadic_args_t@1@@Z 0041c7a0 f i AccountManager.obj
 0002:00004830       ??$?0D@?$allocator@U_Container_proxy@std@@@std@@QAE@ABV?$allocator@D@1@@Z 0041c830 f i AccountManager.obj
 0002:000048c0       ??$?0U?$_Tree_node@U?$pair@$$CBV?$basic_string@DU?$char_traits@D@std@@V?$allocator@D@2@@std@@UACCOUNT_INFO@@@std@@PAX@std@@@?$allocator@U_Container_proxy@std@@@std@@QAE@ABV?$allocator@U?$_Tree_node@U?$pair@$$CBV?$basic_string@DU?$char_traits@D@std@@V?$allocator@D@2@@std@@UACCOUNT_INFO@@@std@@PAX@std@@@1@@Z 0041c8c0 f i AccountManager.obj
 0002:00004950       ??$?0V?$_Tree_iterator@V?$_Tree_val@U?$_Tree_simple_types@U?$pair@$$CBV?$basic_string@DU?$char_traits@D@std@@V?$allocator@D@2@@std@@UACCOUNT_INFO@@@std@@@std@@@std@@@std@@_N$0A@@?$pair@V?$_Tree_iterator@V?$_Tree_val@U?$_Tree_simple_types@U?$pair@$$CBV?$basic_string@DU?$char_traits@D@std@@V?$allocator@D@2@@std@@UACCOUNT_INFO@@@std@@@std@@@std@@@std@@_N@std@@QAE@$$QAV?$_Tree_iterator@V?$_Tree_val@U?$_Tree_simple_types@U?$pair@$$CBV?$basic_string@DU?$char_traits@D@std@@V?$allocator@D@2@@std@@UACCOUNT_INFO@@@std@@@std@@@std@@@1@$$QA_N@Z 0041c950 f i AccountManager.obj
 0002:00004a10       ??$?0V?$allocator@D@std@@$$V@?$_Compressed_pair@V?$allocator@D@std@@V?$_String_val@U?$_Simple_types@D@std@@@2@$00@std@@QAE@U_One_then_variadic_args_t@1@$$QAV?$allocator@D@1@@Z 0041ca10 f i AccountManager.obj
 0002:00004a80       ??$?0V?$allocator@D@std@@X@?$_String_alloc@U?$_String_base_types@DV?$allocator@D@std@@@std@@@std@@QAE@$$QAV?$allocator@D@1@@Z 0041ca80 f i AccountManager.obj
 0002:00004b50       ??$?0V?$basic_string@DU?$char_traits@D@std@@V?$allocator@D@2@@std@@UACCOUNT_INFO@@$0A@@?$pair@$$CBV?$basic_string@DU?$char_traits@D@std@@V?$allocator@D@2@@std@@UACCOUNT_INFO@@@std@@QAE@$$QAU?$pair@V?$basic_string@DU?$char_traits@D@std@@V?$allocator@D@2@@std@@UACCOUNT_INFO@@@1@@Z 0041cb50 f i AccountManager.obj
 0002:00004c20       ??$?MDU?$char_traits@D@std@@V?$allocator@D@1@@std@@YA_NABV?$basic_string@DU?$char_traits@D@std@@V?$allocator@D@2@@0@0@Z 0041cc20 f i AccountManager.obj
 0002:00004ce0       ??$_Adl_verify_range1@V?$_String_iterator@V?$_String_val@U?$_Simple_types@D@std@@@std@@@std@@V12@@std@@YAXABV?$_String_iterator@V?$_String_val@U?$_Simple_types@D@std@@@std@@@0@0U?$integral_constant@_N$00@0@@Z 0041cce0 f i AccountManager.obj
 0002:00004d40       ??$_Adl_verify_range@V?$_String_iterator@V?$_String_val@U?$_Simple_types@D@std@@@std@@@std@@V12@@std@@YAXABV?$_String_iterator@V?$_String_val@U?$_Simple_types@D@std@@@std@@@0@0@Z 0041cd40 f i AccountManager.obj
 0002:00004dc0       ??$_Allocate@$07U_Default_allocate_traits@std@@$0A@@std@@YAPAXI@Z 0041cdc0 f i AccountManager.obj
 0002:00004e50       ??$_Allocate_manually_vector_aligned@U_Default_allocate_traits@std@@@std@@YAPAXI@Z 0041ce50 f i AccountManager.obj
 0002:00004f90       ??$_Buy_if_not_node@AAU?$pair@$$CBV?$basic_string@DU?$char_traits@D@std@@V?$allocator@D@2@@std@@UACCOUNT_INFO@@@std@@@?$_Tree@V?$_Tmap_traits@V?$basic_string@DU?$char_traits@D@std@@V?$allocator@D@2@@std@@UACCOUNT_INFO@@U?$less@V?$basic_string@DU?$char_traits@D@std@@V?$allocator@D@2@@std@@@2@V?$allocator@U?$pair@$$CBV?$basic_string@DU?$char_traits@D@std@@V?$allocator@D@2@@std@@UACCOUNT_INFO@@@std@@@2@$0A@@std@@@std@@IAEPAU?$_Tree_node@U?$pair@$$CBV?$basic_string@DU?$char_traits@D@std@@V?$allocator@D@2@@std@@UACCOUNT_INFO@@@std@@PAX@1@PAU21@AAU?$pair@$$CBV?$basic_string@DU?$char_traits@D@std@@V?$allocator@D@2@@std@@UACCOUNT_INFO@@@1@@Z 0041cf90 f i AccountManager.obj
 0002:00004ff0       ??$_Buynode@U?$pair@V?$basic_string@DU?$char_traits@D@std@@V?$allocator@D@2@@std@@UACCOUNT_INFO@@@std@@@?$_Tree_comp_alloc@V?$_Tmap_traits@V?$basic_string@DU?$char_traits@D@std@@V?$allocator@D@2@@std@@UACCOUNT_INFO@@U?$less@V?$basic_string@DU?$char_traits@D@std@@V?$allocator@D@2@@std@@@2@V?$allocator@U?$pair@$$CBV?$basic_string@DU?$char_traits@D@std@@V?$allocator@D@2@@std@@UACCOUNT_INFO@@@std@@@2@$0A@@std@@@std@@QAEPAU?$_Tree_node@U?$pair@$$CBV?$basic_string@DU?$char_traits@D@std@@V?$allocator@D@2@@std@@UACCOUNT_INFO@@@std@@PAX@1@$$QAU?$pair@V?$basic_string@DU?$char_traits@D@std@@V?$allocator@D@2@@std@@UACCOUNT_INFO@@@1@@Z 0041cff0 f i AccountManager.obj
 0002:00005120       ??$_Const_cast@$$CBD@std@@YA@PBD@Z 0041d120 f i AccountManager.obj
 0002:00005170       ??$_Convert_size@I@std@@YAII@Z 0041d170 f i AccountManager.obj
 0002:000051c0       ??$_Deallocate@$07$0A@@std@@YAXPAXI@Z 0041d1c0 f i AccountManager.obj
 0002:00005240       ??$_Deallocate_plain@V?$allocator@U_Container_proxy@std@@@std@@$0A@@std@@YAXAAV?$allocator@U_Container_proxy@std@@@0@QAU_Container_proxy@0@@Z 0041d240 f i AccountManager.obj
 0002:000052b0       ??$_Debug_lt_pred@AAU?$less@V?$basic_string@DU?$char_traits@D@std@@V?$allocator@D@2@@std@@@std@@ABV?$basic_string@DU?$char_traits@D@std@@V?$allocator@D@2@@2@ABV32@@std@@YA_NAAU?$less@V?$basic_string@DU?$char_traits@D@std@@V?$allocator@D@2@@std@@@0@ABV?$basic_string@DU?$char_traits@D@std@@V?$allocator@D@2@@0@1@Z 0041d2b0 f i AccountManager.obj
 0002:000053c0       ??$_Debug_lt_pred@ABU?$less@V?$basic_string@DU?$char_traits@D@std@@V?$allocator@D@2@@std@@@std@@ABV?$basic_string@DU?$char_traits@D@std@@V?$allocator@D@2@@2@ABV32@@std@@YA_NABU?$less@V?$basic_string@DU?$char_traits@D@std@@V?$allocator@D@2@@std@@@0@ABV?$basic_string@DU?$char_traits@D@std@@V?$allocator@D@2@@0@1@Z 0041d3c0 f i AccountManager.obj
 0002:000054d0       ??$_Freenode0@V?$allocator@U?$_Tree_node@U?$pair@$$CBV?$basic_string@DU?$char_traits@D@std@@V?$allocator@D@2@@std@@UACCOUNT_INFO@@@std@@PAX@std@@@std@@@?$_Tree_node@U?$pair@$$CBV?$basic_string@DU?$char_traits@D@std@@V?$allocator@D@2@@std@@UACCOUNT_INFO@@@std@@PAX@std@@SAXAAV?$allocator@U?$_Tree_node@U?$pair@$$CBV?$basic_string@DU?$char_traits@D@std@@V?$allocator@D@2@@std@@UACCOUNT_INFO@@@std@@PAX@std@@@1@PAU01@@Z 0041d4d0 f i AccountManager.obj
 0002:00005610       ??$_Get_size_of_n@$00@std@@YAII@Z 0041d610 f i AccountManager.obj
 0002:00005660       ??$_Get_size_of_n@$07@std@@YAII@Z 0041d660 f i AccountManager.obj
 0002:000056e0       ??$_Get_size_of_n@$0EM@@std@@YAII@Z 0041d6e0 f i AccountManager.obj
 0002:00005760       ??$_Get_unwrapped@V?$_String_iterator@V?$_String_val@U?$_Simple_types@D@std@@@std@@@std@@$0A@@std@@YA@ABV?$_String_iterator@V?$_String_val@U?$_Simple_types@D@std@@@std@@@0@@Z 0041d760 f i AccountManager.obj
 0002:000057c0       ??$_Get_unwrapped_n@V?$_String_iterator@V?$_String_val@U?$_Simple_types@D@std@@@std@@@std@@H$0A@@std@@YA@ABV?$_String_iterator@V?$_String_val@U?$_Simple_types@D@std@@@std@@@0@H@Z 0041d7c0 f i AccountManager.obj
 0002:000058d0       ??$_Idl_distance1@V?$_String_iterator@V?$_String_val@U?$_Simple_types@D@std@@@std@@@std@@PAD@std@@YAHABQAD0Urandom_access_iterator_tag@0@@Z 0041d8d0 f i AccountManager.obj
 0002:00005930       ??$_Idl_distance@V?$_String_iterator@V?$_String_val@U?$_Simple_types@D@std@@@std@@@std@@PAD@std@@YA@ABQAD0@Z 0041d930 f i AccountManager.obj
 0002:000059a0       ??$_Insert_at@AAU?$pair@$$CBV?$basic_string@DU?$char_traits@D@std@@V?$allocator@D@2@@std@@UACCOUNT_INFO@@@std@@PAU?$_Tree_node@U?$pair@$$CBV?$basic_string@DU?$char_traits@D@std@@V?$allocator@D@2@@std@@UACCOUNT_INFO@@@std@@PAX@2@@?$_Tree@V?$_Tmap_traits@V?$basic_string@DU?$char_traits@D@std@@V?$allocator@D@2@@std@@UACCOUNT_INFO@@U?$less@V?$basic_string@DU?$char_traits@D@std@@V?$allocator@D@2@@std@@@2@V?$allocator@U?$pair@$$CBV?$basic_string@DU?$char_traits@D@std@@V?$allocator@D@2@@std@@UACCOUNT_INFO@@@std@@@2@$0A@@std@@@std@@IAE?AV?$_Tree_iterator@V?$_Tree_val@U?$_Tree_simple_types@U?$pair@$$CBV?$basic_string@DU?$char_traits@D@std@@V?$allocator@D@2@@std@@UACCOUNT_INFO@@@std@@@std@@@std@@@1@_NPAU?$_Tree_node@U?$pair@$$CBV?$basic_string@DU?$char_traits@D@std@@V?$allocator@D@2@@std@@UACCOUNT_INFO@@@std@@PAX@1@AAU?$pair@$$CBV?$basic_string@DU?$char_traits@D@std@@V?$allocator@D@2@@std@@UACCOUNT_INFO@@@1@1@Z 0041d9a0 f i AccountManager.obj
 0002:00005d30       ??$_Insert_nohint@AAU?$pair@$$CBV?$basic_string@DU?$char_traits@D@std@@V?$allocator@D@2@@std@@UACCOUNT_INFO@@@std@@PAU?$_Tree_node@U?$pair@$$CBV?$basic_string@DU?$char_traits@D@std@@V?$allocator@D@2@@std@@UACCOUNT_INFO@@@std@@PAX@2@@?$_Tree@V?$_Tmap_traits@V?$basic_string@DU?$char_traits@D@std@@V?$allocator@D@2@@std@@UACCOUNT_INFO@@U?$less@V?$basic_string@DU?$char_traits@D@std@@V?$allocator@D@2@@std@@@2@V?$allocator@U?$pair@$$CBV?$basic_string@DU?$char_traits@D@std@@V?$allocator@D@2@@std@@UACCOUNT_INFO@@@std@@@2@$0A@@std@@@std@@IAE?AU?$pair@V?$_Tree_iterator@V?$_Tree_val@U?$_Tree_simple_types@U?$pair@$$CBV?$basic_string@DU?$char_traits@D@std@@V?$allocator@D@2@@std@@UACCOUNT_INFO@@@std@@@std@@@std@@@std@@_N@1@_NAAU?$pair@$$CBV?$basic_string@DU?$char_traits@D@std@@V?$allocator@D@2@@std@@UACCOUNT_INFO@@@1@PAU?$_Tree_node@U?$pair@$$CBV?$basic_string@DU?$char_traits@D@std@@V?$allocator@D@2@@std@@UACCOUNT_INFO@@@std@@PAX@1@@Z 0041dd30 f i AccountManager.obj
 0002:00006320       ??$_Kfn@$$CBV?$basic_string@DU?$char_traits@D@std@@V?$allocator@D@2@@std@@UACCOUNT_INFO@@@?$_Tmap_traits@V?$basic_string@DU?$char_traits@D@std@@V?$allocator@D@2@@std@@UACCOUNT_INFO@@U?$less@V?$basic_string@DU?$char_traits@D@std@@V?$allocator@D@2@@std@@@2@V?$allocator@U?$pair@$$CBV?$basic_string@DU?$char_traits@D@std@@V?$allocator@D@2@@std@@UACCOUNT_INFO@@@std@@@2@$0A@@std@@SAABV?$basic_string@DU?$char_traits@D@std@@V?$allocator@D@2@@1@ABU?$pair@$$CBV?$basic_string@DU?$char_traits@D@std@@V?$allocator@D@2@@std@@UACCOUNT_INFO@@@1@@Z 0041e320 f i AccountManager.obj
 0002:00006370       ??$_Lbound@V?$basic_string@DU?$char_traits@D@std@@V?$allocator@D@2@@std@@@?$_Tree@V?$_Tmap_traits@V?$basic_string@DU?$char_traits@D@std@@V?$allocator@D@2@@std@@UACCOUNT_INFO@@U?$less@V?$basic_string@DU?$char_traits@D@std@@V?$allocator@D@2@@std@@@2@V?$allocator@U?$pair@$$CBV?$basic_string@DU?$char_traits@D@std@@V?$allocator@D@2@@std@@UACCOUNT_INFO@@@std@@@2@$0A@@std@@@std@@IBEPAU?$_Tree_node@U?$pair@$$CBV?$basic_string@DU?$char_traits@D@std@@V?$allocator@D@2@@std@@UACCOUNT_INFO@@@std@@PAX@1@ABV?$basic_string@DU?$char_traits@D@std@@V?$allocator@D@2@@1@@Z 0041e370 f i AccountManager.obj
 0002:00006440       ??$_Max_value@I@std@@YAABIABI0@Z 0041e440 f i AccountManager.obj
 0002:00006500       ??$_Min_value@I@std@@YAABIABI0@Z 0041e500 f i AccountManager.obj
 0002:000065c0       ??$_Reallocate_for@V<lambda_9366063389c5f42a00a5088cf24e69de>@@PBD@?$basic_string@DU?$char_traits@D@std@@V?$allocator@D@2@@std@@QAEAAV01@IV<lambda_9366063389c5f42a00a5088cf24e69de>@@PBD@Z 0041e5c0 f i AccountManager.obj
 0002:00006760       ??$_Refancy@PAD$0A@@std@@YAPADPAD@Z 0041e760 f i AccountManager.obj
 0002:000067b0       ??$_Seek_wrapped@V?$_String_iterator@V?$_String_val@U?$_Simple_types@D@std@@@std@@@std@@PAD$0A@@std@@YAXAAV?$_String_iterator@V?$_String_val@U?$_Simple_types@D@std@@@std@@@0@ABQAD@Z 0041e7b0 f i AccountManager.obj
 0002:00006810       ??$_Traits_compare@U?$char_traits@D@std@@@std@@YAHQBDI0I@Z 0041e810 f i AccountManager.obj
 0002:00006900       ??$_Unfancy@$$CBD@std@@YAPBDPBD@Z 0041e900 f i AccountManager.obj
 0002:00006950       ??$_Unfancy@D@std@@YAPADPAD@Z 0041e950 f i AccountManager.obj
 0002:000069a0       ??$_Unfancy@U_Container_proxy@std@@@std@@YAPAU_Container_proxy@0@PAU10@@Z 0041e9a0 f i AccountManager.obj
 0002:000069f0       ??$addressof@PAD@std@@YAPAPADAAPAD@Z 0041e9f0 f i AccountManager.obj
 0002:00006a80       ??$addressof@PAU?$_Tree_node@U?$pair@$$CBV?$basic_string@DU?$char_traits@D@std@@V?$allocator@D@2@@std@@UACCOUNT_INFO@@@std@@PAX@std@@@std@@YAPAPAU?$_Tree_node@U?$pair@$$CBV?$basic_string@DU?$char_traits@D@std@@V?$allocator@D@2@@std@@UACCOUNT_INFO@@@std@@PAX@0@AAPAU10@@Z 0041ea80 f i AccountManager.obj
 0002:00006b10       ??$addressof@U?$pair@$$CBV?$basic_string@DU?$char_traits@D@std@@V?$allocator@D@2@@std@@UACCOUNT_INFO@@@std@@@std@@YAPAU?$pair@$$CBV?$basic_string@DU?$char_traits@D@std@@V?$allocator@D@2@@std@@UACCOUNT_INFO@@@0@AAU10@@Z 0041eb10 f i AccountManager.obj
 0002:00006ba0       ??$addressof@V?$_String_val@U?$_Simple_types@D@std@@@std@@@std@@YAPAV?$_String_val@U?$_Simple_types@D@std@@@0@AAV10@@Z 0041eba0 f i AccountManager.obj
 0002:00006c30       ??$addressof@V?$_Tree_val@U?$_Tree_simple_types@U?$pair@$$CBV?$basic_string@DU?$char_traits@D@std@@V?$allocator@D@2@@std@@UACCOUNT_INFO@@@std@@@std@@@std@@@std@@YAPAV?$_Tree_val@U?$_Tree_simple_types@U?$pair@$$CBV?$basic_string@DU?$char_traits@D@std@@V?$allocator@D@2@@std@@UACCOUNT_INFO@@@std@@@std@@@0@AAV10@@Z 0041ec30 f i AccountManager.obj
 0002:00006cc0       ??$construct@PADABQAD@?$_Default_allocator_traits@V?$allocator@D@std@@@std@@SAXAAV?$allocator@D@1@QAPADABQAD@Z 0041ecc0 f i AccountManager.obj
 0002:00006d40       ??$construct@PAU?$_Tree_node@U?$pair@$$CBV?$basic_string@DU?$char_traits@D@std@@V?$allocator@D@2@@std@@UACCOUNT_INFO@@@std@@PAX@std@@AAPAU12@@?$_Default_allocator_traits@V?$allocator@U?$_Tree_node@U?$pair@$$CBV?$basic_string@DU?$char_traits@D@std@@V?$allocator@D@2@@std@@UACCOUNT_INFO@@@std@@PAX@std@@@std@@@std@@SAXAAV?$allocator@U?$_Tree_node@U?$pair@$$CBV?$basic_string@DU?$char_traits@D@std@@V?$allocator@D@2@@std@@UACCOUNT_INFO@@@std@@PAX@std@@@1@QAPAU?$_Tree_node@U?$pair@$$CBV?$basic_string@DU?$char_traits@D@std@@V?$allocator@D@2@@std@@UACCOUNT_INFO@@@std@@PAX@1@AAPAU31@@Z 0041ed40 f i AccountManager.obj
 0002:00006dc0       ??$construct@U?$pair@$$CBV?$basic_string@DU?$char_traits@D@std@@V?$allocator@D@2@@std@@UACCOUNT_INFO@@@std@@U?$pair@V?$basic_string@DU?$char_traits@D@std@@V?$allocator@D@2@@std@@UACCOUNT_INFO@@@2@@?$_Default_allocator_traits@V?$allocator@U?$_Tree_node@U?$pair@$$CBV?$basic_string@DU?$char_traits@D@std@@V?$allocator@D@2@@std@@UACCOUNT_INFO@@@std@@PAX@std@@@std@@@std@@SAXAAV?$allocator@U?$_Tree_node@U?$pair@$$CBV?$basic_string@DU?$char_traits@D@std@@V?$allocator@D@2@@std@@UACCOUNT_INFO@@@std@@PAX@std@@@1@QAU?$pair@$$CBV?$basic_string@DU?$char_traits@D@std@@V?$allocator@D@2@@std@@UACCOUNT_INFO@@@1@$$QAU?$pair@V?$basic_string@DU?$char_traits@D@std@@V?$allocator@D@2@@std@@UACCOUNT_INFO@@@1@@Z 0041edc0 f i AccountManager.obj
 0002:00006e50       ??$construct@U_Container_proxy@std@@U12@@?$_Default_allocator_traits@V?$allocator@U_Container_proxy@std@@@std@@@std@@SAXAAV?$allocator@U_Container_proxy@std@@@1@QAU_Container_proxy@1@$$QAU31@@Z 0041ee50 f i AccountManager.obj
 0002:00006ee0       ??$destroy@PAD@?$_Default_allocator_traits@V?$allocator@D@std@@@std@@SAXAAV?$allocator@D@1@QAPAD@Z 0041eee0 f i AccountManager.obj
 0002:00006f30       ??$destroy@PAU?$_Tree_node@U?$pair@$$CBV?$basic_string@DU?$char_traits@D@std@@V?$allocator@D@2@@std@@UACCOUNT_INFO@@@std@@PAX@std@@@?$_Default_allocator_traits@V?$allocator@U?$_Tree_node@U?$pair@$$CBV?$basic_string@DU?$char_traits@D@std@@V?$allocator@D@2@@std@@UACCOUNT_INFO@@@std@@PAX@std@@@std@@@std@@SAXAAV?$allocator@U?$_Tree_node@U?$pair@$$CBV?$basic_string@DU?$char_traits@D@std@@V?$allocator@D@2@@std@@UACCOUNT_INFO@@@std@@PAX@std@@@1@QAPAU?$_Tree_node@U?$pair@$$CBV?$basic_string@DU?$char_traits@D@std@@V?$allocator@D@2@@std@@UACCOUNT_INFO@@@std@@PAX@1@@Z 0041ef30 f i AccountManager.obj
 0002:00006f80       ??$destroy@U?$pair@$$CBV?$basic_string@DU?$char_traits@D@std@@V?$allocator@D@2@@std@@UACCOUNT_INFO@@@std@@@?$_Default_allocator_traits@V?$allocator@U?$_Tree_node@U?$pair@$$CBV?$basic_string@DU?$char_traits@D@std@@V?$allocator@D@2@@std@@UACCOUNT_INFO@@@std@@PAX@std@@@std@@@std@@SAXAAV?$allocator@U?$_Tree_node@U?$pair@$$CBV?$basic_string@DU?$char_traits@D@std@@V?$allocator@D@2@@std@@UACCOUNT_INFO@@@std@@PAX@std@@@1@QAU?$pair@$$CBV?$basic_string@DU?$char_traits@D@std@@V?$allocator@D@2@@std@@UACCOUNT_INFO@@@1@@Z 0041ef80 f i AccountManager.obj
 0002:00006fe0       ??$destroy@U_Container_proxy@std@@@?$_Default_allocator_traits@V?$allocator@U_Container_proxy@std@@@std@@@std@@SAXAAV?$allocator@U_Container_proxy@std@@@1@QAU_Container_proxy@1@@Z 0041efe0 f i AccountManager.obj
 0002:00007030       ??$emplace@U?$pair@V?$basic_string@DU?$char_traits@D@std@@V?$allocator@D@2@@std@@UACCOUNT_INFO@@@std@@@?$_Tree@V?$_Tmap_traits@V?$basic_string@DU?$char_traits@D@std@@V?$allocator@D@2@@std@@UACCOUNT_INFO@@U?$less@V?$basic_string@DU?$char_traits@D@std@@V?$allocator@D@2@@std@@@2@V?$allocator@U?$pair@$$CBV?$basic_string@DU?$char_traits@D@std@@V?$allocator@D@2@@std@@UACCOUNT_INFO@@@std@@@2@$0A@@std@@@std@@QAE?AU?$pair@V?$_Tree_iterator@V?$_Tree_val@U?$_Tree_simple_types@U?$pair@$$CBV?$basic_string@DU?$char_traits@D@std@@V?$allocator@D@2@@std@@UACCOUNT_INFO@@@std@@@std@@@std@@@std@@_N@1@$$QAU?$pair@V?$basic_string@DU?$char_traits@D@std@@V?$allocator@D@2@@std@@UACCOUNT_INFO@@@1@@Z 0041f030 f i AccountManager.obj
 0002:000070f0       ??$erase@V?$_Tree_iterator@V?$_Tree_val@U?$_Tree_simple_types@U?$pair@$$CBV?$basic_string@DU?$char_traits@D@std@@V?$allocator@D@2@@std@@UACCOUNT_INFO@@@std@@@std@@@std@@@std@@X@?$_Tree@V?$_Tmap_traits@V?$basic_string@DU?$char_traits@D@std@@V?$allocator@D@2@@std@@UACCOUNT_INFO@@U?$less@V?$basic_string@DU?$char_traits@D@std@@V?$allocator@D@2@@std@@@2@V?$allocator@U?$pair@$$CBV?$basic_string@DU?$char_traits@D@std@@V?$allocator@D@2@@std@@UACCOUNT_INFO@@@std@@@2@$0A@@std@@@std@@QAE?AV?$_Tree_iterator@V?$_Tree_val@U?$_Tree_simple_types@U?$pair@$$CBV?$basic_string@DU?$char_traits@D@std@@V?$allocator@D@2@@std@@UACCOUNT_INFO@@@std@@@std@@@std@@@1@V21@@Z 0041f0f0 f i AccountManager.obj
 0002:000071f0       ??$forward@AAPAU?$_Tree_node@U?$pair@$$CBV?$basic_string@DU?$char_traits@D@std@@V?$allocator@D@2@@std@@UACCOUNT_INFO@@@std@@PAX@std@@@std@@YAAAPAU?$_Tree_node@U?$pair@$$CBV?$basic_string@DU?$char_traits@D@std@@V?$allocator@D@2@@std@@UACCOUNT_INFO@@@std@@PAX@0@AAPAU10@@Z 0041f1f0 f i AccountManager.obj
 0002:00007280       ??$forward@AAU?$pair@$$CBV?$basic_string@DU?$char_traits@D@std@@V?$allocator@D@2@@std@@UACCOUNT_INFO@@@std@@@std@@YAAAU?$pair@$$CBV?$basic_string@DU?$char_traits@D@std@@V?$allocator@D@2@@std@@UACCOUNT_INFO@@@0@AAU10@@Z 0041f280 f i AccountManager.obj
 0002:00007310       ??$forward@AAUACCOUNT_INFO@@@std@@YAAAUACCOUNT_INFO@@AAU1@@Z 0041f310 f i AccountManager.obj
 0002:000073a0       ??$forward@AAV?$_Tree_iterator@V?$_Tree_val@U?$_Tree_simple_types@U?$pair@$$CBV?$basic_string@DU?$char_traits@D@std@@V?$allocator@D@2@@std@@UACCOUNT_INFO@@@std@@@std@@@std@@@std@@@std@@YAAAV?$_Tree_iterator@V?$_Tree_val@U?$_Tree_simple_types@U?$pair@$$CBV?$basic_string@DU?$char_traits@D@std@@V?$allocator@D@2@@std@@UACCOUNT_INFO@@@std@@@std@@@std@@@0@AAV10@@Z 0041f3a0 f i AccountManager.obj
 0002:00007430       ??$forward@AAV?$basic_string@DU?$char_traits@D@std@@V?$allocator@D@2@@std@@@std@@YAAAV?$basic_string@DU?$char_traits@D@std@@V?$allocator@D@2@@0@AAV10@@Z 0041f430 f i AccountManager.obj
 0002:000074c0       ??$forward@ABQAD@std@@YAABQADABQAD@Z 0041f4c0 f i AccountManager.obj
 0002:00007550       ??$forward@ABU?$less@V?$basic_string@DU?$char_traits@D@std@@V?$allocator@D@2@@std@@@std@@@std@@YAABU?$less@V?$basic_string@DU?$char_traits@D@std@@V?$allocator@D@2@@std@@@0@ABU10@@Z 0041f550 f i AccountManager.obj
 0002:000075e0       ??$forward@U?$pair@V?$basic_string@DU?$char_traits@D@std@@V?$allocator@D@2@@std@@UACCOUNT_INFO@@@std@@@std@@YA$$QAU?$pair@V?$basic_string@DU?$char_traits@D@std@@V?$allocator@D@2@@std@@UACCOUNT_INFO@@@0@AAU10@@Z 0041f5e0 f i AccountManager.obj
 0002:00007670       ??$forward@UACCOUNT_INFO@@@std@@YA$$QAUACCOUNT_INFO@@AAU1@@Z 0041f670 f i AccountManager.obj
 0002:00007700       ??$forward@U_Container_proxy@std@@@std@@YA$$QAU_Container_proxy@0@AAU10@@Z 0041f700 f i AccountManager.obj
 0002:00007790       ??$forward@U_Zero_then_variadic_args_t@std@@@std@@YA$$QAU_Zero_then_variadic_args_t@0@AAU10@@Z 0041f790 f i AccountManager.obj
 0002:00007820       ??$forward@V?$_Tree_iterator@V?$_Tree_val@U?$_Tree_simple_types@U?$pair@$$CBV?$basic_string@DU?$char_traits@D@std@@V?$allocator@D@2@@std@@UACCOUNT_INFO@@@std@@@std@@@std@@@std@@@std@@YA$$QAV?$_Tree_iterator@V?$_Tree_val@U?$_Tree_simple_types@U?$pair@$$CBV?$basic_string@DU?$char_traits@D@std@@V?$allocator@D@2@@std@@UACCOUNT_INFO@@@std@@@std@@@std@@@0@AAV10@@Z 0041f820 f i AccountManager.obj
 0002:000078b0       ??$forward@V?$allocator@D@std@@@std@@YA$$QAV?$allocator@D@0@AAV10@@Z 0041f8b0 f i AccountManager.obj
 0002:00007940       ??$forward@V?$basic_string@DU?$char_traits@D@std@@V?$allocator@D@2@@std@@@std@@YA$$QAV?$basic_string@DU?$char_traits@D@std@@V?$allocator@D@2@@0@AAV10@@Z 0041f940 f i AccountManager.obj
 0002:000079d0       ??$forward@_N@std@@YA$$QA_NAA_N@Z 0041f9d0 f i AccountManager.obj
 0002:00007a60       ??$insert@U?$pair@V?$basic_string@DU?$char_traits@D@std@@V?$allocator@D@2@@std@@UACCOUNT_INFO@@@std@@X@?$map@V?$basic_string@DU?$char_traits@D@std@@V?$allocator@D@2@@std@@UACCOUNT_INFO@@U?$less@V?$basic_string@DU?$char_traits@D@std@@V?$allocator@D@2@@std@@@2@V?$allocator@U?$pair@$$CBV?$basic_string@DU?$char_traits@D@std@@V?$allocator@D@2@@std@@UACCOUNT_INFO@@@std@@@2@@std@@QAE?AU?$pair@V?$_Tree_iterator@V?$_Tree_val@U?$_Tree_simple_types@U?$pair@$$CBV?$basic_string@DU?$char_traits@D@std@@V?$allocator@D@2@@std@@UACCOUNT_INFO@@@std@@@std@@@std@@@std@@_N@1@$$QAU?$pair@V?$basic_string@DU?$char_traits@D@std@@V?$allocator@D@2@@std@@UACCOUNT_INFO@@@1@@Z 0041fa60 f i AccountManager.obj
 0002:00007b00       ??$move@AAD@std@@YA$$QADAAD@Z 0041fb00 f i AccountManager.obj
 0002:00007b90       ??$move@AAV?$allocator@D@std@@@std@@YA$$QAV?$allocator@D@0@AAV10@@Z 0041fb90 f i AccountManager.obj
 0002:00007c20       ??$move@AAV?$basic_string@DU?$char_traits@D@std@@V?$allocator@D@2@@std@@@std@@YA$$QAV?$basic_string@DU?$char_traits@D@std@@V?$allocator@D@2@@0@AAV10@@Z 0041fc20 f i AccountManager.obj
 0002:00007cb0       ??$swap@DX@std@@YAXAAD0@Z  0041fcb0 f i AccountManager.obj
 0002:00007db0       ??$transform@V?$_String_iterator@V?$_String_val@U?$_Simple_types@D@std@@@std@@@std@@V12@P6ADD@Z@std@@YA?AV?$_String_iterator@V?$_String_val@U?$_Simple_types@D@std@@@std@@@0@V10@0V10@P6ADD@Z@Z 0041fdb0 f i AccountManager.obj
 0002:00007fc0       ??0?$_String_alloc@U?$_String_base_types@DV?$allocator@D@std@@@std@@@std@@QAE@XZ 0041ffc0 f i AccountManager.obj
 0002:00008080       ??0?$_String_const_iterator@V?$_String_val@U?$_Simple_types@D@std@@@std@@@std@@QAE@$$QAV01@@Z 00420080 f i AccountManager.obj
 0002:000080f0       ??0?$_String_const_iterator@V?$_String_val@U?$_Simple_types@D@std@@@std@@@std@@QAE@PBDPBU_Container_base12@1@@Z 004200f0 f i AccountManager.obj
 0002:00008170       ??0?$_String_iterator@V?$_String_val@U?$_Simple_types@D@std@@@std@@@std@@QAE@$$QAV01@@Z 00420170 f i AccountManager.obj
 0002:000081d0       ??0?$_String_iterator@V?$_String_val@U?$_Simple_types@D@std@@@std@@@std@@QAE@PADPBU_Container_base12@1@@Z 004201d0 f i AccountManager.obj
 0002:00008240       ??0?$_String_val@U?$_Simple_types@D@std@@@std@@QAE@XZ 00420240 f i AccountManager.obj
 0002:000082d0       ??0?$_Tree@V?$_Tmap_traits@V?$basic_string@DU?$char_traits@D@std@@V?$allocator@D@2@@std@@UACCOUNT_INFO@@U?$less@V?$basic_string@DU?$char_traits@D@std@@V?$allocator@D@2@@std@@@2@V?$allocator@U?$pair@$$CBV?$basic_string@DU?$char_traits@D@std@@V?$allocator@D@2@@std@@UACCOUNT_INFO@@@std@@@2@$0A@@std@@@std@@QAE@ABU?$less@V?$basic_string@DU?$char_traits@D@std@@V?$allocator@D@2@@std@@@1@@Z 004202d0 f i AccountManager.obj
 0002:00008340       ??0?$_Tree_comp_alloc@V?$_Tmap_traits@V?$basic_string@DU?$char_traits@D@std@@V?$allocator@D@2@@std@@UACCOUNT_INFO@@U?$less@V?$basic_string@DU?$char_traits@D@std@@V?$allocator@D@2@@std@@@2@V?$allocator@U?$pair@$$CBV?$basic_string@DU?$char_traits@D@std@@V?$allocator@D@2@@std@@UACCOUNT_INFO@@@std@@@2@$0A@@std@@@std@@QAE@ABU?$less@V?$basic_string@DU?$char_traits@D@std@@V?$allocator@D@2@@std@@@1@@Z 00420340 f i AccountManager.obj
 0002:000083d0       ??0?$_Tree_const_iterator@V?$_Tree_val@U?$_Tree_simple_types@U?$pair@$$CBV?$basic_string@DU?$char_traits@D@std@@V?$allocator@D@2@@std@@UACCOUNT_INFO@@@std@@@std@@@std@@@std@@QAE@$$QAV01@@Z 004203d0 f i AccountManager.obj
 0002:00008430       ??0?$_Tree_const_iterator@V?$_Tree_val@U?$_Tree_simple_types@U?$pair@$$CBV?$basic_string@DU?$char_traits@D@std@@V?$allocator@D@2@@std@@UACCOUNT_INFO@@@std@@@std@@@std@@@std@@QAE@ABV01@@Z 00420430 f i AccountManager.obj
 0002:00008490       ??0?$_Tree_const_iterator@V?$_Tree_val@U?$_Tree_simple_types@U?$pair@$$CBV?$basic_string@DU?$char_traits@D@std@@V?$allocator@D@2@@std@@UACCOUNT_INFO@@@std@@@std@@@std@@@std@@QAE@PAU?$_Tree_node@U?$pair@$$CBV?$basic_string@DU?$char_traits@D@std@@V?$allocator@D@2@@std@@UACCOUNT_INFO@@@std@@PAX@1@PBV?$_Tree_val@U?$_Tree_simple_types@U?$pair@$$CBV?$basic_string@DU?$char_traits@D@std@@V?$allocator@D@2@@std@@UACCOUNT_INFO@@@std@@@std@@@1@@Z 00420490 f i AccountManager.obj
 0002:00008500       ??0?$_Tree_iterator@V?$_Tree_val@U?$_Tree_simple_types@U?$pair@$$CBV?$basic_string@DU?$char_traits@D@std@@V?$allocator@D@2@@std@@UACCOUNT_INFO@@@std@@@std@@@std@@@std@@QAE@$$QAV01@@Z 00420500 f i AccountManager.obj
 0002:00008560       ??0?$_Tree_iterator@V?$_Tree_val@U?$_Tree_simple_types@U?$pair@$$CBV?$basic_string@DU?$char_traits@D@std@@V?$allocator@D@2@@std@@UACCOUNT_INFO@@@std@@@std@@@std@@@std@@QAE@ABV01@@Z 00420560 f i AccountManager.obj
 0002:000085c0       ??0?$_Tree_iterator@V?$_Tree_val@U?$_Tree_simple_types@U?$pair@$$CBV?$basic_string@DU?$char_traits@D@std@@V?$allocator@D@2@@std@@UACCOUNT_INFO@@@std@@@std@@@std@@@std@@QAE@PAU?$_Tree_node@U?$pair@$$CBV?$basic_string@DU?$char_traits@D@std@@V?$allocator@D@2@@std@@UACCOUNT_INFO@@@std@@PAX@1@PBV?$_Tree_val@U?$_Tree_simple_types@U?$pair@$$CBV?$basic_string@DU?$char_traits@D@std@@V?$allocator@D@2@@std@@UACCOUNT_INFO@@@std@@@std@@@1@@Z 004205c0 f i AccountManager.obj
 0002:00008630       ??0?$_Tree_unchecked_const_iterator@V?$_Tree_val@U?$_Tree_simple_types@U?$pair@$$CBV?$basic_string@DU?$char_traits@D@std@@V?$allocator@D@2@@std@@UACCOUNT_INFO@@@std@@@std@@@std@@U_Iterator_base12@2@@std@@QAE@$$QAV01@@Z 00420630 f i AccountManager.obj
 0002:000086a0       ??0?$_Tree_unchecked_const_iterator@V?$_Tree_val@U?$_Tree_simple_types@U?$pair@$$CBV?$basic_string@DU?$char_traits@D@std@@V?$allocator@D@2@@std@@UACCOUNT_INFO@@@std@@@std@@@std@@U_Iterator_base12@2@@std@@QAE@ABV01@@Z 004206a0 f i AccountManager.obj
 0002:00008710       ??0?$_Tree_unchecked_const_iterator@V?$_Tree_val@U?$_Tree_simple_types@U?$pair@$$CBV?$basic_string@DU?$char_traits@D@std@@V?$allocator@D@2@@std@@UACCOUNT_INFO@@@std@@@std@@@std@@U_Iterator_base12@2@@std@@QAE@PAU?$_Tree_node@U?$pair@$$CBV?$basic_string@DU?$char_traits@D@std@@V?$allocator@D@2@@std@@UACCOUNT_INFO@@@std@@PAX@1@PBV?$_Tree_val@U?$_Tree_simple_types@U?$pair@$$CBV?$basic_string@DU?$char_traits@D@std@@V?$allocator@D@2@@std@@UACCOUNT_INFO@@@std@@@std@@@1@@Z 00420710 f i AccountManager.obj
 0002:00008790       ??0?$_Tree_val@U?$_Tree_simple_types@U?$pair@$$CBV?$basic_string@DU?$char_traits@D@std@@V?$allocator@D@2@@std@@UACCOUNT_INFO@@@std@@@std@@@std@@QAE@XZ 00420790 f i AccountManager.obj
 0002:00008810       ??0?$allocator@D@std@@QAE@XZ 00420810 f i AccountManager.obj
 0002:000088a0       ??0?$allocator@U?$_Tree_node@U?$pair@$$CBV?$basic_string@DU?$char_traits@D@std@@V?$allocator@D@2@@std@@UACCOUNT_INFO@@@std@@PAX@std@@@std@@QAE@XZ 004208a0 f i AccountManager.obj
 0002:00008930       ??0?$basic_string@DU?$char_traits@D@std@@V?$allocator@D@2@@std@@QAE@$$QAV01@@Z 00420930 f i AccountManager.obj
 0002:00008a10       ??0?$basic_string@DU?$char_traits@D@std@@V?$allocator@D@2@@std@@QAE@ABV01@@Z 00420a10 f i AccountManager.obj
 0002:00008af0       ??0?$basic_string@DU?$char_traits@D@std@@V?$allocator@D@2@@std@@QAE@QBD@Z 00420af0 f i AccountManager.obj
 0002:00008bb0       ??0?$map@V?$basic_string@DU?$char_traits@D@std@@V?$allocator@D@2@@std@@UACCOUNT_INFO@@U?$less@V?$basic_string@DU?$char_traits@D@std@@V?$allocator@D@2@@std@@@2@V?$allocator@U?$pair@$$CBV?$basic_string@DU?$char_traits@D@std@@V?$allocator@D@2@@std@@UACCOUNT_INFO@@@std@@@2@@std@@QAE@XZ 00420bb0 f i AccountManager.obj
 0002:00008c20       ??0CAccountManager@@QAE@XZ 00420c20 f   AccountManager.obj
 0002:00008ce0       ??0_Bxty@?$_String_val@U?$_Simple_types@D@std@@@std@@QAE@XZ 00420ce0 f i AccountManager.obj
 0002:00008d40       ??0_Container_base12@std@@QAE@XZ 00420d40 f i AccountManager.obj
 0002:00008da0       ??0_Container_proxy@std@@QAE@XZ 00420da0 f i AccountManager.obj
 0002:00008e50       ??0_Iterator_base12@std@@QAE@ABU01@@Z 00420e50 f i AccountManager.obj
 0002:00008f10       ??0_Iterator_base12@std@@QAE@XZ 00420f10 f i AccountManager.obj
 0002:00008fc0       ??1?$_Compressed_pair@V?$allocator@D@std@@V?$_String_val@U?$_Simple_types@D@std@@@2@$00@std@@QAE@XZ 00420fc0 f i AccountManager.obj
 0002:00009010       ??1?$_String_alloc@U?$_String_base_types@DV?$allocator@D@std@@@std@@@std@@QAE@XZ 00421010 f i AccountManager.obj
 0002:000090b0       ??1?$_String_const_iterator@V?$_String_val@U?$_Simple_types@D@std@@@std@@@std@@QAE@XZ 004210b0 f i AccountManager.obj
 0002:00009100       ??1?$_String_iterator@V?$_String_val@U?$_Simple_types@D@std@@@std@@@std@@QAE@XZ 00421100 f i AccountManager.obj
 0002:00009150       ??1?$_String_val@U?$_Simple_types@D@std@@@std@@QAE@XZ 00421150 f i AccountManager.obj
 0002:000091b0       ??1?$_Tree@V?$_Tmap_traits@V?$basic_string@DU?$char_traits@D@std@@V?$allocator@D@2@@std@@UACCOUNT_INFO@@U?$less@V?$basic_string@DU?$char_traits@D@std@@V?$allocator@D@2@@std@@@2@V?$allocator@U?$pair@$$CBV?$basic_string@DU?$char_traits@D@std@@V?$allocator@D@2@@std@@UACCOUNT_INFO@@@std@@@2@$0A@@std@@@std@@QAE@XZ 004211b0 f i AccountManager.obj
 0002:00009250       ??1?$_Tree_comp_alloc@V?$_Tmap_traits@V?$basic_string@DU?$char_traits@D@std@@V?$allocator@D@2@@std@@UACCOUNT_INFO@@U?$less@V?$basic_string@DU?$char_traits@D@std@@V?$allocator@D@2@@std@@@2@V?$allocator@U?$pair@$$CBV?$basic_string@DU?$char_traits@D@std@@V?$allocator@D@2@@std@@UACCOUNT_INFO@@@std@@@2@$0A@@std@@@std@@QAE@XZ 00421250 f i AccountManager.obj
 0002:00009300       ??1?$_Tree_const_iterator@V?$_Tree_val@U?$_Tree_simple_types@U?$pair@$$CBV?$basic_string@DU?$char_traits@D@std@@V?$allocator@D@2@@std@@UACCOUNT_INFO@@@std@@@std@@@std@@@std@@QAE@XZ 00421300 f i AccountManager.obj
 0002:00009350       ??1?$_Tree_iterator@V?$_Tree_val@U?$_Tree_simple_types@U?$pair@$$CBV?$basic_string@DU?$char_traits@D@std@@V?$allocator@D@2@@std@@UACCOUNT_INFO@@@std@@@std@@@std@@@std@@QAE@XZ 00421350 f i AccountManager.obj
 0002:000093a0       ??1?$_Tree_unchecked_const_iterator@V?$_Tree_val@U?$_Tree_simple_types@U?$pair@$$CBV?$basic_string@DU?$char_traits@D@std@@V?$allocator@D@2@@std@@UACCOUNT_INFO@@@std@@@std@@@std@@U_Iterator_base12@2@@std@@QAE@XZ 004213a0 f i AccountManager.obj
 0002:000093f0       ??1?$basic_string@DU?$char_traits@D@std@@V?$allocator@D@2@@std@@QAE@XZ 004213f0 f i AccountManager.obj
 0002:00009490       ??1?$map@V?$basic_string@DU?$char_traits@D@std@@V?$allocator@D@2@@std@@UACCOUNT_INFO@@U?$less@V?$basic_string@DU?$char_traits@D@std@@V?$allocator@D@2@@std@@@2@V?$allocator@U?$pair@$$CBV?$basic_string@DU?$char_traits@D@std@@V?$allocator@D@2@@std@@UACCOUNT_INFO@@@std@@@2@@std@@QAE@XZ 00421490 f i AccountManager.obj
 0002:000094e0       ??1?$pair@$$CBV?$basic_string@DU?$char_traits@D@std@@V?$allocator@D@2@@std@@UACCOUNT_INFO@@@std@@QAE@XZ 004214e0 f i AccountManager.obj
 0002:00009530       ??1?$pair@V?$_Tree_iterator@V?$_Tree_val@U?$_Tree_simple_types@U?$pair@$$CBV?$basic_string@DU?$char_traits@D@std@@V?$allocator@D@2@@std@@UACCOUNT_INFO@@@std@@@std@@@std@@@std@@_N@std@@QAE@XZ 00421530 f i AccountManager.obj
 0002:00009580       ??1?$pair@V?$basic_string@DU?$char_traits@D@std@@V?$allocator@D@2@@std@@UACCOUNT_INFO@@@std@@QAE@XZ 00421580 f i AccountManager.obj
 0002:000095d0       ??1CAccountManager@@QAE@XZ 004215d0 f   AccountManager.obj
 0002:00009670       ??1_Bxty@?$_String_val@U?$_Simple_types@D@std@@@std@@QAE@XZ 00421670 f i AccountManager.obj
 0002:00009700       ??1_Iterator_base12@std@@QAE@XZ 00421700 f i AccountManager.obj
 0002:00009800       ??2@YAPAXIPAX@Z            00421800 f i AccountManager.obj
 0002:00009890       ??4?$_Tree_const_iterator@V?$_Tree_val@U?$_Tree_simple_types@U?$pair@$$CBV?$basic_string@DU?$char_traits@D@std@@V?$allocator@D@2@@std@@UACCOUNT_INFO@@@std@@@std@@@std@@@std@@QAEAAV01@$$QAV01@@Z 00421890 f i AccountManager.obj
 0002:000098f0       ??4?$_Tree_iterator@V?$_Tree_val@U?$_Tree_simple_types@U?$pair@$$CBV?$basic_string@DU?$char_traits@D@std@@V?$allocator@D@2@@std@@UACCOUNT_INFO@@@std@@@std@@@std@@@std@@QAEAAV01@$$QAV01@@Z 004218f0 f i AccountManager.obj
 0002:00009950       ??4?$_Tree_unchecked_const_iterator@V?$_Tree_val@U?$_Tree_simple_types@U?$pair@$$CBV?$basic_string@DU?$char_traits@D@std@@V?$allocator@D@2@@std@@UACCOUNT_INFO@@@std@@@std@@@std@@U_Iterator_base12@2@@std@@QAEAAV01@$$QAV01@@Z 00421950 f i AccountManager.obj
 0002:000099c0       ??4_Iterator_base12@std@@QAEAAU01@ABU01@@Z 004219c0 f i AccountManager.obj
 0002:00009af0       ??8?$_Tree_const_iterator@V?$_Tree_val@U?$_Tree_simple_types@U?$pair@$$CBV?$basic_string@DU?$char_traits@D@std@@V?$allocator@D@2@@std@@UACCOUNT_INFO@@@std@@@std@@@std@@@std@@QBE_NABV01@@Z 00421af0 f i AccountManager.obj
 0002:00009c10       ??9?$_Tree_const_iterator@V?$_Tree_val@U?$_Tree_simple_types@U?$pair@$$CBV?$basic_string@DU?$char_traits@D@std@@V?$allocator@D@2@@std@@UACCOUNT_INFO@@@std@@@std@@@std@@@std@@QBE_NABV01@@Z 00421c10 f i AccountManager.obj
 0002:00009ca0       ??C?$_Tree_iterator@V?$_Tree_val@U?$_Tree_simple_types@U?$pair@$$CBV?$basic_string@DU?$char_traits@D@std@@V?$allocator@D@2@@std@@UACCOUNT_INFO@@@std@@@std@@@std@@@std@@QBEPAU?$pair@$$CBV?$basic_string@DU?$char_traits@D@std@@V?$allocator@D@2@@std@@UACCOUNT_INFO@@@1@XZ 00421ca0 f i AccountManager.obj
 0002:00009d10       ??D?$_Tree_const_iterator@V?$_Tree_val@U?$_Tree_simple_types@U?$pair@$$CBV?$basic_string@DU?$char_traits@D@std@@V?$allocator@D@2@@std@@UACCOUNT_INFO@@@std@@@std@@@std@@@std@@QBEABU?$pair@$$CBV?$basic_string@DU?$char_traits@D@std@@V?$allocator@D@2@@std@@UACCOUNT_INFO@@@1@XZ 00421d10 f i AccountManager.obj
 0002:00009e90       ??D?$_Tree_iterator@V?$_Tree_val@U?$_Tree_simple_types@U?$pair@$$CBV?$basic_string@DU?$char_traits@D@std@@V?$allocator@D@2@@std@@UACCOUNT_INFO@@@std@@@std@@@std@@@std@@QBEAAU?$pair@$$CBV?$basic_string@DU?$char_traits@D@std@@V?$allocator@D@2@@std@@UACCOUNT_INFO@@@1@XZ 00421e90 f i AccountManager.obj
 0002:00009ef0       ??E?$_Tree_const_iterator@V?$_Tree_val@U?$_Tree_simple_types@U?$pair@$$CBV?$basic_string@DU?$char_traits@D@std@@V?$allocator@D@2@@std@@UACCOUNT_INFO@@@std@@@std@@@std@@@std@@QAE?AV01@H@Z 00421ef0 f i AccountManager.obj
 0002:0000a020       ??E?$_Tree_const_iterator@V?$_Tree_val@U?$_Tree_simple_types@U?$pair@$$CBV?$basic_string@DU?$char_traits@D@std@@V?$allocator@D@2@@std@@UACCOUNT_INFO@@@std@@@std@@@std@@@std@@QAEAAV01@XZ 00422020 f i AccountManager.obj
 0002:0000a1a0       ??E?$_Tree_iterator@V?$_Tree_val@U?$_Tree_simple_types@U?$pair@$$CBV?$basic_string@DU?$char_traits@D@std@@V?$allocator@D@2@@std@@UACCOUNT_INFO@@@std@@@std@@@std@@@std@@QAE?AV01@H@Z 004221a0 f i AccountManager.obj
 0002:0000a2d0       ??E?$_Tree_iterator@V?$_Tree_val@U?$_Tree_simple_types@U?$pair@$$CBV?$basic_string@DU?$char_traits@D@std@@V?$allocator@D@2@@std@@UACCOUNT_INFO@@@std@@@std@@@std@@@std@@QAEAAV01@XZ 004222d0 f i AccountManager.obj
 0002:0000a330       ??E?$_Tree_unchecked_const_iterator@V?$_Tree_val@U?$_Tree_simple_types@U?$pair@$$CBV?$basic_string@DU?$char_traits@D@std@@V?$allocator@D@2@@std@@UACCOUNT_INFO@@@std@@@std@@@std@@U_Iterator_base12@2@@std@@QAEAAV01@XZ 00422330 f i AccountManager.obj
 0002:0000a410       ??F?$_Tree_const_iterator@V?$_Tree_val@U?$_Tree_simple_types@U?$pair@$$CBV?$basic_string@DU?$char_traits@D@std@@V?$allocator@D@2@@std@@UACCOUNT_INFO@@@std@@@std@@@std@@@std@@QAEAAV01@XZ 00422410 f i AccountManager.obj
 0002:0000a590       ??F?$_Tree_iterator@V?$_Tree_val@U?$_Tree_simple_types@U?$pair@$$CBV?$basic_string@DU?$char_traits@D@std@@V?$allocator@D@2@@std@@UACCOUNT_INFO@@@std@@@std@@@std@@@std@@QAEAAV01@XZ 00422590 f i AccountManager.obj
 0002:0000a5f0       ??F?$_Tree_unchecked_const_iterator@V?$_Tree_val@U?$_Tree_simple_types@U?$pair@$$CBV?$basic_string@DU?$char_traits@D@std@@V?$allocator@D@2@@std@@UACCOUNT_INFO@@@std@@@std@@@std@@U_Iterator_base12@2@@std@@QAEAAV01@XZ 004225f0 f i AccountManager.obj
 0002:0000a700       ??R<lambda_9366063389c5f42a00a5088cf24e69de>@@QBEXQADIQBD@Z 00422700 f i AccountManager.obj
 0002:0000a7a0       ??R?$less@V?$basic_string@DU?$char_traits@D@std@@V?$allocator@D@2@@std@@@std@@QBE_NABV?$basic_string@DU?$char_traits@D@std@@V?$allocator@D@2@@1@0@Z 004227a0 f i AccountManager.obj
 0002:0000a810       ??_G?$pair@$$CBV?$basic_string@DU?$char_traits@D@std@@V?$allocator@D@2@@std@@UACCOUNT_INFO@@@std@@QAEPAXI@Z 00422810 f i AccountManager.obj
 0002:0000a880       ?ClearServerAccountInfo@CAccountManager@@QAEXG@Z 00422880 f   AccountManager.obj
 0002:0000ab20       ?GetAccountCount@CAccountManager@@QAEJXZ 00422b20 f   AccountManager.obj
 0002:0000abb0       ?GetAccountInfo@CAccountManager@@QAE_NPAUACCOUNT_INFO@@PAD@Z 00422bb0 f   AccountManager.obj
 0002:0000ae50       ?InsertAccountInfo@CAccountManager@@QAEXUACCOUNT_INFO@@@Z 00422e50 f   AccountManager.obj
 0002:0000b120       ?RemoveAccountInfo@CAccountManager@@QAEXUACCOUNT_INFO@@@Z 00423120 f   AccountManager.obj
 0002:0000b3d0       ?_Adjust_manually_vector_aligned@std@@YAXAAPAXAAI@Z 004233d0 f i AccountManager.obj
 0002:0000b5a0       ?_Adopt@_Iterator_base12@std@@QAEXPBU_Container_base12@2@@Z 004235a0 f i AccountManager.obj
 0002:0000b730       ?_Alloc_proxy@?$_String_alloc@U?$_String_base_types@DV?$allocator@D@std@@@std@@@std@@QAEXXZ 00423730 f i AccountManager.obj
 0002:0000b860       ?_Alloc_proxy@?$_Tree_comp_alloc@V?$_Tmap_traits@V?$basic_string@DU?$char_traits@D@std@@V?$allocator@D@2@@std@@UACCOUNT_INFO@@U?$less@V?$basic_string@DU?$char_traits@D@std@@V?$allocator@D@2@@std@@@2@V?$allocator@U?$pair@$$CBV?$basic_string@DU?$char_traits@D@std@@V?$allocator@D@2@@std@@UACCOUNT_INFO@@@std@@@2@$0A@@std@@@std@@QAEXXZ 00423860 f i AccountManager.obj
 0002:0000b990       ?_Allocate@_Default_allocate_traits@std@@SAPAXI@Z 00423990 f i AccountManager.obj
 0002:0000b9f0       ?_Assign_rv_contents_with_alloc_always_equal@?$basic_string@DU?$char_traits@D@std@@V?$allocator@D@2@@std@@QAEX$$QAV12@U?$integral_constant@_N$00@2@@Z 004239f0 f i AccountManager.obj
 0002:0000bb10       ?_Buyheadnode@?$_Tree_comp_alloc@V?$_Tmap_traits@V?$basic_string@DU?$char_traits@D@std@@V?$allocator@D@2@@std@@UACCOUNT_INFO@@U?$less@V?$basic_string@DU?$char_traits@D@std@@V?$allocator@D@2@@std@@@2@V?$allocator@U?$pair@$$CBV?$basic_string@DU?$char_traits@D@std@@V?$allocator@D@2@@std@@UACCOUNT_INFO@@@std@@@2@$0A@@std@@@std@@QAEPAU?$_Tree_node@U?$pair@$$CBV?$basic_string@DU?$char_traits@D@std@@V?$allocator@D@2@@std@@UACCOUNT_INFO@@@std@@PAX@2@XZ 00423b10 f i AccountManager.obj
 0002:0000bcc0       ?_Buynode0@?$_Tree_comp_alloc@V?$_Tmap_traits@V?$basic_string@DU?$char_traits@D@std@@V?$allocator@D@2@@std@@UACCOUNT_INFO@@U?$less@V?$basic_string@DU?$char_traits@D@std@@V?$allocator@D@2@@std@@@2@V?$allocator@U?$pair@$$CBV?$basic_string@DU?$char_traits@D@std@@V?$allocator@D@2@@std@@UACCOUNT_INFO@@@std@@@2@$0A@@std@@@std@@QAEPAU?$_Tree_node@U?$pair@$$CBV?$basic_string@DU?$char_traits@D@std@@V?$allocator@D@2@@std@@UACCOUNT_INFO@@@std@@PAX@2@XZ 00423cc0 f i AccountManager.obj
 0002:0000be40       ?_Calculate_growth@?$basic_string@DU?$char_traits@D@std@@V?$allocator@D@2@@std@@QBEII@Z 00423e40 f i AccountManager.obj
 0002:0000bf60       ?_Clrcont@_Iterator_base12@std@@QAEXXZ 00423f60 f i AccountManager.obj
 0002:0000c000       ?_Compare@?$_Tree@V?$_Tmap_traits@V?$basic_string@DU?$char_traits@D@std@@V?$allocator@D@2@@std@@UACCOUNT_INFO@@U?$less@V?$basic_string@DU?$char_traits@D@std@@V?$allocator@D@2@@std@@@2@V?$allocator@U?$pair@$$CBV?$basic_string@DU?$char_traits@D@std@@V?$allocator@D@2@@std@@UACCOUNT_INFO@@@std@@@2@$0A@@std@@@std@@IBE_NABV?$basic_string@DU?$char_traits@D@std@@V?$allocator@D@2@@2@0@Z 00424000 f i AccountManager.obj
 0002:0000c080       ?_Construct@?$_Tree_comp_alloc@V?$_Tmap_traits@V?$basic_string@DU?$char_traits@D@std@@V?$allocator@D@2@@std@@UACCOUNT_INFO@@U?$less@V?$basic_string@DU?$char_traits@D@std@@V?$allocator@D@2@@std@@@2@V?$allocator@U?$pair@$$CBV?$basic_string@DU?$char_traits@D@std@@V?$allocator@D@2@@std@@UACCOUNT_INFO@@@std@@@2@$0A@@std@@@std@@QAEXXZ 00424080 f i AccountManager.obj
 0002:0000c180       ?_Construct_lv_contents@?$basic_string@DU?$char_traits@D@std@@V?$allocator@D@2@@std@@QAEXABV12@@Z 00424180 f i AccountManager.obj
 0002:0000c360       ?_Destroy_if_node@?$_Tree@V?$_Tmap_traits@V?$basic_string@DU?$char_traits@D@std@@V?$allocator@D@2@@std@@UACCOUNT_INFO@@U?$less@V?$basic_string@DU?$char_traits@D@std@@V?$allocator@D@2@@std@@@2@V?$allocator@U?$pair@$$CBV?$basic_string@DU?$char_traits@D@std@@V?$allocator@D@2@@std@@UACCOUNT_INFO@@@std@@@2@$0A@@std@@@std@@IAEXPAU?$_Tree_node@U?$pair@$$CBV?$basic_string@DU?$char_traits@D@std@@V?$allocator@D@2@@std@@UACCOUNT_INFO@@@std@@PAX@2@@Z 00424360 f i AccountManager.obj
 0002:0000c400       ?_Erase@?$_Tree@V?$_Tmap_traits@V?$basic_string@DU?$char_traits@D@std@@V?$allocator@D@2@@std@@UACCOUNT_INFO@@U?$less@V?$basic_string@DU?$char_traits@D@std@@V?$allocator@D@2@@std@@@2@V?$allocator@U?$pair@$$CBV?$basic_string@DU?$char_traits@D@std@@V?$allocator@D@2@@std@@UACCOUNT_INFO@@@std@@@2@$0A@@std@@@std@@IAEXPAU?$_Tree_node@U?$pair@$$CBV?$basic_string@DU?$char_traits@D@std@@V?$allocator@D@2@@std@@UACCOUNT_INFO@@@std@@PAX@2@@Z 00424400 f i AccountManager.obj
 0002:0000c4e0       ?_Extract@?$_Tree_val@U?$_Tree_simple_types@U?$pair@$$CBV?$basic_string@DU?$char_traits@D@std@@V?$allocator@D@2@@std@@UACCOUNT_INFO@@@std@@@std@@@std@@QAEPAU?$_Tree_node@U?$pair@$$CBV?$basic_string@DU?$char_traits@D@std@@V?$allocator@D@2@@std@@UACCOUNT_INFO@@@std@@PAX@2@V?$_Tree_const_iterator@V?$_Tree_val@U?$_Tree_simple_types@U?$pair@$$CBV?$basic_string@DU?$char_traits@D@std@@V?$allocator@D@2@@std@@UACCOUNT_INFO@@@std@@@std@@@std@@@2@@Z 004244e0 f i AccountManager.obj
 0002:0000cb80       ?_Free_proxy@?$_String_alloc@U?$_String_base_types@DV?$allocator@D@std@@@std@@@std@@QAEXXZ 00424b80 f i AccountManager.obj
 0002:0000cc80       ?_Free_proxy@?$_Tree_comp_alloc@V?$_Tmap_traits@V?$basic_string@DU?$char_traits@D@std@@V?$allocator@D@2@@std@@UACCOUNT_INFO@@U?$less@V?$basic_string@DU?$char_traits@D@std@@V?$allocator@D@2@@std@@@2@V?$allocator@U?$pair@$$CBV?$basic_string@DU?$char_traits@D@std@@V?$allocator@D@2@@std@@UACCOUNT_INFO@@@std@@@2@$0A@@std@@@std@@QAEXXZ 00424c80 f i AccountManager.obj
 0002:0000cd80       ?_Freeheadnode@?$_Tree_comp_alloc@V?$_Tmap_traits@V?$basic_string@DU?$char_traits@D@std@@V?$allocator@D@2@@std@@UACCOUNT_INFO@@U?$less@V?$basic_string@DU?$char_traits@D@std@@V?$allocator@D@2@@std@@@2@V?$allocator@U?$pair@$$CBV?$basic_string@DU?$char_traits@D@std@@V?$allocator@D@2@@std@@UACCOUNT_INFO@@@std@@@2@$0A@@std@@@std@@QAEXPAU?$_Tree_node@U?$pair@$$CBV?$basic_string@DU?$char_traits@D@std@@V?$allocator@D@2@@std@@UACCOUNT_INFO@@@std@@PAX@2@@Z 00424d80 f i AccountManager.obj
 0002:0000cdf0       ?_Freenode0@?$_Tree_comp_alloc@V?$_Tmap_traits@V?$basic_string@DU?$char_traits@D@std@@V?$allocator@D@2@@std@@UACCOUNT_INFO@@U?$less@V?$basic_string@DU?$char_traits@D@std@@V?$allocator@D@2@@std@@@2@V?$allocator@U?$pair@$$CBV?$basic_string@DU?$char_traits@D@std@@V?$allocator@D@2@@std@@UACCOUNT_INFO@@@std@@@2@$0A@@std@@@std@@QAEXPAU?$_Tree_node@U?$pair@$$CBV?$basic_string@DU?$char_traits@D@std@@V?$allocator@D@2@@std@@UACCOUNT_INFO@@@std@@PAX@2@@Z 00424df0 f i AccountManager.obj
 0002:0000ce60       ?_Get_data@?$_String_alloc@U?$_String_base_types@DV?$allocator@D@std@@@std@@@std@@QAEAAV?$_String_val@U?$_Simple_types@D@std@@@2@XZ 00424e60 f i AccountManager.obj
 0002:0000cef0       ?_Get_data@?$_String_alloc@U?$_String_base_types@DV?$allocator@D@std@@@std@@@std@@QBEABV?$_String_val@U?$_Simple_types@D@std@@@2@XZ 00424ef0 f i AccountManager.obj
 0002:0000cf80       ?_Get_data@?$_Tree_comp_alloc@V?$_Tmap_traits@V?$basic_string@DU?$char_traits@D@std@@V?$allocator@D@2@@std@@UACCOUNT_INFO@@U?$less@V?$basic_string@DU?$char_traits@D@std@@V?$allocator@D@2@@std@@@2@V?$allocator@U?$pair@$$CBV?$basic_string@DU?$char_traits@D@std@@V?$allocator@D@2@@std@@UACCOUNT_INFO@@@std@@@2@$0A@@std@@@std@@QAEAAV?$_Tree_val@U?$_Tree_simple_types@U?$pair@$$CBV?$basic_string@DU?$char_traits@D@std@@V?$allocator@D@2@@std@@UACCOUNT_INFO@@@std@@@std@@@2@XZ 00424f80 f i AccountManager.obj
 0002:0000d020       ?_Get_data@?$_Tree_comp_alloc@V?$_Tmap_traits@V?$basic_string@DU?$char_traits@D@std@@V?$allocator@D@2@@std@@UACCOUNT_INFO@@U?$less@V?$basic_string@DU?$char_traits@D@std@@V?$allocator@D@2@@std@@@2@V?$allocator@U?$pair@$$CBV?$basic_string@DU?$char_traits@D@std@@V?$allocator@D@2@@std@@UACCOUNT_INFO@@@std@@@2@$0A@@std@@@std@@QBEABV?$_Tree_val@U?$_Tree_simple_types@U?$pair@$$CBV?$basic_string@DU?$char_traits@D@std@@V?$allocator@D@2@@std@@UACCOUNT_INFO@@@std@@@std@@@2@XZ 00425020 f i AccountManager.obj
 0002:0000d0c0       ?_Get_first@?$_Compressed_pair@U?$less@V?$basic_string@DU?$char_traits@D@std@@V?$allocator@D@2@@std@@@std@@V?$_Compressed_pair@V?$allocator@U?$_Tree_node@U?$pair@$$CBV?$basic_string@DU?$char_traits@D@std@@V?$allocator@D@2@@std@@UACCOUNT_INFO@@@std@@PAX@std@@@std@@V?$_Tree_val@U?$_Tree_simple_types@U?$pair@$$CBV?$basic_string@DU?$char_traits@D@std@@V?$allocator@D@2@@std@@UACCOUNT_INFO@@@std@@@std@@@2@$00@2@$00@std@@QAEAAU?$less@V?$basic_string@DU?$char_traits@D@std@@V?$allocator@D@2@@std@@@2@XZ 004250c0 f i AccountManager.obj
 0002:0000d150       ?_Get_first@?$_Compressed_pair@U?$less@V?$basic_string@DU?$char_traits@D@std@@V?$allocator@D@2@@std@@@std@@V?$_Compressed_pair@V?$allocator@U?$_Tree_node@U?$pair@$$CBV?$basic_string@DU?$char_traits@D@std@@V?$allocator@D@2@@std@@UACCOUNT_INFO@@@std@@PAX@std@@@std@@V?$_Tree_val@U?$_Tree_simple_types@U?$pair@$$CBV?$basic_string@DU?$char_traits@D@std@@V?$allocator@D@2@@std@@UACCOUNT_INFO@@@std@@@std@@@2@$00@2@$00@std@@QBEABU?$less@V?$basic_string@DU?$char_traits@D@std@@V?$allocator@D@2@@std@@@2@XZ 00425150 f i AccountManager.obj
 0002:0000d1e0       ?_Get_first@?$_Compressed_pair@V?$allocator@D@std@@V?$_String_val@U?$_Simple_types@D@std@@@2@$00@std@@QAEAAV?$allocator@D@2@XZ 004251e0 f i AccountManager.obj
 0002:0000d270       ?_Get_first@?$_Compressed_pair@V?$allocator@D@std@@V?$_String_val@U?$_Simple_types@D@std@@@2@$00@std@@QBEABV?$allocator@D@2@XZ 00425270 f i AccountManager.obj
 0002:0000d300       ?_Get_first@?$_Compressed_pair@V?$allocator@U?$_Tree_node@U?$pair@$$CBV?$basic_string@DU?$char_traits@D@std@@V?$allocator@D@2@@std@@UACCOUNT_INFO@@@std@@PAX@std@@@std@@V?$_Tree_val@U?$_Tree_simple_types@U?$pair@$$CBV?$basic_string@DU?$char_traits@D@std@@V?$allocator@D@2@@std@@UACCOUNT_INFO@@@std@@@std@@@2@$00@std@@QAEAAV?$allocator@U?$_Tree_node@U?$pair@$$CBV?$basic_string@DU?$char_traits@D@std@@V?$allocator@D@2@@std@@UACCOUNT_INFO@@@std@@PAX@std@@@2@XZ 00425300 f i AccountManager.obj
 0002:0000d390       ?_Get_first@?$_Compressed_pair@V?$allocator@U?$_Tree_node@U?$pair@$$CBV?$basic_string@DU?$char_traits@D@std@@V?$allocator@D@2@@std@@UACCOUNT_INFO@@@std@@PAX@std@@@std@@V?$_Tree_val@U?$_Tree_simple_types@U?$pair@$$CBV?$basic_string@DU?$char_traits@D@std@@V?$allocator@D@2@@std@@UACCOUNT_INFO@@@std@@@std@@@2@$00@std@@QBEABV?$allocator@U?$_Tree_node@U?$pair@$$CBV?$basic_string@DU?$char_traits@D@std@@V?$allocator@D@2@@std@@UACCOUNT_INFO@@@std@@PAX@std@@@2@XZ 00425390 f i AccountManager.obj
 0002:0000d420       ?_Get_second@?$_Compressed_pair@U?$less@V?$basic_string@DU?$char_traits@D@std@@V?$allocator@D@2@@std@@@std@@V?$_Compressed_pair@V?$allocator@U?$_Tree_node@U?$pair@$$CBV?$basic_string@DU?$char_traits@D@std@@V?$allocator@D@2@@std@@UACCOUNT_INFO@@@std@@PAX@std@@@std@@V?$_Tree_val@U?$_Tree_simple_types@U?$pair@$$CBV?$basic_string@DU?$char_traits@D@std@@V?$allocator@D@2@@std@@UACCOUNT_INFO@@@std@@@std@@@2@$00@2@$00@std@@QAEAAV?$_Compressed_pair@V?$allocator@U?$_Tree_node@U?$pair@$$CBV?$basic_string@DU?$char_traits@D@std@@V?$allocator@D@2@@std@@UACCOUNT_INFO@@@std@@PAX@std@@@std@@V?$_Tree_val@U?$_Tree_simple_types@U?$pair@$$CBV?$basic_string@DU?$char_traits@D@std@@V?$allocator@D@2@@std@@UACCOUNT_INFO@@@std@@@std@@@2@$00@2@XZ 00425420 f i AccountManager.obj
 0002:0000d4b0       ?_Get_second@?$_Compressed_pair@U?$less@V?$basic_string@DU?$char_traits@D@std@@V?$allocator@D@2@@std@@@std@@V?$_Compressed_pair@V?$allocator@U?$_Tree_node@U?$pair@$$CBV?$basic_string@DU?$char_traits@D@std@@V?$allocator@D@2@@std@@UACCOUNT_INFO@@@std@@PAX@std@@@std@@V?$_Tree_val@U?$_Tree_simple_types@U?$pair@$$CBV?$basic_string@DU?$char_traits@D@std@@V?$allocator@D@2@@std@@UACCOUNT_INFO@@@std@@@std@@@2@$00@2@$00@std@@QBEABV?$_Compressed_pair@V?$allocator@U?$_Tree_node@U?$pair@$$CBV?$basic_string@DU?$char_traits@D@std@@V?$allocator@D@2@@std@@UACCOUNT_INFO@@@std@@PAX@std@@@std@@V?$_Tree_val@U?$_Tree_simple_types@U?$pair@$$CBV?$basic_string@DU?$char_traits@D@std@@V?$allocator@D@2@@std@@UACCOUNT_INFO@@@std@@@std@@@2@$00@2@XZ 004254b0 f i AccountManager.obj
 0002:0000d540       ?_Get_second@?$_Compressed_pair@V?$allocator@D@std@@V?$_String_val@U?$_Simple_types@D@std@@@2@$00@std@@QAEAAV?$_String_val@U?$_Simple_types@D@std@@@2@XZ 00425540 f i AccountManager.obj
 0002:0000d5d0       ?_Get_second@?$_Compressed_pair@V?$allocator@D@std@@V?$_String_val@U?$_Simple_types@D@std@@@2@$00@std@@QBEABV?$_String_val@U?$_Simple_types@D@std@@@2@XZ 004255d0 f i AccountManager.obj
 0002:0000d660       ?_Get_second@?$_Compressed_pair@V?$allocator@U?$_Tree_node@U?$pair@$$CBV?$basic_string@DU?$char_traits@D@std@@V?$allocator@D@2@@std@@UACCOUNT_INFO@@@std@@PAX@std@@@std@@V?$_Tree_val@U?$_Tree_simple_types@U?$pair@$$CBV?$basic_string@DU?$char_traits@D@std@@V?$allocator@D@2@@std@@UACCOUNT_INFO@@@std@@@std@@@2@$00@std@@QAEAAV?$_Tree_val@U?$_Tree_simple_types@U?$pair@$$CBV?$basic_string@DU?$char_traits@D@std@@V?$allocator@D@2@@std@@UACCOUNT_INFO@@@std@@@std@@@2@XZ 00425660 f i AccountManager.obj
 0002:0000d6f0       ?_Get_second@?$_Compressed_pair@V?$allocator@U?$_Tree_node@U?$pair@$$CBV?$basic_string@DU?$char_traits@D@std@@V?$allocator@D@2@@std@@UACCOUNT_INFO@@@std@@PAX@std@@@std@@V?$_Tree_val@U?$_Tree_simple_types@U?$pair@$$CBV?$basic_string@DU?$char_traits@D@std@@V?$allocator@D@2@@std@@UACCOUNT_INFO@@@std@@@std@@@2@$00@std@@QBEABV?$_Tree_val@U?$_Tree_simple_types@U?$pair@$$CBV?$basic_string@DU?$char_traits@D@std@@V?$allocator@D@2@@std@@UACCOUNT_INFO@@@std@@@std@@@2@XZ 004256f0 f i AccountManager.obj
 0002:0000d780       ?_Getal@?$_String_alloc@U?$_String_base_types@DV?$allocator@D@std@@@std@@@std@@QAEAAV?$allocator@D@2@XZ 00425780 f i AccountManager.obj
 0002:0000d810       ?_Getal@?$_String_alloc@U?$_String_base_types@DV?$allocator@D@std@@@std@@@std@@QBEABV?$allocator@D@2@XZ 00425810 f i AccountManager.obj
 0002:0000d8a0       ?_Getal@?$_Tree_comp_alloc@V?$_Tmap_traits@V?$basic_string@DU?$char_traits@D@std@@V?$allocator@D@2@@std@@UACCOUNT_INFO@@U?$less@V?$basic_string@DU?$char_traits@D@std@@V?$allocator@D@2@@std@@@2@V?$allocator@U?$pair@$$CBV?$basic_string@DU?$char_traits@D@std@@V?$allocator@D@2@@std@@UACCOUNT_INFO@@@std@@@2@$0A@@std@@@std@@QAEAAV?$allocator@U?$_Tree_node@U?$pair@$$CBV?$basic_string@DU?$char_traits@D@std@@V?$allocator@D@2@@std@@UACCOUNT_INFO@@@std@@PAX@std@@@2@XZ 004258a0 f i AccountManager.obj
 0002:0000d940       ?_Getal@?$_Tree_comp_alloc@V?$_Tmap_traits@V?$basic_string@DU?$char_traits@D@std@@V?$allocator@D@2@@std@@UACCOUNT_INFO@@U?$less@V?$basic_string@DU?$char_traits@D@std@@V?$allocator@D@2@@std@@@2@V?$allocator@U?$pair@$$CBV?$basic_string@DU?$char_traits@D@std@@V?$allocator@D@2@@std@@UACCOUNT_INFO@@@std@@@2@$0A@@std@@@std@@QBEABV?$allocator@U?$_Tree_node@U?$pair@$$CBV?$basic_string@DU?$char_traits@D@std@@V?$allocator@D@2@@std@@UACCOUNT_INFO@@@std@@PAX@std@@@2@XZ 00425940 f i AccountManager.obj
 0002:0000d9e0       ?_Getcomp@?$_Tree_comp_alloc@V?$_Tmap_traits@V?$basic_string@DU?$char_traits@D@std@@V?$allocator@D@2@@std@@UACCOUNT_INFO@@U?$less@V?$basic_string@DU?$char_traits@D@std@@V?$allocator@D@2@@std@@@2@V?$allocator@U?$pair@$$CBV?$basic_string@DU?$char_traits@D@std@@V?$allocator@D@2@@std@@UACCOUNT_INFO@@@std@@@2@$0A@@std@@@std@@QAEAAU?$less@V?$basic_string@DU?$char_traits@D@std@@V?$allocator@D@2@@std@@@2@XZ 004259e0 f i AccountManager.obj
 0002:0000da70       ?_Getcomp@?$_Tree_comp_alloc@V?$_Tmap_traits@V?$basic_string@DU?$char_traits@D@std@@V?$allocator@D@2@@std@@UACCOUNT_INFO@@U?$less@V?$basic_string@DU?$char_traits@D@std@@V?$allocator@D@2@@std@@@2@V?$allocator@U?$pair@$$CBV?$basic_string@DU?$char_traits@D@std@@V?$allocator@D@2@@std@@UACCOUNT_INFO@@@std@@@2@$0A@@std@@@std@@QBEABU?$less@V?$basic_string@DU?$char_traits@D@std@@V?$allocator@D@2@@std@@@2@XZ 00425a70 f i AccountManager.obj
 0002:0000db00       ?_Getcont@_Iterator_base12@std@@QBEPBU_Container_base12@2@XZ 00425b00 f i AccountManager.obj
 0002:0000dbc0       ?_Getpfirst@?$_Tree_comp_alloc@V?$_Tmap_traits@V?$basic_string@DU?$char_traits@D@std@@V?$allocator@D@2@@std@@UACCOUNT_INFO@@U?$less@V?$basic_string@DU?$char_traits@D@std@@V?$allocator@D@2@@std@@@2@V?$allocator@U?$pair@$$CBV?$basic_string@DU?$char_traits@D@std@@V?$allocator@D@2@@std@@UACCOUNT_INFO@@@std@@@2@$0A@@std@@@std@@QBEPAPAU_Iterator_base12@2@XZ 00425bc0 f i AccountManager.obj
 0002:0000dc30       ?_Getpfirst@_Container_base12@std@@QBEPAPAU_Iterator_base12@2@XZ 00425c30 f i AccountManager.obj
 0002:0000dcf0       ?_Getpnext@_Iterator_base12@std@@QAEPAPAU12@XZ 00425cf0 f i AccountManager.obj
 0002:0000dd80       ?_Key@?$_Tree@V?$_Tmap_traits@V?$basic_string@DU?$char_traits@D@std@@V?$allocator@D@2@@std@@UACCOUNT_INFO@@U?$less@V?$basic_string@DU?$char_traits@D@std@@V?$allocator@D@2@@std@@@2@V?$allocator@U?$pair@$$CBV?$basic_string@DU?$char_traits@D@std@@V?$allocator@D@2@@std@@UACCOUNT_INFO@@@std@@@2@$0A@@std@@@std@@IBEABV?$basic_string@DU?$char_traits@D@std@@V?$allocator@D@2@@2@PAU?$_Tree_node@U?$pair@$$CBV?$basic_string@DU?$char_traits@D@std@@V?$allocator@D@2@@std@@UACCOUNT_INFO@@@std@@PAX@2@@Z 00425d80 f i AccountManager.obj
 0002:0000ddf0       ?_Kfn@?$_Tree@V?$_Tmap_traits@V?$basic_string@DU?$char_traits@D@std@@V?$allocator@D@2@@std@@UACCOUNT_INFO@@U?$less@V?$basic_string@DU?$char_traits@D@std@@V?$allocator@D@2@@std@@@2@V?$allocator@U?$pair@$$CBV?$basic_string@DU?$char_traits@D@std@@V?$allocator@D@2@@std@@UACCOUNT_INFO@@@std@@@2@$0A@@std@@@std@@IBEABV?$basic_string@DU?$char_traits@D@std@@V?$allocator@D@2@@2@ABU?$pair@$$CBV?$basic_string@DU?$char_traits@D@std@@V?$allocator@D@2@@std@@UACCOUNT_INFO@@@2@@Z 00425df0 f i AccountManager.obj
 0002:0000de60       ?_Large_string_engaged@?$_String_val@U?$_Simple_types@D@std@@@std@@QBE_NXZ 00425e60 f i AccountManager.obj
 0002:0000dee0       ?_Lmost@?$_Tree_val@U?$_Tree_simple_types@U?$pair@$$CBV?$basic_string@DU?$char_traits@D@std@@V?$allocator@D@2@@std@@UACCOUNT_INFO@@@std@@@std@@@std@@QBEAAPAU?$_Tree_node@U?$pair@$$CBV?$basic_string@DU?$char_traits@D@std@@V?$allocator@D@2@@std@@UACCOUNT_INFO@@@std@@PAX@2@XZ 00425ee0 f i AccountManager.obj
 0002:0000df40       ?_Lrotate@?$_Tree_val@U?$_Tree_simple_types@U?$pair@$$CBV?$basic_string@DU?$char_traits@D@std@@V?$allocator@D@2@@std@@UACCOUNT_INFO@@@std@@@std@@@std@@QAEXPAU?$_Tree_node@U?$pair@$$CBV?$basic_string@DU?$char_traits@D@std@@V?$allocator@D@2@@std@@UACCOUNT_INFO@@@std@@PAX@2@@Z 00425f40 f i AccountManager.obj
 0002:0000e050       ?_Max@?$_Tree_val@U?$_Tree_simple_types@U?$pair@$$CBV?$basic_string@DU?$char_traits@D@std@@V?$allocator@D@2@@std@@UACCOUNT_INFO@@@std@@@std@@@std@@SAPAU?$_Tree_node@U?$pair@$$CBV?$basic_string@DU?$char_traits@D@std@@V?$allocator@D@2@@std@@UACCOUNT_INFO@@@std@@PAX@2@PAU32@@Z 00426050 f i AccountManager.obj
 0002:0000e0c0       ?_Min@?$_Tree_val@U?$_Tree_simple_types@U?$pair@$$CBV?$basic_string@DU?$char_traits@D@std@@V?$allocator@D@2@@std@@UACCOUNT_INFO@@@std@@@std@@@std@@SAPAU?$_Tree_node@U?$pair@$$CBV?$basic_string@DU?$char_traits@D@std@@V?$allocator@D@2@@std@@UACCOUNT_INFO@@@std@@PAX@2@PAU32@@Z 004260c0 f i AccountManager.obj
 0002:0000e130       ?_Myproxy@?$_String_alloc@U?$_String_base_types@DV?$allocator@D@std@@@std@@@std@@QAEAAPAU_Container_proxy@2@XZ 00426130 f i AccountManager.obj
 0002:0000e1c0       ?_Myproxy@?$_Tree_comp_alloc@V?$_Tmap_traits@V?$basic_string@DU?$char_traits@D@std@@V?$allocator@D@2@@std@@UACCOUNT_INFO@@U?$less@V?$basic_string@DU?$char_traits@D@std@@V?$allocator@D@2@@std@@@2@V?$allocator@U?$pair@$$CBV?$basic_string@DU?$char_traits@D@std@@V?$allocator@D@2@@std@@UACCOUNT_INFO@@@std@@@2@$0A@@std@@@std@@QAEAAPAU_Container_proxy@2@XZ 004261c0 f i AccountManager.obj
 0002:0000e250       ?_Myptr@?$_String_val@U?$_Simple_types@D@std@@@std@@QAEPADXZ 00426250 f i AccountManager.obj
 0002:0000e2e0       ?_Myptr@?$_String_val@U?$_Simple_types@D@std@@@std@@QBEPBDXZ 004262e0 f i AccountManager.obj
 0002:0000e370       ?_Orphan_all@?$_String_alloc@U?$_String_base_types@DV?$allocator@D@std@@@std@@@std@@QAEXXZ 00426370 f i AccountManager.obj
 0002:0000e3e0       ?_Orphan_all@?$_Tree_comp_alloc@V?$_Tmap_traits@V?$basic_string@DU?$char_traits@D@std@@V?$allocator@D@2@@std@@UACCOUNT_INFO@@U?$less@V?$basic_string@DU?$char_traits@D@std@@V?$allocator@D@2@@std@@@2@V?$allocator@U?$pair@$$CBV?$basic_string@DU?$char_traits@D@std@@V?$allocator@D@2@@std@@UACCOUNT_INFO@@@std@@@2@$0A@@std@@@std@@QAEXXZ 004263e0 f i AccountManager.obj
 0002:0000e450       ?_Orphan_all@_Container_base12@std@@QAEXXZ 00426450 f i AccountManager.obj
 0002:0000e5a0       ?_Orphan_me@_Iterator_base12@std@@QAEXXZ 004265a0 f i AccountManager.obj
 0002:0000e710       ?_Orphan_ptr@?$_Tree@V?$_Tmap_traits@V?$basic_string@DU?$char_traits@D@std@@V?$allocator@D@2@@std@@UACCOUNT_INFO@@U?$less@V?$basic_string@DU?$char_traits@D@std@@V?$allocator@D@2@@std@@@2@V?$allocator@U?$pair@$$CBV?$basic_string@DU?$char_traits@D@std@@V?$allocator@D@2@@std@@UACCOUNT_INFO@@@std@@@2@$0A@@std@@@std@@IAEXPAU?$_Tree_node@U?$pair@$$CBV?$basic_string@DU?$char_traits@D@std@@V?$allocator@D@2@@std@@UACCOUNT_INFO@@@std@@PAX@2@@Z 00426710 f i AccountManager.obj
 0002:0000e8a0       ?_Rmost@?$_Tree_val@U?$_Tree_simple_types@U?$pair@$$CBV?$basic_string@DU?$char_traits@D@std@@V?$allocator@D@2@@std@@UACCOUNT_INFO@@@std@@@std@@@std@@QBEAAPAU?$_Tree_node@U?$pair@$$CBV?$basic_string@DU?$char_traits@D@std@@V?$allocator@D@2@@std@@UACCOUNT_INFO@@@std@@PAX@2@XZ 004268a0 f i AccountManager.obj
 0002:0000e900       ?_Root@?$_Tree_val@U?$_Tree_simple_types@U?$pair@$$CBV?$basic_string@DU?$char_traits@D@std@@V?$allocator@D@2@@std@@UACCOUNT_INFO@@@std@@@std@@@std@@QBEAAPAU?$_Tree_node@U?$pair@$$CBV?$basic_string@DU?$char_traits@D@std@@V?$allocator@D@2@@std@@UACCOUNT_INFO@@@std@@PAX@2@XZ 00426900 f i AccountManager.obj
 0002:0000e960       ?_Rrotate@?$_Tree_val@U?$_Tree_simple_types@U?$pair@$$CBV?$basic_string@DU?$char_traits@D@std@@V?$allocator@D@2@@std@@UACCOUNT_INFO@@@std@@@std@@@std@@QAEXPAU?$_Tree_node@U?$pair@$$CBV?$basic_string@DU?$char_traits@D@std@@V?$allocator@D@2@@std@@UACCOUNT_INFO@@@std@@PAX@2@@Z 00426960 f i AccountManager.obj
 0002:0000ea70       ?_Seek_to@?$_String_const_iterator@V?$_String_val@U?$_Simple_types@D@std@@@std@@@std@@QAEXPBD@Z 00426a70 f i AccountManager.obj
 0002:0000ead0       ?_Swap_all@?$_String_alloc@U?$_String_base_types@DV?$allocator@D@std@@@std@@@std@@QAEXAAV12@@Z 00426ad0 f i AccountManager.obj
 0002:0000eb50       ?_Swap_all@_Container_base12@std@@QAEXAAU12@@Z 00426b50 f i AccountManager.obj
 0002:0000ec90       ?_Tidy@?$_Tree@V?$_Tmap_traits@V?$basic_string@DU?$char_traits@D@std@@V?$allocator@D@2@@std@@UACCOUNT_INFO@@U?$less@V?$basic_string@DU?$char_traits@D@std@@V?$allocator@D@2@@std@@@2@V?$allocator@U?$pair@$$CBV?$basic_string@DU?$char_traits@D@std@@V?$allocator@D@2@@std@@UACCOUNT_INFO@@@std@@@2@$0A@@std@@@std@@IAEXXZ 00426c90 f i AccountManager.obj
 0002:0000ee10       ?_Tidy_deallocate@?$basic_string@DU?$char_traits@D@std@@V?$allocator@D@2@@std@@QAEXXZ 00426e10 f i AccountManager.obj
 0002:0000ef30       ?_Tidy_init@?$basic_string@DU?$char_traits@D@std@@V?$allocator@D@2@@std@@QAEXXZ 00426f30 f i AccountManager.obj
 0002:0000efe0       ?_Unwrapped@?$_String_iterator@V?$_String_val@U?$_Simple_types@D@std@@@std@@@std@@QBEPADXZ 00426fe0 f i AccountManager.obj
 0002:0000f050       ?_Verify_offset@?$_String_const_iterator@V?$_String_val@U?$_Simple_types@D@std@@@std@@@std@@QBEXH@Z 00427050 f i AccountManager.obj
 0002:0000f350       ?_Verify_range@std@@YAXABV?$_String_const_iterator@V?$_String_val@U?$_Simple_types@D@std@@@std@@@1@0@Z 00427350 f i AccountManager.obj
 0002:0000f4c0       ?_Xlen@?$basic_string@DU?$char_traits@D@std@@V?$allocator@D@2@@std@@SAXXZ 004274c0 f i AccountManager.obj
 0002:0000f520       ?__empty_global_delete@@YAXPAX@Z 00427520 f i AccountManager.obj
 0002:0000f570       ?__empty_global_delete@@YAXPAXI@Z 00427570 f i AccountManager.obj
 0002:0000f5c0       ?allocate@?$allocator@D@std@@QAEPADI@Z 004275c0 f i AccountManager.obj
 0002:0000f630       ?allocate@?$allocator@U?$_Tree_node@U?$pair@$$CBV?$basic_string@DU?$char_traits@D@std@@V?$allocator@D@2@@std@@UACCOUNT_INFO@@@std@@PAX@std@@@std@@QAEPAU?$_Tree_node@U?$pair@$$CBV?$basic_string@DU?$char_traits@D@std@@V?$allocator@D@2@@std@@UACCOUNT_INFO@@@std@@PAX@2@I@Z 00427630 f i AccountManager.obj
 0002:0000f6a0       ?allocate@?$allocator@U_Container_proxy@std@@@std@@QAEPAU_Container_proxy@2@I@Z 004276a0 f i AccountManager.obj
 0002:0000f710       ?assign@?$basic_string@DU?$char_traits@D@std@@V?$allocator@D@2@@std@@QAEAAV12@QBD@Z 00427710 f i AccountManager.obj
 0002:0000f790       ?assign@?$basic_string@DU?$char_traits@D@std@@V?$allocator@D@2@@std@@QAEAAV12@QBDI@Z 00427790 f i AccountManager.obj
 0002:0000f890       ?assign@?$char_traits@D@std@@SAXAADABD@Z 00427890 f i AccountManager.obj
 0002:0000f920       ?begin@?$_Tree@V?$_Tmap_traits@V?$basic_string@DU?$char_traits@D@std@@V?$allocator@D@2@@std@@UACCOUNT_INFO@@U?$less@V?$basic_string@DU?$char_traits@D@std@@V?$allocator@D@2@@std@@@2@V?$allocator@U?$pair@$$CBV?$basic_string@DU?$char_traits@D@std@@V?$allocator@D@2@@std@@UACCOUNT_INFO@@@std@@@2@$0A@@std@@@std@@QAE?AV?$_Tree_iterator@V?$_Tree_val@U?$_Tree_simple_types@U?$pair@$$CBV?$basic_string@DU?$char_traits@D@std@@V?$allocator@D@2@@std@@UACCOUNT_INFO@@@std@@@std@@@std@@@2@XZ 00427920 f i AccountManager.obj
 0002:0000f9f0       ?begin@?$basic_string@DU?$char_traits@D@std@@V?$allocator@D@2@@std@@QAE?AV?$_String_iterator@V?$_String_val@U?$_Simple_types@D@std@@@std@@@2@XZ 004279f0 f i AccountManager.obj
 0002:0000fac0       ?clear@?$_Tree@V?$_Tmap_traits@V?$basic_string@DU?$char_traits@D@std@@V?$allocator@D@2@@std@@UACCOUNT_INFO@@U?$less@V?$basic_string@DU?$char_traits@D@std@@V?$allocator@D@2@@std@@@2@V?$allocator@U?$pair@$$CBV?$basic_string@DU?$char_traits@D@std@@V?$allocator@D@2@@std@@UACCOUNT_INFO@@@std@@@2@$0A@@std@@@std@@QAEXXZ 00427ac0 f i AccountManager.obj
 0002:0000fbc0       ?compare@?$basic_string@DU?$char_traits@D@std@@V?$allocator@D@2@@std@@QBEHABV12@@Z 00427bc0 f i AccountManager.obj
 0002:0000fca0       ?compare@?$char_traits@D@std@@SAHQBD0I@Z 00427ca0 f i AccountManager.obj
 0002:0000fd40       ?copy@?$char_traits@D@std@@SAPADQADQBDI@Z 00427d40 f i AccountManager.obj
 0002:0000fde0       ?deallocate@?$_Default_allocator_traits@V?$allocator@U?$_Tree_node@U?$pair@$$CBV?$basic_string@DU?$char_traits@D@std@@V?$allocator@D@2@@std@@UACCOUNT_INFO@@@std@@PAX@std@@@std@@@std@@SAXAAV?$allocator@U?$_Tree_node@U?$pair@$$CBV?$basic_string@DU?$char_traits@D@std@@V?$allocator@D@2@@std@@UACCOUNT_INFO@@@std@@PAX@std@@@2@QAU?$_Tree_node@U?$pair@$$CBV?$basic_string@DU?$char_traits@D@std@@V?$allocator@D@2@@std@@UACCOUNT_INFO@@@std@@PAX@2@I@Z 00427de0 f i AccountManager.obj
 0002:0000fe40       ?deallocate@?$_Default_allocator_traits@V?$allocator@U_Container_proxy@std@@@std@@@std@@SAXAAV?$allocator@U_Container_proxy@std@@@2@QAU_Container_proxy@2@I@Z 00427e40 f i AccountManager.obj
 0002:0000feb0       ?deallocate@?$allocator@D@std@@QAEXQADI@Z 00427eb0 f i AccountManager.obj
 0002:0000ff20       ?deallocate@?$allocator@U?$_Tree_node@U?$pair@$$CBV?$basic_string@DU?$char_traits@D@std@@V?$allocator@D@2@@std@@UACCOUNT_INFO@@@std@@PAX@std@@@std@@QAEXQAU?$_Tree_node@U?$pair@$$CBV?$basic_string@DU?$char_traits@D@std@@V?$allocator@D@2@@std@@UACCOUNT_INFO@@@std@@PAX@2@I@Z 00427f20 f i AccountManager.obj
 0002:0000ff90       ?end@?$_Tree@V?$_Tmap_traits@V?$basic_string@DU?$char_traits@D@std@@V?$allocator@D@2@@std@@UACCOUNT_INFO@@U?$less@V?$basic_string@DU?$char_traits@D@std@@V?$allocator@D@2@@std@@@2@V?$allocator@U?$pair@$$CBV?$basic_string@DU?$char_traits@D@std@@V?$allocator@D@2@@std@@UACCOUNT_INFO@@@std@@@2@$0A@@std@@@std@@QAE?AV?$_Tree_iterator@V?$_Tree_val@U?$_Tree_simple_types@U?$pair@$$CBV?$basic_string@DU?$char_traits@D@std@@V?$allocator@D@2@@std@@UACCOUNT_INFO@@@std@@@std@@@std@@@2@XZ 00427f90 f i AccountManager.obj
 0002:00010050       ?end@?$basic_string@DU?$char_traits@D@std@@V?$allocator@D@2@@std@@QAE?AV?$_String_iterator@V?$_String_val@U?$_Simple_types@D@std@@@std@@@2@XZ 00428050 f i AccountManager.obj
 0002:00010130       ?erase@?$_Tree@V?$_Tmap_traits@V?$basic_string@DU?$char_traits@D@std@@V?$allocator@D@2@@std@@UACCOUNT_INFO@@U?$less@V?$basic_string@DU?$char_traits@D@std@@V?$allocator@D@2@@std@@@2@V?$allocator@U?$pair@$$CBV?$basic_string@DU?$char_traits@D@std@@V?$allocator@D@2@@std@@UACCOUNT_INFO@@@std@@@2@$0A@@std@@@std@@QAE?AV?$_Tree_iterator@V?$_Tree_val@U?$_Tree_simple_types@U?$pair@$$CBV?$basic_string@DU?$char_traits@D@std@@V?$allocator@D@2@@std@@UACCOUNT_INFO@@@std@@@std@@@std@@@2@V?$_Tree_const_iterator@V?$_Tree_val@U?$_Tree_simple_types@U?$pair@$$CBV?$basic_string@DU?$char_traits@D@std@@V?$allocator@D@2@@std@@UACCOUNT_INFO@@@std@@@std@@@std@@@2@0@Z 00428130 f i AccountManager.obj
 0002:00010460       ?erase@?$_Tree@V?$_Tmap_traits@V?$basic_string@DU?$char_traits@D@std@@V?$allocator@D@2@@std@@UACCOUNT_INFO@@U?$less@V?$basic_string@DU?$char_traits@D@std@@V?$allocator@D@2@@std@@@2@V?$allocator@U?$pair@$$CBV?$basic_string@DU?$char_traits@D@std@@V?$allocator@D@2@@std@@UACCOUNT_INFO@@@std@@@2@$0A@@std@@@std@@QAE?AV?$_Tree_iterator@V?$_Tree_val@U?$_Tree_simple_types@U?$pair@$$CBV?$basic_string@DU?$char_traits@D@std@@V?$allocator@D@2@@std@@UACCOUNT_INFO@@@std@@@std@@@std@@@2@V?$_Tree_const_iterator@V?$_Tree_val@U?$_Tree_simple_types@U?$pair@$$CBV?$basic_string@DU?$char_traits@D@std@@V?$allocator@D@2@@std@@UACCOUNT_INFO@@@std@@@std@@@std@@@2@@Z 00428460 f i AccountManager.obj
 0002:00010700       ?find@?$_Tree@V?$_Tmap_traits@V?$basic_string@DU?$char_traits@D@std@@V?$allocator@D@2@@std@@UACCOUNT_INFO@@U?$less@V?$basic_string@DU?$char_traits@D@std@@V?$allocator@D@2@@std@@@2@V?$allocator@U?$pair@$$CBV?$basic_string@DU?$char_traits@D@std@@V?$allocator@D@2@@std@@UACCOUNT_INFO@@@std@@@2@$0A@@std@@@std@@QAE?AV?$_Tree_iterator@V?$_Tree_val@U?$_Tree_simple_types@U?$pair@$$CBV?$basic_string@DU?$char_traits@D@std@@V?$allocator@D@2@@std@@UACCOUNT_INFO@@@std@@@std@@@std@@@2@ABV?$basic_string@DU?$char_traits@D@std@@V?$allocator@D@2@@2@@Z 00428700 f i AccountManager.obj
 0002:000109c0       ?length@?$char_traits@D@std@@SAIQBD@Z 004289c0 f i AccountManager.obj
 0002:00010a50       ?lower_bound@?$_Tree@V?$_Tmap_traits@V?$basic_string@DU?$char_traits@D@std@@V?$allocator@D@2@@std@@UACCOUNT_INFO@@U?$less@V?$basic_string@DU?$char_traits@D@std@@V?$allocator@D@2@@std@@@2@V?$allocator@U?$pair@$$CBV?$basic_string@DU?$char_traits@D@std@@V?$allocator@D@2@@std@@UACCOUNT_INFO@@@std@@@2@$0A@@std@@@std@@QAE?AV?$_Tree_iterator@V?$_Tree_val@U?$_Tree_simple_types@U?$pair@$$CBV?$basic_string@DU?$char_traits@D@std@@V?$allocator@D@2@@std@@UACCOUNT_INFO@@@std@@@std@@@std@@@2@ABV?$basic_string@DU?$char_traits@D@std@@V?$allocator@D@2@@2@@Z 00428a50 f i AccountManager.obj
 0002:00010b00       ?max@?$numeric_limits@H@std@@SAHXZ 00428b00 f i AccountManager.obj
 0002:00010b90       ?max_size@?$_Default_allocator_traits@V?$allocator@D@std@@@std@@SAIABV?$allocator@D@2@@Z 00428b90 f i AccountManager.obj
 0002:00010c20       ?max_size@?$_Default_allocator_traits@V?$allocator@U?$_Tree_node@U?$pair@$$CBV?$basic_string@DU?$char_traits@D@std@@V?$allocator@D@2@@std@@UACCOUNT_INFO@@@std@@PAX@std@@@std@@@std@@SAIABV?$allocator@U?$_Tree_node@U?$pair@$$CBV?$basic_string@DU?$char_traits@D@std@@V?$allocator@D@2@@std@@UACCOUNT_INFO@@@std@@PAX@std@@@2@@Z 00428c20 f i AccountManager.obj
 0002:00010cb0       ?max_size@?$_Tree@V?$_Tmap_traits@V?$basic_string@DU?$char_traits@D@std@@V?$allocator@D@2@@std@@UACCOUNT_INFO@@U?$less@V?$basic_string@DU?$char_traits@D@std@@V?$allocator@D@2@@std@@@2@V?$allocator@U?$pair@$$CBV?$basic_string@DU?$char_traits@D@std@@V?$allocator@D@2@@std@@UACCOUNT_INFO@@@std@@@2@$0A@@std@@@std@@QBEIXZ 00428cb0 f i AccountManager.obj
 0002:00010d50       ?max_size@?$basic_string@DU?$char_traits@D@std@@V?$allocator@D@2@@std@@QBEIXZ 00428d50 f i AccountManager.obj
 0002:00010ea0       ?move@?$char_traits@D@std@@SAPADQADQBDI@Z 00428ea0 f i AccountManager.obj
 0002:00010f40       ?pointer_to@?$pointer_traits@PAU?$pair@$$CBV?$basic_string@DU?$char_traits@D@std@@V?$allocator@D@2@@std@@UACCOUNT_INFO@@@std@@@std@@SAPAU?$pair@$$CBV?$basic_string@DU?$char_traits@D@std@@V?$allocator@D@2@@std@@UACCOUNT_INFO@@@2@AAU32@@Z 00428f40 f i AccountManager.obj
 0002:00010fa0       ?select_on_container_copy_construction@?$_Default_allocator_traits@V?$allocator@D@std@@@std@@SA?AV?$allocator@D@2@ABV32@@Z 00428fa0 f i AccountManager.obj
 0002:00010ff0       ?size@?$_Tree@V?$_Tmap_traits@V?$basic_string@DU?$char_traits@D@std@@V?$allocator@D@2@@std@@UACCOUNT_INFO@@U?$less@V?$basic_string@DU?$char_traits@D@std@@V?$allocator@D@2@@std@@@2@V?$allocator@U?$pair@$$CBV?$basic_string@DU?$char_traits@D@std@@V?$allocator@D@2@@std@@UACCOUNT_INFO@@@std@@@2@$0A@@std@@@std@@QBEIXZ 00428ff0 f i AccountManager.obj
 0002:00011090       __JustMyCode_Default       00429090 f i AccountManager.obj
 0002:000110a0       ??$?0$$V@?$_Compressed_pair@V?$allocator@U?$_Tree_node@U?$pair@$$CBV?$basic_string@DU?$char_traits@D@std@@V?$allocator@D@2@@std@@UALLOWABLE_IP_INFO@@@std@@PAX@std@@@std@@V?$_Tree_val@U?$_Tree_simple_types@U?$pair@$$CBV?$basic_string@DU?$char_traits@D@std@@V?$allocator@D@2@@std@@UALLOWABLE_IP_INFO@@@std@@@std@@@2@$00@std@@QAE@U_Zero_then_variadic_args_t@1@@Z 004290a0 f i AllowableIpList.obj
 0002:00011110       ??$?0AAV?$_Tree_iterator@V?$_Tree_val@U?$_Tree_simple_types@U?$pair@$$CBV?$basic_string@DU?$char_traits@D@std@@V?$allocator@D@2@@std@@UALLOWABLE_IP_INFO@@@std@@@std@@@std@@@std@@_N$0A@@?$pair@V?$_Tree_iterator@V?$_Tree_val@U?$_Tree_simple_types@U?$pair@$$CBV?$basic_string@DU?$char_traits@D@std@@V?$allocator@D@2@@std@@UALLOWABLE_IP_INFO@@@std@@@std@@@std@@@std@@_N@std@@QAE@AAV?$_Tree_iterator@V?$_Tree_val@U?$_Tree_simple_types@U?$pair@$$CBV?$basic_string@DU?$char_traits@D@std@@V?$allocator@D@2@@std@@UALLOWABLE_IP_INFO@@@std@@@std@@@std@@@1@$$QA_N@Z 00429110 f i AllowableIpList.obj
 0002:000111d0       ??$?0ABU?$less@V?$basic_string@DU?$char_traits@D@std@@V?$allocator@D@2@@std@@@std@@U_Zero_then_variadic_args_t@1@@?$_Compressed_pair@U?$less@V?$basic_string@DU?$char_traits@D@std@@V?$allocator@D@2@@std@@@std@@V?$_Compressed_pair@V?$allocator@U?$_Tree_node@U?$pair@$$CBV?$basic_string@DU?$char_traits@D@std@@V?$allocator@D@2@@std@@UALLOWABLE_IP_INFO@@@std@@PAX@std@@@std@@V?$_Tree_val@U?$_Tree_simple_types@U?$pair@$$CBV?$basic_string@DU?$char_traits@D@std@@V?$allocator@D@2@@std@@UALLOWABLE_IP_INFO@@@std@@@std@@@2@$00@2@$00@std@@QAE@U_One_then_variadic_args_t@1@ABU?$less@V?$basic_string@DU?$char_traits@D@std@@V?$allocator@D@2@@std@@@1@$$QAU_Zero_then_variadic_args_t@1@@Z 004291d0 f i AllowableIpList.obj
 0002:00011260       ??$?0U?$_Tree_node@U?$pair@$$CBV?$basic_string@DU?$char_traits@D@std@@V?$allocator@D@2@@std@@UALLOWABLE_IP_INFO@@@std@@PAX@std@@@?$allocator@U_Container_proxy@std@@@std@@QAE@ABV?$allocator@U?$_Tree_node@U?$pair@$$CBV?$basic_string@DU?$char_traits@D@std@@V?$allocator@D@2@@std@@UALLOWABLE_IP_INFO@@@std@@PAX@std@@@1@@Z 00429260 f i AllowableIpList.obj
 0002:000112f0       ??$?0V?$_Tree_iterator@V?$_Tree_val@U?$_Tree_simple_types@U?$pair@$$CBV?$basic_string@DU?$char_traits@D@std@@V?$allocator@D@2@@std@@UALLOWABLE_IP_INFO@@@std@@@std@@@std@@@std@@_N$0A@@?$pair@V?$_Tree_iterator@V?$_Tree_val@U?$_Tree_simple_types@U?$pair@$$CBV?$basic_string@DU?$char_traits@D@std@@V?$allocator@D@2@@std@@UALLOWABLE_IP_INFO@@@std@@@std@@@std@@@std@@_N@std@@QAE@$$QAV?$_Tree_iterator@V?$_Tree_val@U?$_Tree_simple_types@U?$pair@$$CBV?$basic_string@DU?$char_traits@D@std@@V?$allocator@D@2@@std@@UALLOWABLE_IP_INFO@@@std@@@std@@@std@@@1@$$QA_N@Z 004292f0 f i AllowableIpList.obj
 0002:000113b0       ??$?0V?$basic_string@DU?$char_traits@D@std@@V?$allocator@D@2@@std@@AAUALLOWABLE_IP_INFO@@$0A@@?$pair@V?$basic_string@DU?$char_traits@D@std@@V?$allocator@D@2@@std@@UALLOWABLE_IP_INFO@@@std@@QAE@$$QAV?$basic_string@DU?$char_traits@D@std@@V?$allocator@D@2@@1@AAUALLOWABLE_IP_INFO@@@Z 004293b0 f i AllowableIpList.obj
 0002:00011480       ??$?0V?$basic_string@DU?$char_traits@D@std@@V?$allocator@D@2@@std@@UALLOWABLE_IP_INFO@@$0A@@?$pair@$$CBV?$basic_string@DU?$char_traits@D@std@@V?$allocator@D@2@@std@@UALLOWABLE_IP_INFO@@@std@@QAE@$$QAU?$pair@V?$basic_string@DU?$char_traits@D@std@@V?$allocator@D@2@@std@@UALLOWABLE_IP_INFO@@@1@@Z 00429480 f i AllowableIpList.obj
 0002:00011550       ??$_Buy_if_not_node@AAU?$pair@$$CBV?$basic_string@DU?$char_traits@D@std@@V?$allocator@D@2@@std@@UALLOWABLE_IP_INFO@@@std@@@?$_Tree@V?$_Tmap_traits@V?$basic_string@DU?$char_traits@D@std@@V?$allocator@D@2@@std@@UALLOWABLE_IP_INFO@@U?$less@V?$basic_string@DU?$char_traits@D@std@@V?$allocator@D@2@@std@@@2@V?$allocator@U?$pair@$$CBV?$basic_string@DU?$char_traits@D@std@@V?$allocator@D@2@@std@@UALLOWABLE_IP_INFO@@@std@@@2@$0A@@std@@@std@@IAEPAU?$_Tree_node@U?$pair@$$CBV?$basic_string@DU?$char_traits@D@std@@V?$allocator@D@2@@std@@UALLOWABLE_IP_INFO@@@std@@PAX@1@PAU21@AAU?$pair@$$CBV?$basic_string@DU?$char_traits@D@std@@V?$allocator@D@2@@std@@UALLOWABLE_IP_INFO@@@1@@Z 00429550 f i AllowableIpList.obj
[...]
 0004:00104d08       ?mspdb@@3PAUHINSTANCE__@@A 0055ed08     MSVCRTD:pdblkup.obj
 0004:00104d0c       ?alreadyTried@?1??GetPdbDll@@YAPAUHINSTANCE__@@XZ@4_NA 0055ed0c     MSVCRTD:pdblkup.obj
 0004:00104d0d       ?PDBOK@?1??_RTC_GetSrcLine@@YAHPAEPA_WKPAH1K@Z@4_NA 0055ed0d     MSVCRTD:pdblkup.obj
 0005:00000d54       .idata$6                   0055fd54     User32:USER32.dll
 0005:00000dd8       .idata$6                   0055fdd8     Gdi32:GDI32.dll
 0005:00000de2       .idata$6                   0055fde2     odbc32:ODBC32.dll
 0005:000012f6       .idata$6                   005602f6     msvcprtd:MSVCP140D.dll
 0005:00001318       .idata$6                   00560318     dbghelp:dbghelp.dll
 0005:00001378       .idata$6                   00560378     ws2_32:WS2_32.dll
 0005:00001776       .idata$6                   00560776     kernel32:KERNEL32.dll
 0005:00001892       .idata$6                   00560892     vcruntimed:VCRUNTIME140D.dll
 0005:00001c6a       .idata$6                   00560c6a     ucrtd:ucrtbased.dll
 0006:00000000       __28347C59_stdafx@h        00561000     AccountManager.obj
 0006:00000001       __109396B6_joinserver@pch  00561001     AccountManager.obj
 0006:00000002       __72225C6E_algorithm       00561002     AccountManager.obj
 0006:00000003       __151D0B64_map             00561003     AccountManager.obj
 0006:00000004       __7F520332_xtree           00561004     AccountManager.obj
 0006:00000005       __41A51415_stdafx@cpp      00561005     AccountManager.obj
 0006:00000006       __532AAD06_limits          00561006     AccountManager.obj
 0006:00000007       __14067E4E_utility         00561007     AccountManager.obj
 0006:00000008       __0A409B11_xstring         00561008     AccountManager.obj
 0006:00000009       __CA6DF041_vcruntime_new@h 00561009     AccountManager.obj
 0006:0000000a       __B8D8FF1A_type_traits     0056100a     AccountManager.obj
 0006:0000000b       __E319E95C_xstddef         0056100b     AccountManager.obj
 0006:0000000c       __B5AE5C2C_xmemory0        0056100c     AccountManager.obj
 0006:0000000d       __9FC37880_iosfwd          0056100d     AccountManager.obj
 0006:0000000e       __64FD9D7D_xutility        0056100e     AccountManager.obj
 0006:0000000f       __5DEE94C3_accountmanager@cpp 0056100f     AccountManager.obj
 0006:00000010       __203B3750_protocoldefines@h 00561010     AccountManager.obj
 0006:00000014       __28347C59_stdafx@h        00561014     AllowableIpList.obj
 0006:00000015       __109396B6_joinserver@pch  00561015     AllowableIpList.obj
 0006:00000016       __79A2551C_string@h        00561016     AllowableIpList.obj
 0006:00000017       __151D0B64_map             00561017     AllowableIpList.obj
 0006:00000018       __7F520332_xtree           00561018     AllowableIpList.obj
 0006:00000019       __41A51415_stdafx@cpp      00561019     AllowableIpList.obj
 0006:0000001a       __532AAD06_limits          0056101a     AllowableIpList.obj
 0006:0000001b       __14067E4E_utility         0056101b     AllowableIpList.obj
 0006:0000001c       __64FD9D7D_xutility        0056101c     AllowableIpList.obj
 0006:0000001d       __0A409B11_xstring         0056101d     AllowableIpList.obj
 0006:0000001e       __CA6DF041_vcruntime_new@h 0056101e     AllowableIpList.obj
 0006:0000001f       __B8D8FF1A_type_traits     0056101f     AllowableIpList.obj
 0006:00000020       __E319E95C_xstddef         00561020     AllowableIpList.obj
 0006:00000021       __B5AE5C2C_xmemory0        00561021     AllowableIpList.obj
 0006:00000022       __9FC37880_iosfwd          00561022     AllowableIpList.obj
 0006:00000023       __AE087AFD_allowableiplist@cpp 00561023     AllowableIpList.obj
 0006:00000027       __28347C59_stdafx@h        00561027     Console.obj
 0006:00000028       __109396B6_joinserver@pch  00561028     Console.obj
 0006:00000029       __532AAD06_limits          00561029     Console.obj
 0006:0000002a       __14067E4E_utility         0056102a     Console.obj
 0006:0000002b       __CA6DF041_vcruntime_new@h 0056102b     Console.obj
 0006:0000002c       __0A409B11_xstring         0056102c     Console.obj
 0006:0000002d       __E319E95C_xstddef         0056102d     Console.obj
 0006:0000002e       __B5AE5C2C_xmemory0        0056102e     Console.obj
 0006:0000002f       __AADEE2DA_system_error    0056102f     Console.obj
 0006:00000030       __11A024E7_stdexcept       00561030     Console.obj
 0006:00000031       __0BAB8DAC_xlocinfo        00561031     Console.obj
 0006:00000032       __5CA8563A_vcruntime_typeinfo@h 00561032     Console.obj
 0006:00000033       __41A51415_stdafx@cpp      00561033     Console.obj
 0006:00000034       __942C9C7D_vcruntime_exception@h 00561034     Console.obj
 0006:00000035       __B8D8FF1A_type_traits     00561035     Console.obj
 0006:00000036       __C3C1F687_xfacet          00561036     Console.obj
 0006:00000037       __EF84A188_memory          00561037     Console.obj
 0006:00000038       __64FD9D7D_xutility        00561038     Console.obj
 0006:00000039       __D57EEF20_xlocale         00561039     Console.obj
 0006:0000003a       __159EDF8C_ios             0056103a     Console.obj
 0006:0000003b       __13009C5B_streambuf       0056103b     Console.obj
 0006:0000003c       __324EFABF_xiosbase        0056103c     Console.obj
 0006:0000003d       __9FC37880_iosfwd          0056103d     Console.obj
 0006:0000003e       __4B2996F1_corecrt_stdio_config@h 0056103e     Console.obj
 0006:0000003f       __2E8BA09D_stdio@h         0056103f     Console.obj
 0006:00000040       __C66E35E4_ostream         00561040     Console.obj
 0006:00000041       __3E0E8F8F_console@h       00561041     Console.obj
 0006:00000042       __B273C310_console@cpp     00561042     Console.obj
 0006:00000048       __28347C59_stdafx@h        00561048     CriticalSection.obj
 0006:00000049       __109396B6_joinserver@pch  00561049     CriticalSection.obj
 0006:0000004a       __68FD1384_criticalsection@cpp 0056104a     CriticalSection.obj
 0006:0000004b       __41A51415_stdafx@cpp      0056104b     CriticalSection.obj
 0006:0000004c       __28347C59_stdafx@h        0056104c     JoinServer.obj
 0006:0000004d       __109396B6_joinserver@pch  0056104d     JoinServer.obj
 0006:0000004e       __CFC4654A_joinserver@cpp  0056104e     JoinServer.obj
 0006:0000004f       __203B3750_protocoldefines@h 0056104f     JoinServer.obj
 0006:00000050       __41A51415_stdafx@cpp      00561050     JoinServer.obj
 0006:00000052       __28347C59_stdafx@h        00561052     JoinServerProtocol.obj
 0006:00000053       __109396B6_joinserver@pch  00561053     JoinServerProtocol.obj
 0006:00000054       __79A2551C_string@h        00561054     JoinServerProtocol.obj
 0006:00000055       __D227E1AD_joinserverprotocol@cpp 00561055     JoinServerProtocol.obj
 0006:00000056       __203B3750_protocoldefines@h 00561056     JoinServerProtocol.obj
 0006:00000057       __41A51415_stdafx@cpp      00561057     JoinServerProtocol.obj
 0006:00000059       __28347C59_stdafx@h        00561059     Log.obj
 0006:0000005a       __109396B6_joinserver@pch  0056105a     Log.obj
 0006:0000005b       __4B2996F1_corecrt_stdio_config@h 0056105b     Log.obj
 0006:0000005c       __2E8BA09D_stdio@h         0056105c     Log.obj
 0006:0000005d       __79A2551C_string@h        0056105d     Log.obj
 0006:0000005e       __ADB9205A_log@h           0056105e     Log.obj
 0006:0000005f       __0855DF84_log@cpp         0056105f     Log.obj
 0006:00000060       __41A51415_stdafx@cpp      00561060     Log.obj
 0006:00000062       __28347C59_stdafx@h        00561062     MD5.obj
 0006:00000063       __109396B6_joinserver@pch  00561063     MD5.obj
 0006:00000064       __AADEE2DA_system_error    00561064     MD5.obj
 0006:00000065       __11A024E7_stdexcept       00561065     MD5.obj
 0006:00000066       __0BAB8DAC_xlocinfo        00561066     MD5.obj
 0006:00000067       __5CA8563A_vcruntime_typeinfo@h 00561067     MD5.obj
 0006:00000068       __942C9C7D_vcruntime_exception@h 00561068     MD5.obj
 0006:00000069       __EF84A188_memory          00561069     MD5.obj
 0006:0000006a       __159EDF8C_ios             0056106a     MD5.obj
 0006:0000006b       __C66E35E4_ostream         0056106b     MD5.obj
 0006:0000006c       __C3C1F687_xfacet          0056106c     MD5.obj
 0006:0000006d       __D57EEF20_xlocale         0056106d     MD5.obj
 0006:0000006e       __532AAD06_limits          0056106e     MD5.obj
 0006:0000006f       __14067E4E_utility         0056106f     MD5.obj
 0006:00000070       __CA6DF041_vcruntime_new@h 00561070     MD5.obj
 0006:00000071       __B8D8FF1A_type_traits     00561071     MD5.obj
 0006:00000072       __E319E95C_xstddef         00561072     MD5.obj
 0006:00000073       __41A51415_stdafx@cpp      00561073     MD5.obj
 0006:00000074       __B5AE5C2C_xmemory0        00561074     MD5.obj
 0006:00000075       __0A409B11_xstring         00561075     MD5.obj
 0006:00000076       __64FD9D7D_xutility        00561076     MD5.obj
 0006:00000077       __13009C5B_streambuf       00561077     MD5.obj
 0006:00000078       __9FC37880_iosfwd          00561078     MD5.obj
 0006:00000079       __A5BE00DE_istream         00561079     MD5.obj
 0006:0000007a       __53F67037_fstream         0056107a     MD5.obj
 0006:0000007b       __324EFABF_xiosbase        0056107b     MD5.obj
 0006:0000007c       __28E07435_md5@h           0056107c     MD5.obj
 0006:0000007d       __8636B858_md5@cpp         0056107d     MD5.obj
 0006:00000083       __28347C59_stdafx@h        00561083     ReadScript.obj
 0006:00000084       __109396B6_joinserver@pch  00561084     ReadScript.obj
 0006:00000085       __79A2551C_string@h        00561085     ReadScript.obj
 0006:00000086       __5A15C56F_readscript@h    00561086     ReadScript.obj
 0006:00000087       __7A04FC69_readscript@cpp  00561087     ReadScript.obj
 0006:00000088       __41A51415_stdafx@cpp      00561088     ReadScript.obj
 0006:0000008a       __28347C59_stdafx@h        0056108a     MiniDump.obj
 0006:0000008b       __109396B6_joinserver@pch  0056108b     MiniDump.obj
 0006:0000008c       __C628686C_minidump@cpp    0056108c     MiniDump.obj
 0006:0000008d       __41A51415_stdafx@cpp      0056108d     MiniDump.obj
 0006:0000008e       __28347C59_stdafx@h        0056108e     QueryManager.obj
 0006:0000008f       __109396B6_joinserver@pch  0056108f     QueryManager.obj
 0006:00000090       __4B2996F1_corecrt_stdio_config@h 00561090     QueryManager.obj
 0006:00000091       __2E8BA09D_stdio@h         00561091     QueryManager.obj
 0006:00000092       __79A2551C_string@h        00561092     QueryManager.obj
 0006:00000093       __963BCB19_querymanager@h  00561093     QueryManager.obj
 0006:00000094       __E4D9C330_querymanager@cpp 00561094     QueryManager.obj
 0006:00000095       __41A51415_stdafx@cpp      00561095     QueryManager.obj
 0006:00000097       __28347C59_stdafx@h        00561097     Queue.obj
 0006:00000098       __109396B6_joinserver@pch  00561098     Queue.obj
 0006:00000099       __7E931D8D_xmemory         00561099     Queue.obj
 0006:0000009a       __14067E4E_utility         0056109a     Queue.obj
 0006:0000009b       __CA6DF041_vcruntime_new@h 0056109b     Queue.obj
 0006:0000009c       __B8D8FF1A_type_traits     0056109c     Queue.obj
 0006:0000009d       __E319E95C_xstddef         0056109d     Queue.obj
 0006:0000009e       __B5AE5C2C_xmemory0        0056109e     Queue.obj
 0006:0000009f       __64FD9D7D_xutility        0056109f     Queue.obj
 0006:000000a0       __7A63E543_deque           005610a0     Queue.obj
 0006:000000a1       __9955A182_queue           005610a1     Queue.obj
 0006:000000a2       __CD696355_queue@cpp       005610a2     Queue.obj
 0006:000000a3       __41A51415_stdafx@cpp      005610a3     Queue.obj
 0006:000000a6       __28347C59_stdafx@h        005610a6     ServerDisplayer.obj
 0006:000000a7       __109396B6_joinserver@pch  005610a7     ServerDisplayer.obj
 0006:000000a8       __79A2551C_string@h        005610a8     ServerDisplayer.obj
 0006:000000a9       __3E4CE415_serverdisplayer@h 005610a9     ServerDisplayer.obj
 0006:000000aa       __E3BD1912_serverdisplayer@cpp 005610aa     ServerDisplayer.obj
 0006:000000ab       __203B3750_protocoldefines@h 005610ab     ServerDisplayer.obj
 0006:000000ac       __41A51415_stdafx@cpp      005610ac     ServerDisplayer.obj
 0006:000000ae       __28347C59_stdafx@h        005610ae     ServerManager.obj
 0006:000000af       __109396B6_joinserver@pch  005610af     ServerManager.obj
 0006:000000b0       __79A2551C_string@h        005610b0     ServerManager.obj
 0006:000000b1       __3A159155_servermanager@h 005610b1     ServerManager.obj
 0006:000000b2       __33ABD7FD_servermanager@cpp 005610b2     ServerManager.obj
 0006:000000b3       __41A51415_stdafx@cpp      005610b3     ServerManager.obj
 0006:000000b5       __28347C59_stdafx@h        005610b5     SocketManager.obj
 0006:000000b6       __109396B6_joinserver@pch  005610b6     SocketManager.obj
 0006:000000b7       __1E1AA8C4_socketmanager@h 005610b7     SocketManager.obj
 0006:000000b8       __04F4C0A1_socketmanager@cpp 005610b8     SocketManager.obj
 0006:000000b9       __203B3750_protocoldefines@h 005610b9     SocketManager.obj
 0006:000000ba       __41A51415_stdafx@cpp      005610ba     SocketManager.obj
 0006:000000bc       __28347C59_stdafx@h        005610bc     SocketManagerUdp.obj
 0006:000000bd       __109396B6_joinserver@pch  005610bd     SocketManagerUdp.obj
 0006:000000be       __4B2996F1_corecrt_stdio_config@h 005610be     SocketManagerUdp.obj
 0006:000000bf       __2E8BA09D_stdio@h         005610bf     SocketManagerUdp.obj
 0006:000000c0       __1490386D_socketmanagerudp@h 005610c0     SocketManagerUdp.obj
 0006:000000c1       __8B3E5ECF_socketmanagerudp@cpp 005610c1     SocketManagerUdp.obj
 0006:000000c2       __41A51415_stdafx@cpp      005610c2     SocketManagerUdp.obj
 0006:000000c4       __109396B6_joinserver@pch  005610c4     stdafx.obj
 0006:000000c5       __F1A3F2A3_ctype@h         005610c5     stdafx.obj
 0006:000000c6       __495327BE_basetsd@h       005610c6     stdafx.obj
 0006:000000c7       __2587EF50_corecrt_memcpy_s@h 005610c7     stdafx.obj
 0006:000000c8       __569C4DB8_corecrt_memory@h 005610c8     stdafx.obj
 0006:000000c9       __4B27E1FB_corecrt_wstring@h 005610c9     stdafx.obj
 0006:000000ca       __79A2551C_string@h        005610ca     stdafx.obj
 0006:000000cb       __E5D106AA_guiddef@h       005610cb     stdafx.obj
 0006:000000cc       __C3D5E424_winnt@h         005610cc     stdafx.obj
 0006:000000cd       __9AB18591_processthreadsapi@h 005610cd     stdafx.obj
 0006:000000ce       __0DA59A73_winerror@h      005610ce     stdafx.obj
 0006:000000cf       __F09C78F1_winbase@h       005610cf     stdafx.obj
 0006:000000d0       __98743386_winuser@h       005610d0     stdafx.obj
 0006:000000d1       __78FE28DB_stralign@h      005610d1     stdafx.obj
 0006:000000d2       __EBAFFC34_dbghelp@h       005610d2     stdafx.obj
 0006:000000d3       __CA6DF041_vcruntime_new@h 005610d3     stdafx.obj
 0006:000000d4       __FFD1C1B8_stdlib@h        005610d4     stdafx.obj
 0006:000000d5       __478740E8_corecrt_math@h  005610d5     stdafx.obj
 0006:000000d6       __230BFBC5_cstdlib         005610d6     stdafx.obj
 0006:000000d7       __D69107D9_xtgmath@h       005610d7     stdafx.obj
 0006:000000d8       __767BFF30_cmath           005610d8     stdafx.obj
 0006:000000d9       __4B2996F1_corecrt_stdio_config@h 005610d9     stdafx.obj
 0006:000000da       __372CD286_corecrt_wconio@h 005610da     stdafx.obj
 0006:000000db       __F38470FD_corecrt_wio@h   005610db     stdafx.obj
 0006:000000dc       __7353A4B1_corecrt_wstdio@h 005610dc     stdafx.obj
 0006:000000dd       __08087D6B_corecrt_wtime@h 005610dd     stdafx.obj
 0006:000000de       __3CE5E296_stat@h          005610de     stdafx.obj
 0006:000000df       __D0AD4360_wchar@h         005610df     stdafx.obj
 0006:000000e0       __532AAD06_limits          005610e0     stdafx.obj
 0006:000000e1       __B8D8FF1A_type_traits     005610e1     stdafx.obj
 0006:000000e2       __6BFCE64E_malloc@h        005610e2     stdafx.obj
 0006:000000e3       __942C9C7D_vcruntime_exception@h 005610e3     stdafx.obj
 0006:000000e4       __98EE1EBA_exception       005610e4     stdafx.obj
 0006:000000e5       __2E8BA09D_stdio@h         005610e5     stdafx.obj
 0006:000000e6       __9FC37880_iosfwd          005610e6     stdafx.obj
 0006:000000e7       __64FD9D7D_xutility        005610e7     stdafx.obj
 0006:000000e8       __B7644072_xatomic0@h      005610e8     stdafx.obj
 0006:000000e9       __B5AE5C2C_xmemory0        005610e9     stdafx.obj
 0006:000000ea       __72225C6E_algorithm       005610ea     stdafx.obj
 0006:000000eb       __11A024E7_stdexcept       005610eb     stdafx.obj
 0006:000000ec       __D058E671_tuple           005610ec     stdafx.obj
 0006:000000ed       __B8175391_time@h          005610ed     stdafx.obj
 0006:000000ee       __5CA8563A_vcruntime_typeinfo@h 005610ee     stdafx.obj
 0006:000000ef       __0BAB8DAC_xlocinfo        005610ef     stdafx.obj
 0006:000000f0       __EF84A188_memory          005610f0     stdafx.obj
 0006:000000f1       __C3C1F687_xfacet          005610f1     stdafx.obj
 0006:000000f2       __D57EEF20_xlocale         005610f2     stdafx.obj
 0006:000000f3       __1583F0FA_xcall_once@h    005610f3     stdafx.obj
 0006:000000f4       __AADEE2DA_system_error    005610f4     stdafx.obj
 0006:000000f5       __324EFABF_xiosbase        005610f5     stdafx.obj
 0006:000000f6       __4BF98937_xlocnum         005610f6     stdafx.obj
 0006:000000f7       __159EDF8C_ios             005610f7     stdafx.obj
 0006:000000f8       __9B572714_string          005610f8     stdafx.obj
 0006:000000f9       __53F67037_fstream         005610f9     stdafx.obj
 0006:000000fa       __2798F680_ws2ipdef@h      005610fa     stdafx.obj
 0006:000000fb       __36F5BF50_ws2tcpip@h      005610fb     stdafx.obj
 0006:000000fc       __0A409B11_xstring         005610fc     stdafx.obj
 0006:000000fd       __A5BE00DE_istream         005610fd     stdafx.obj
 0006:000000fe       __C66E35E4_ostream         005610fe     stdafx.obj
 0006:000000ff       __13009C5B_streambuf       005610ff     stdafx.obj
 0006:00000100       __14067E4E_utility         00561100     stdafx.obj
 0006:00000101       __E319E95C_xstddef         00561101     stdafx.obj
 0006:00000102       __41A51415_stdafx@cpp      00561102     stdafx.obj
 0006:0000010f       __28347C59_stdafx@h        0056110f     Util.obj
 0006:00000110       __109396B6_joinserver@pch  00561110     Util.obj
 0006:00000111       __4B2996F1_corecrt_stdio_config@h 00561111     Util.obj
 0006:00000112       __2E8BA09D_stdio@h         00561112     Util.obj
 0006:00000113       __B8175391_time@h          00561113     Util.obj
 0006:00000114       __D3D2767E_util@cpp        00561114     Util.obj
 0006:00000115       __41A51415_stdafx@cpp      00561115     Util.obj
 0008:00000490       $R000000                   00563490     JoinServer.res
 0008:00000778       $R0002E8                   00563778     JoinServer.res
 0008:00001620       $R001190                   00564620     JoinServer.res
 0008:00001ec8       $R001A38                   00564ec8     JoinServer.res
 0008:00001ff0       $R001B60                   00564ff0     JoinServer.res
 0008:00002030       $R001BA0                   00565030     JoinServer.res
 0008:00002318       $R001E88                   00565318     JoinServer.res
 0008:000031c0       $R002D30                   005661c0     JoinServer.res
 0008:00003a68       $R0035D8                   00566a68     JoinServer.res
 0008:00003b90       $R003700                   00566b90     JoinServer.res
 0008:00003bd0       $R003740                   00566bd0     JoinServer.res
 0008:00003c88       $R0037F8                   00566c88     JoinServer.res
 0008:00003d98       $R003908                   00566d98     JoinServer.res
