  stdafx.cpp
  Attack.cpp
  BattleGround.cpp
  BattleSoccer.cpp
  BattleSoccerManager.cpp
  Blacklist.cpp
  BloodCastle.cpp
  BonusManager.cpp
  ChaosBox.cpp
  CommandManager.cpp
  Connection.cpp
  Console.cpp
  CriticalSection.cpp
  CustomNpcMove.cpp
  CustomPkFree.cpp
  CustomSafeZone.cpp
  CustomWing.cpp
  DefaultClassInfo.cpp
  DevilSquare.cpp
  DSProtocol.cpp
  Effect.cpp
  Generando código...
  Compilando...
  EffectManager.cpp
  EventSpawnMonster.cpp
  EventTimeManager.cpp
  ExperienceTable.cpp
  Filter.cpp
  FlyingDragons.cpp
  Fruit.cpp
  GameMain.cpp
  GameMaster.cpp
  GameServer.cpp
  Gate.cpp
  GoldenArcher.cpp
  GoldenArcherBingo.cpp
  Guild.cpp
  GuildManager.cpp
  HackCheck.cpp
  HackPacketCheck.cpp
  InvasionManager.cpp
  IpManager.cpp
  Item.cpp
  Generando código...
  Compilando...
  ItemBag.cpp
  ItemBagEx.cpp
  ItemBagManager.cpp
  ItemDrop.cpp
  ItemManager.cpp
  ItemMove.cpp
  ItemOption.cpp
  ItemOptionRate.cpp
  ItemStack.cpp
  ItemValue.cpp
  JSProtocol.cpp
  Log.cpp
  Map.cpp
  MapItem.cpp
  MapManager.cpp
  MapPath.cpp
  Math.cpp
  MemoryAllocator.cpp
  MemoryAllocatorInfo.cpp
  Message.cpp
  Generando código...
  Compilando...
  MiniDump.cpp
  Monster.cpp
  MonsterManager.cpp
  MonsterSetBase.cpp
  Move.cpp
  Notice.cpp
  NpcTalk.cpp
  ObjectManager.cpp
  PacketManager.cpp
  Party.cpp
  Path.cpp
  Protocol.cpp
  Quest.cpp
  QuestObjective.cpp
  QuestReward.cpp
  Queue.cpp
  QueueTimer.cpp
  RandomManager.cpp
  ReadScript.cpp
  Reconnect.cpp
  Generando código...
  Compilando...
  ResetTable.cpp
  ScheduleManager.cpp
  SerialCheck.cpp
  ServerDisplayer.cpp
  ServerInfo.cpp
  Shop.cpp
  ShopManager.cpp
  Skill.cpp
  SkillHitBox.cpp
  SkillManager.cpp
  SocketManager.cpp
  SocketManagerUdp.cpp
  Trade.cpp
  User.cpp
  Util.cpp
  Viewport.cpp
  Warehouse.cpp
  Generando código...
  GameServer.vcxproj -> D:\MuSources\MuEmu-0.97k-kayito-master\GitSource\MuServer\bin\Debug\GameServer\GameServer.exe
  "pwsh.exe" no se reconoce como un comando interno o externo,
  programa o archivo por lotes ejecutable.
