 DataServer

 Timestamp is 6ab47fb6 (Wed Sep 23 22:41:10 2026)

 Preferred load address is 00400000

 Start         Length     Name                   Class
 0001:00000000 0001c59dH .textbss                DATA
 0002:00000000 00005160H .text$di                CODE
 0002:00005160 00035a10H .text$mn                CODE
 0002:0003ab70 000053b0H .text$x                 CODE
 0002:0003ff20 0000147cH .text$yd                CODE
 0003:00000000 00000104H .CRT$XCA                DATA
 0003:00000104 00000104H .CRT$XCAA               DATA
 0003:00000208 00000148H .CRT$XCU                DATA
 0003:00000350 00000104H .CRT$XCZ                DATA
 0003:00000454 00000104H .CRT$XIA                DATA
 0003:00000558 00000104H .CRT$XIAA               DATA
 0003:0000065c 00000104H .CRT$XIAC               DATA
 0003:00000760 00000104H .CRT$XIZ                DATA
 0003:00000864 00000104H .CRT$XPA                DATA
 0003:00000968 00000104H .CRT$XPZ                DATA
 0003:00000a6c 00000104H .CRT$XTA                DATA
 0003:00000b70 00000110H .CRT$XTZ                DATA
 0003:00000c80 00006cecH .rdata                  DATA
 0003:0000796c 00000328H .rdata$r                DATA
 0003:00007c94 000001a4H .rdata$zzzdbg           DATA
 0003:00007e38 00000104H .rtc$IAA                DATA
 0003:00007f3c 0000016cH .rtc$IMZ                DATA
 0003:000080a8 00000104H .rtc$IZZ                DATA
 0003:000081ac 00000104H .rtc$TAA                DATA
 0003:000082b0 0000016cH .rtc$TMZ                DATA
 0003:0000841c 00000104H .rtc$TZZ                DATA
 0003:00008520 00004139H .xdata$x                DATA
 0003:0000c659 00000000H .edata                  DATA
 0004:00000000 0000023cH .data                   DATA
 0004:0000023c 000001ecH .data$r                 DATA
 0004:00000428 000f5ee0H .bss                    DATA
 0005:00000000 00000574H .idata$5                DATA
 0005:00000574 000000b4H .idata$2                DATA
 0005:00000628 00000014H .idata$3                DATA
 0005:0000063c 00000574H .idata$4                DATA
 0005:00000bb0 00001260H .idata$6                DATA
 0006:00000000 00000230H .msvcjmc                DATA
 0007:00000000 00000104H .00cfg                  DATA
 0008:00000000 00000520H .rsrc$01                DATA
 0008:00000520 000048e3H .rsrc$02                DATA

  Address         Publics by Value              Rva+Base       Lib:Object

 0000:00000000       ___volatile_metadata       00000000     <absolute>
 0000:00000000       ___guard_iat_table         00000000     <absolute>
 0000:00000000       ___safe_se_handler_table   00000000     <absolute>
 0000:00000000       ___hybrid_code_map_count   00000000     <absolute>
 0000:00000000       ___guard_iat_count         00000000     <absolute>
 0000:00000000       ___enclave_config          00000000     <absolute>
 0000:00000000       ___hybrid_auxiliary_iat    00000000     <absolute>
 0000:00000000       ___safe_se_handler_count   00000000     <absolute>
 0000:00000000       ___guard_longjmp_table     00000000     <absolute>
 0000:00000000       ___dynamic_value_reloc_table 00000000     <absolute>
 0000:00000000       ___guard_fids_count        00000000     <absolute>
 0000:00000000       ___guard_longjmp_count     00000000     <absolute>
 0000:00000000       ___guard_fids_table        00000000     <absolute>
 0000:00000000       ___hybrid_code_map         00000000     <absolute>
 0000:00000100       ___guard_flags             00000100     <absolute>
 0000:00000000       ___ImageBase               00400000     <linker-defined>
 0001:00000000       __enc$textbss$begin        00401000     <linker-defined>
 0001:0001c59d       __enc$textbss$end          0041d59d     <linker-defined>
 0002:00005160       ??$?0$$V@?$_Compressed_pair@V?$allocator@D@std@@V?$_String_val@U?$_Simple_types@D@std@@@2@$00@std@@QAE@U_Zero_then_variadic_args_t@1@@Z 00423160 f i AllowableIpList.obj
 0002:000051d0       ??$?0$$V@?$_Compressed_pair@V?$allocator@U?$_Tree_node@U?$pair@$$CBV?$basic_string@DU?$char_traits@D@std@@V?$allocator@D@2@@std@@UALLOWABLE_IP_INFO@@@std@@PAX@std@@@std@@V?$_Tree_val@U?$_Tree_simple_types@U?$pair@$$CBV?$basic_string@DU?$char_traits@D@std@@V?$allocator@D@2@@std@@UALLOWABLE_IP_INFO@@@std@@@std@@@2@$00@std@@QAE@U_Zero_then_variadic_args_t@1@@Z 004231d0 f i AllowableIpList.obj
 0002:00005240       ??$?0AAV?$_Tree_iterator@V?$_Tree_val@U?$_Tree_simple_types@U?$pair@$$CBV?$basic_string@DU?$char_traits@D@std@@V?$allocator@D@2@@std@@UALLOWABLE_IP_INFO@@@std@@@std@@@std@@@std@@_N$0A@@?$pair@V?$_Tree_iterator@V?$_Tree_val@U?$_Tree_simple_types@U?$pair@$$CBV?$basic_string@DU?$char_traits@D@std@@V?$allocator@D@2@@std@@UALLOWABLE_IP_INFO@@@std@@@std@@@std@@@std@@_N@std@@QAE@AAV?$_Tree_iterator@V?$_Tree_val@U?$_Tree_simple_types@U?$pair@$$CBV?$basic_string@DU?$char_traits@D@std@@V?$allocator@D@2@@std@@UALLOWABLE_IP_INFO@@@std@@@std@@@std@@@1@$$QA_N@Z 00423240 f i AllowableIpList.obj
 0002:00005300       ??$?0ABU?$less@V?$basic_string@DU?$char_traits@D@std@@V?$allocator@D@2@@std@@@std@@U_Zero_then_variadic_args_t@1@@?$_Compressed_pair@U?$less@V?$basic_string@DU?$char_traits@D@std@@V?$allocator@D@2@@std@@@std@@V?$_Compressed_pair@V?$allocator@U?$_Tree_node@U?$pair@$$CBV?$basic_string@DU?$char_traits@D@std@@V?$allocator@D@2@@std@@UALLOWABLE_IP_INFO@@@std@@PAX@std@@@std@@V?$_Tree_val@U?$_Tree_simple_types@U?$pair@$$CBV?$basic_string@DU?$char_traits@D@std@@V?$allocator@D@2@@std@@UALLOWABLE_IP_INFO@@@std@@@std@@@2@$00@2@$00@std@@QAE@U_One_then_variadic_args_t@1@ABU?$less@V?$basic_string@DU?$char_traits@D@std@@V?$allocator@D@2@@std@@@1@$$QAU_Zero_then_variadic_args_t@1@@Z 00423300 f i AllowableIpList.obj
 0002:00005390       ??$?0D@?$allocator@U_Container_proxy@std@@@std@@QAE@ABV?$allocator@D@1@@Z 00423390 f i AllowableIpList.obj
 0002:00005420       ??$?0U?$_Tree_node@U?$pair@$$CBV?$basic_string@DU?$char_traits@D@std@@V?$allocator@D@2@@std@@UALLOWABLE_IP_INFO@@@std@@PAX@std@@@?$allocator@U_Container_proxy@std@@@std@@QAE@ABV?$allocator@U?$_Tree_node@U?$pair@$$CBV?$basic_string@DU?$char_traits@D@std@@V?$allocator@D@2@@std@@UALLOWABLE_IP_INFO@@@std@@PAX@std@@@1@@Z 00423420 f i AllowableIpList.obj
 0002:000054b0       ??$?0V?$_Tree_iterator@V?$_Tree_val@U?$_Tree_simple_types@U?$pair@$$CBV?$basic_string@DU?$char_traits@D@std@@V?$allocator@D@2@@std@@UALLOWABLE_IP_INFO@@@std@@@std@@@std@@@std@@_N$0A@@?$pair@V?$_Tree_iterator@V?$_Tree_val@U?$_Tree_simple_types@U?$pair@$$CBV?$basic_string@DU?$char_traits@D@std@@V?$allocator@D@2@@std@@UALLOWABLE_IP_INFO@@@std@@@std@@@std@@@std@@_N@std@@QAE@$$QAV?$_Tree_iterator@V?$_Tree_val@U?$_Tree_simple_types@U?$pair@$$CBV?$basic_string@DU?$char_traits@D@std@@V?$allocator@D@2@@std@@UALLOWABLE_IP_INFO@@@std@@@std@@@std@@@1@$$QA_N@Z 004234b0 f i AllowableIpList.obj
 0002:00005570       ??$?0V?$allocator@D@std@@$$V@?$_Compressed_pair@V?$allocator@D@std@@V?$_String_val@U?$_Simple_types@D@std@@@2@$00@std@@QAE@U_One_then_variadic_args_t@1@$$QAV?$allocator@D@1@@Z 00423570 f i AllowableIpList.obj
 0002:000055e0       ??$?0V?$allocator@D@std@@X@?$_String_alloc@U?$_String_base_types@DV?$allocator@D@std@@@std@@@std@@QAE@$$QAV?$allocator@D@1@@Z 004235e0 f i AllowableIpList.obj
 0002:000056b0       ??$?0V?$basic_string@DU?$char_traits@D@std@@V?$allocator@D@2@@std@@AAUALLOWABLE_IP_INFO@@$0A@@?$pair@V?$basic_string@DU?$char_traits@D@std@@V?$allocator@D@2@@std@@UALLOWABLE_IP_INFO@@@std@@QAE@$$QAV?$basic_string@DU?$char_traits@D@std@@V?$allocator@D@2@@1@AAUALLOWABLE_IP_INFO@@@Z 004236b0 f i AllowableIpList.obj
 0002:00005780       ??$?0V?$basic_string@DU?$char_traits@D@std@@V?$allocator@D@2@@std@@UALLOWABLE_IP_INFO@@$0A@@?$pair@$$CBV?$basic_string@DU?$char_traits@D@std@@V?$allocator@D@2@@std@@UALLOWABLE_IP_INFO@@@std@@QAE@$$QAU?$pair@V?$basic_string@DU?$char_traits@D@std@@V?$allocator@D@2@@std@@UALLOWABLE_IP_INFO@@@1@@Z 00423780 f i AllowableIpList.obj
 0002:00005850       ??$?MDU?$char_traits@D@std@@V?$allocator@D@1@@std@@YA_NABV?$basic_string@DU?$char_traits@D@std@@V?$allocator@D@2@@0@0@Z 00423850 f i AllowableIpList.obj
 0002:00005910       ??$_Allocate@$07U_Default_allocate_traits@std@@$0A@@std@@YAPAXI@Z 00423910 f i AllowableIpList.obj
 0002:000059a0       ??$_Allocate_manually_vector_aligned@U_Default_allocate_traits@std@@@std@@YAPAXI@Z 004239a0 f i AllowableIpList.obj
 0002:00005ae0       ??$_Buy_if_not_node@AAU?$pair@$$CBV?$basic_string@DU?$char_traits@D@std@@V?$allocator@D@2@@std@@UALLOWABLE_IP_INFO@@@std@@@?$_Tree@V?$_Tmap_traits@V?$basic_string@DU?$char_traits@D@std@@V?$allocator@D@2@@std@@UALLOWABLE_IP_INFO@@U?$less@V?$basic_string@DU?$char_traits@D@std@@V?$allocator@D@2@@std@@@2@V?$allocator@U?$pair@$$CBV?$basic_string@DU?$char_traits@D@std@@V?$allocator@D@2@@std@@UALLOWABLE_IP_INFO@@@std@@@2@$0A@@std@@@std@@IAEPAU?$_Tree_node@U?$pair@$$CBV?$basic_string@DU?$char_traits@D@std@@V?$allocator@D@2@@std@@UALLOWABLE_IP_INFO@@@std@@PAX@1@PAU21@AAU?$pair@$$CBV?$basic_string@DU?$char_traits@D@std@@V?$allocator@D@2@@std@@UALLOWABLE_IP_INFO@@@1@@Z 00423ae0 f i AllowableIpList.obj
 0002:00005b40       ??$_Buynode@U?$pair@V?$basic_string@DU?$char_traits@D@std@@V?$allocator@D@2@@std@@UALLOWABLE_IP_INFO@@@std@@@?$_Tree_comp_alloc@V?$_Tmap_traits@V?$basic_string@DU?$char_traits@D@std@@V?$allocator@D@2@@std@@UALLOWABLE_IP_INFO@@U?$less@V?$basic_string@DU?$char_traits@D@std@@V?$allocator@D@2@@std@@@2@V?$allocator@U?$pair@$$CBV?$basic_string@DU?$char_traits@D@std@@V?$allocator@D@2@@std@@UALLOWABLE_IP_INFO@@@std@@@2@$0A@@std@@@std@@QAEPAU?$_Tree_node@U?$pair@$$CBV?$basic_string@DU?$char_traits@D@std@@V?$allocator@D@2@@std@@UALLOWABLE_IP_INFO@@@std@@PAX@1@$$QAU?$pair@V?$basic_string@DU?$char_traits@D@std@@V?$allocator@D@2@@std@@UALLOWABLE_IP_INFO@@@1@@Z 00423b40 f i AllowableIpList.obj
 0002:00005c70       ??$_Convert_size@I@std@@YAII@Z 00423c70 f i AllowableIpList.obj
 0002:00005cc0       ??$_Deallocate@$07$0A@@std@@YAXPAXI@Z 00423cc0 f i AllowableIpList.obj
 0002:00005d40       ??$_Deallocate_plain@V?$allocator@U_Container_proxy@std@@@std@@$0A@@std@@YAXAAV?$allocator@U_Container_proxy@std@@@0@QAU_Container_proxy@0@@Z 00423d40 f i AllowableIpList.obj
 0002:00005db0       ??$_Debug_lt_pred@AAU?$less@V?$basic_string@DU?$char_traits@D@std@@V?$allocator@D@2@@std@@@std@@ABV?$basic_string@DU?$char_traits@D@std@@V?$allocator@D@2@@2@ABV32@@std@@YA_NAAU?$less@V?$basic_string@DU?$char_traits@D@std@@V?$allocator@D@2@@std@@@0@ABV?$basic_string@DU?$char_traits@D@std@@V?$allocator@D@2@@0@1@Z 00423db0 f i AllowableIpList.obj
 0002:00005ec0       ??$_Debug_lt_pred@ABU?$less@V?$basic_string@DU?$char_traits@D@std@@V?$allocator@D@2@@std@@@std@@ABV?$basic_string@DU?$char_traits@D@std@@V?$allocator@D@2@@2@ABV32@@std@@YA_NABU?$less@V?$basic_string@DU?$char_traits@D@std@@V?$allocator@D@2@@std@@@0@ABV?$basic_string@DU?$char_traits@D@std@@V?$allocator@D@2@@0@1@Z 00423ec0 f i AllowableIpList.obj
 0002:00005fd0       ??$_Freenode0@V?$allocator@U?$_Tree_node@U?$pair@$$CBV?$basic_string@DU?$char_traits@D@std@@V?$allocator@D@2@@std@@UALLOWABLE_IP_INFO@@@std@@PAX@std@@@std@@@?$_Tree_node@U?$pair@$$CBV?$basic_string@DU?$char_traits@D@std@@V?$allocator@D@2@@std@@UALLOWABLE_IP_INFO@@@std@@PAX@std@@SAXAAV?$allocator@U?$_Tree_node@U?$pair@$$CBV?$basic_string@DU?$char_traits@D@std@@V?$allocator@D@2@@std@@UALLOWABLE_IP_INFO@@@std@@PAX@std@@@1@PAU01@@Z 00423fd0 f i AllowableIpList.obj
 0002:00006110       ??$_Get_size_of_n@$00@std@@YAII@Z 00424110 f i AllowableIpList.obj
 0002:00006160       ??$_Get_size_of_n@$07@std@@YAII@Z 00424160 f i AllowableIpList.obj
 0002:000061e0       ??$_Get_size_of_n@$0EM@@std@@YAII@Z 004241e0 f i AllowableIpList.obj
 0002:00006260       ??$_Insert_at@AAU?$pair@$$CBV?$basic_string@DU?$char_traits@D@std@@V?$allocator@D@2@@std@@UALLOWABLE_IP_INFO@@@std@@PAU?$_Tree_node@U?$pair@$$CBV?$basic_string@DU?$char_traits@D@std@@V?$allocator@D@2@@std@@UALLOWABLE_IP_INFO@@@std@@PAX@2@@?$_Tree@V?$_Tmap_traits@V?$basic_string@DU?$char_traits@D@std@@V?$allocator@D@2@@std@@UALLOWABLE_IP_INFO@@U?$less@V?$basic_string@DU?$char_traits@D@std@@V?$allocator@D@2@@std@@@2@V?$allocator@U?$pair@$$CBV?$basic_string@DU?$char_traits@D@std@@V?$allocator@D@2@@std@@UALLOWABLE_IP_INFO@@@std@@@2@$0A@@std@@@std@@IAE?AV?$_Tree_iterator@V?$_Tree_val@U?$_Tree_simple_types@U?$pair@$$CBV?$basic_string@DU?$char_traits@D@std@@V?$allocator@D@2@@std@@UALLOWABLE_IP_INFO@@@std@@@std@@@std@@@1@_NPAU?$_Tree_node@U?$pair@$$CBV?$basic_string@DU?$char_traits@D@std@@V?$allocator@D@2@@std@@UALLOWABLE_IP_INFO@@@std@@PAX@1@AAU?$pair@$$CBV?$basic_string@DU?$char_traits@D@std@@V?$allocator@D@2@@std@@UALLOWABLE_IP_INFO@@@1@1@Z 00424260 f i AllowableIpList.obj
 0002:000065f0       ??$_Insert_nohint@AAU?$pair@$$CBV?$basic_string@DU?$char_traits@D@std@@V?$allocator@D@2@@std@@UALLOWABLE_IP_INFO@@@std@@PAU?$_Tree_node@U?$pair@$$CBV?$basic_string@DU?$char_traits@D@std@@V?$allocator@D@2@@std@@UALLOWABLE_IP_INFO@@@std@@PAX@2@@?$_Tree@V?$_Tmap_traits@V?$basic_string@DU?$char_traits@D@std@@V?$allocator@D@2@@std@@UALLOWABLE_IP_INFO@@U?$less@V?$basic_string@DU?$char_traits@D@std@@V?$allocator@D@2@@std@@@2@V?$allocator@U?$pair@$$CBV?$basic_string@DU?$char_traits@D@std@@V?$allocator@D@2@@std@@UALLOWABLE_IP_INFO@@@std@@@2@$0A@@std@@@std@@IAE?AU?$pair@V?$_Tree_iterator@V?$_Tree_val@U?$_Tree_simple_types@U?$pair@$$CBV?$basic_string@DU?$char_traits@D@std@@V?$allocator@D@2@@std@@UALLOWABLE_IP_INFO@@@std@@@std@@@std@@@std@@_N@1@_NAAU?$pair@$$CBV?$basic_string@DU?$char_traits@D@std@@V?$allocator@D@2@@std@@UALLOWABLE_IP_INFO@@@1@PAU?$_Tree_node@U?$pair@$$CBV?$basic_string@DU?$char_traits@D@std@@V?$allocator@D@2@@std@@UALLOWABLE_IP_INFO@@@std@@PAX@1@@Z 004245f0 f i AllowableIpList.obj
 0002:00006be0       ??$_Kfn@$$CBV?$basic_string@DU?$char_traits@D@std@@V?$allocator@D@2@@std@@UALLOWABLE_IP_INFO@@@?$_Tmap_traits@V?$basic_string@DU?$char_traits@D@std@@V?$allocator@D@2@@std@@UALLOWABLE_IP_INFO@@U?$less@V?$basic_string@DU?$char_traits@D@std@@V?$allocator@D@2@@std@@@2@V?$allocator@U?$pair@$$CBV?$basic_string@DU?$char_traits@D@std@@V?$allocator@D@2@@std@@UALLOWABLE_IP_INFO@@@std@@@2@$0A@@std@@SAABV?$basic_string@DU?$char_traits@D@std@@V?$allocator@D@2@@1@ABU?$pair@$$CBV?$basic_string@DU?$char_traits@D@std@@V?$allocator@D@2@@std@@UALLOWABLE_IP_INFO@@@1@@Z 00424be0 f i AllowableIpList.obj
 0002:00006c30       ??$_Lbound@V?$basic_string@DU?$char_traits@D@std@@V?$allocator@D@2@@std@@@?$_Tree@V?$_Tmap_traits@V?$basic_string@DU?$char_traits@D@std@@V?$allocator@D@2@@std@@UALLOWABLE_IP_INFO@@U?$less@V?$basic_string@DU?$char_traits@D@std@@V?$allocator@D@2@@std@@@2@V?$allocator@U?$pair@$$CBV?$basic_string@DU?$char_traits@D@std@@V?$allocator@D@2@@std@@UALLOWABLE_IP_INFO@@@std@@@2@$0A@@std@@@std@@IBEPAU?$_Tree_node@U?$pair@$$CBV?$basic_string@DU?$char_traits@D@std@@V?$allocator@D@2@@std@@UALLOWABLE_IP_INFO@@@std@@PAX@1@ABV?$basic_string@DU?$char_traits@D@std@@V?$allocator@D@2@@1@@Z 00424c30 f i AllowableIpList.obj
 0002:00006d00       ??$_Max_value@I@std@@YAABIABI0@Z 00424d00 f i AllowableIpList.obj
 0002:00006dc0       ??$_Min_value@I@std@@YAABIABI0@Z 00424dc0 f i AllowableIpList.obj
 0002:00006e80       ??$_Reallocate_for@V<lambda_9366063389c5f42a00a5088cf24e69de>@@PBD@?$basic_string@DU?$char_traits@D@std@@V?$allocator@D@2@@std@@QAEAAV01@IV<lambda_9366063389c5f42a00a5088cf24e69de>@@PBD@Z 00424e80 f i AllowableIpList.obj
 0002:00007020       ??$_Traits_compare@U?$char_traits@D@std@@@std@@YAHQBDI0I@Z 00425020 f i AllowableIpList.obj
 0002:00007110       ??$_Unfancy@D@std@@YAPADPAD@Z 00425110 f i AllowableIpList.obj
 0002:00007160       ??$_Unfancy@U_Container_proxy@std@@@std@@YAPAU_Container_proxy@0@PAU10@@Z 00425160 f i AllowableIpList.obj
 0002:000071b0       ??$addressof@PAD@std@@YAPAPADAAPAD@Z 004251b0 f i AllowableIpList.obj
 0002:00007240       ??$addressof@PAU?$_Tree_node@U?$pair@$$CBV?$basic_string@DU?$char_traits@D@std@@V?$allocator@D@2@@std@@UALLOWABLE_IP_INFO@@@std@@PAX@std@@@std@@YAPAPAU?$_Tree_node@U?$pair@$$CBV?$basic_string@DU?$char_traits@D@std@@V?$allocator@D@2@@std@@UALLOWABLE_IP_INFO@@@std@@PAX@0@AAPAU10@@Z 00425240 f i AllowableIpList.obj
 0002:000072d0       ??$addressof@U?$pair@$$CBV?$basic_string@DU?$char_traits@D@std@@V?$allocator@D@2@@std@@UALLOWABLE_IP_INFO@@@std@@@std@@YAPAU?$pair@$$CBV?$basic_string@DU?$char_traits@D@std@@V?$allocator@D@2@@std@@UALLOWABLE_IP_INFO@@@0@AAU10@@Z 004252d0 f i AllowableIpList.obj
 0002:00007360       ??$addressof@V?$_String_val@U?$_Simple_types@D@std@@@std@@@std@@YAPAV?$_String_val@U?$_Simple_types@D@std@@@0@AAV10@@Z 00425360 f i AllowableIpList.obj
 0002:000073f0       ??$addressof@V?$_Tree_val@U?$_Tree_simple_types@U?$pair@$$CBV?$basic_string@DU?$char_traits@D@std@@V?$allocator@D@2@@std@@UALLOWABLE_IP_INFO@@@std@@@std@@@std@@@std@@YAPAV?$_Tree_val@U?$_Tree_simple_types@U?$pair@$$CBV?$basic_string@DU?$char_traits@D@std@@V?$allocator@D@2@@std@@UALLOWABLE_IP_INFO@@@std@@@std@@@0@AAV10@@Z 004253f0 f i AllowableIpList.obj
 0002:00007480       ??$construct@PADABQAD@?$_Default_allocator_traits@V?$allocator@D@std@@@std@@SAXAAV?$allocator@D@1@QAPADABQAD@Z 00425480 f i AllowableIpList.obj
 0002:00007500       ??$construct@PAU?$_Tree_node@U?$pair@$$CBV?$basic_string@DU?$char_traits@D@std@@V?$allocator@D@2@@std@@UALLOWABLE_IP_INFO@@@std@@PAX@std@@AAPAU12@@?$_Default_allocator_traits@V?$allocator@U?$_Tree_node@U?$pair@$$CBV?$basic_string@DU?$char_traits@D@std@@V?$allocator@D@2@@std@@UALLOWABLE_IP_INFO@@@std@@PAX@std@@@std@@@std@@SAXAAV?$allocator@U?$_Tree_node@U?$pair@$$CBV?$basic_string@DU?$char_traits@D@std@@V?$allocator@D@2@@std@@UALLOWABLE_IP_INFO@@@std@@PAX@std@@@1@QAPAU?$_Tree_node@U?$pair@$$CBV?$basic_string@DU?$char_traits@D@std@@V?$allocator@D@2@@std@@UALLOWABLE_IP_INFO@@@std@@PAX@1@AAPAU31@@Z 00425500 f i AllowableIpList.obj
 0002:00007580       ??$construct@U?$pair@$$CBV?$basic_string@DU?$char_traits@D@std@@V?$allocator@D@2@@std@@UALLOWABLE_IP_INFO@@@std@@U?$pair@V?$basic_string@DU?$char_traits@D@std@@V?$allocator@D@2@@std@@UALLOWABLE_IP_INFO@@@2@@?$_Default_allocator_traits@V?$allocator@U?$_Tree_node@U?$pair@$$CBV?$basic_string@DU?$char_traits@D@std@@V?$allocator@D@2@@std@@UALLOWABLE_IP_INFO@@@std@@PAX@std@@@std@@@std@@SAXAAV?$allocator@U?$_Tree_node@U?$pair@$$CBV?$basic_string@DU?$char_traits@D@std@@V?$allocator@D@2@@std@@UALLOWABLE_IP_INFO@@@std@@PAX@std@@@1@QAU?$pair@$$CBV?$basic_string@DU?$char_traits@D@std@@V?$allocator@D@2@@std@@UALLOWABLE_IP_INFO@@@1@$$QAU?$pair@V?$basic_string@DU?$char_traits@D@std@@V?$allocator@D@2@@std@@UALLOWABLE_IP_INFO@@@1@@Z 00425580 f i AllowableIpList.obj
 0002:00007610       ??$construct@U_Container_proxy@std@@U12@@?$_Default_allocator_traits@V?$allocator@U_Container_proxy@std@@@std@@@std@@SAXAAV?$allocator@U_Container_proxy@std@@@1@QAU_Container_proxy@1@$$QAU31@@Z 00425610 f i AllowableIpList.obj
 0002:000076a0       ??$destroy@PAD@?$_Default_allocator_traits@V?$allocator@D@std@@@std@@SAXAAV?$allocator@D@1@QAPAD@Z 004256a0 f i AllowableIpList.obj
 0002:000076f0       ??$destroy@PAU?$_Tree_node@U?$pair@$$CBV?$basic_string@DU?$char_traits@D@std@@V?$allocator@D@2@@std@@UALLOWABLE_IP_INFO@@@std@@PAX@std@@@?$_Default_allocator_traits@V?$allocator@U?$_Tree_node@U?$pair@$$CBV?$basic_string@DU?$char_traits@D@std@@V?$allocator@D@2@@std@@UALLOWABLE_IP_INFO@@@std@@PAX@std@@@std@@@std@@SAXAAV?$allocator@U?$_Tree_node@U?$pair@$$CBV?$basic_string@DU?$char_traits@D@std@@V?$allocator@D@2@@std@@UALLOWABLE_IP_INFO@@@std@@PAX@std@@@1@QAPAU?$_Tree_node@U?$pair@$$CBV?$basic_string@DU?$char_traits@D@std@@V?$allocator@D@2@@std@@UALLOWABLE_IP_INFO@@@std@@PAX@1@@Z 004256f0 f i AllowableIpList.obj
 0002:00007740       ??$destroy@U?$pair@$$CBV?$basic_string@DU?$char_traits@D@std@@V?$allocator@D@2@@std@@UALLOWABLE_IP_INFO@@@std@@@?$_Default_allocator_traits@V?$allocator@U?$_Tree_node@U?$pair@$$CBV?$basic_string@DU?$char_traits@D@std@@V?$allocator@D@2@@std@@UALLOWABLE_IP_INFO@@@std@@PAX@std@@@std@@@std@@SAXAAV?$allocator@U?$_Tree_node@U?$pair@$$CBV?$basic_string@DU?$char_traits@D@std@@V?$allocator@D@2@@std@@UALLOWABLE_IP_INFO@@@std@@PAX@std@@@1@QAU?$pair@$$CBV?$basic_string@DU?$char_traits@D@std@@V?$allocator@D@2@@std@@UALLOWABLE_IP_INFO@@@1@@Z 00425740 f i AllowableIpList.obj
 0002:000077a0       ??$destroy@U_Container_proxy@std@@@?$_Default_allocator_traits@V?$allocator@U_Container_proxy@std@@@std@@@std@@SAXAAV?$allocator@U_Container_proxy@std@@@1@QAU_Container_proxy@1@@Z 004257a0 f i AllowableIpList.obj
 0002:000077f0       ??$emplace@U?$pair@V?$basic_string@DU?$char_traits@D@std@@V?$allocator@D@2@@std@@UALLOWABLE_IP_INFO@@@std@@@?$_Tree@V?$_Tmap_traits@V?$basic_string@DU?$char_traits@D@std@@V?$allocator@D@2@@std@@UALLOWABLE_IP_INFO@@U?$less@V?$basic_string@DU?$char_traits@D@std@@V?$allocator@D@2@@std@@@2@V?$allocator@U?$pair@$$CBV?$basic_string@DU?$char_traits@D@std@@V?$allocator@D@2@@std@@UALLOWABLE_IP_INFO@@@std@@@2@$0A@@std@@@std@@QAE?AU?$pair@V?$_Tree_iterator@V?$_Tree_val@U?$_Tree_simple_types@U?$pair@$$CBV?$basic_string@DU?$char_traits@D@std@@V?$allocator@D@2@@std@@UALLOWABLE_IP_INFO@@@std@@@std@@@std@@@std@@_N@1@$$QAU?$pair@V?$basic_string@DU?$char_traits@D@std@@V?$allocator@D@2@@std@@UALLOWABLE_IP_INFO@@@1@@Z 004257f0 f i AllowableIpList.obj
 0002:000078b0       ??$forward@AAPAU?$_Tree_node@U?$pair@$$CBV?$basic_string@DU?$char_traits@D@std@@V?$allocator@D@2@@std@@UALLOWABLE_IP_INFO@@@std@@PAX@std@@@std@@YAAAPAU?$_Tree_node@U?$pair@$$CBV?$basic_string@DU?$char_traits@D@std@@V?$allocator@D@2@@std@@UALLOWABLE_IP_INFO@@@std@@PAX@0@AAPAU10@@Z 004258b0 f i AllowableIpList.obj
 0002:00007940       ??$forward@AAU?$pair@$$CBV?$basic_string@DU?$char_traits@D@std@@V?$allocator@D@2@@std@@UALLOWABLE_IP_INFO@@@std@@@std@@YAAAU?$pair@$$CBV?$basic_string@DU?$char_traits@D@std@@V?$allocator@D@2@@std@@UALLOWABLE_IP_INFO@@@0@AAU10@@Z 00425940 f i AllowableIpList.obj
 0002:000079d0       ??$forward@AAUALLOWABLE_IP_INFO@@@std@@YAAAUALLOWABLE_IP_INFO@@AAU1@@Z 004259d0 f i AllowableIpList.obj
 0002:00007a60       ??$forward@AAV?$_Tree_iterator@V?$_Tree_val@U?$_Tree_simple_types@U?$pair@$$CBV?$basic_string@DU?$char_traits@D@std@@V?$allocator@D@2@@std@@UALLOWABLE_IP_INFO@@@std@@@std@@@std@@@std@@@std@@YAAAV?$_Tree_iterator@V?$_Tree_val@U?$_Tree_simple_types@U?$pair@$$CBV?$basic_string@DU?$char_traits@D@std@@V?$allocator@D@2@@std@@UALLOWABLE_IP_INFO@@@std@@@std@@@std@@@0@AAV10@@Z 00425a60 f i AllowableIpList.obj
 0002:00007af0       ??$forward@ABQAD@std@@YAABQADABQAD@Z 00425af0 f i AllowableIpList.obj
 0002:00007b80       ??$forward@ABU?$less@V?$basic_string@DU?$char_traits@D@std@@V?$allocator@D@2@@std@@@std@@@std@@YAABU?$less@V?$basic_string@DU?$char_traits@D@std@@V?$allocator@D@2@@std@@@0@ABU10@@Z 00425b80 f i AllowableIpList.obj
 0002:00007c10       ??$forward@U?$pair@V?$basic_string@DU?$char_traits@D@std@@V?$allocator@D@2@@std@@UALLOWABLE_IP_INFO@@@std@@@std@@YA$$QAU?$pair@V?$basic_string@DU?$char_traits@D@std@@V?$allocator@D@2@@std@@UALLOWABLE_IP_INFO@@@0@AAU10@@Z 00425c10 f i AllowableIpList.obj
 0002:00007ca0       ??$forward@UALLOWABLE_IP_INFO@@@std@@YA$$QAUALLOWABLE_IP_INFO@@AAU1@@Z 00425ca0 f i AllowableIpList.obj
 0002:00007d30       ??$forward@U_Container_proxy@std@@@std@@YA$$QAU_Container_proxy@0@AAU10@@Z 00425d30 f i AllowableIpList.obj
 0002:00007dc0       ??$forward@U_Zero_then_variadic_args_t@std@@@std@@YA$$QAU_Zero_then_variadic_args_t@0@AAU10@@Z 00425dc0 f i AllowableIpList.obj
 0002:00007e50       ??$forward@V?$_Tree_iterator@V?$_Tree_val@U?$_Tree_simple_types@U?$pair@$$CBV?$basic_string@DU?$char_traits@D@std@@V?$allocator@D@2@@std@@UALLOWABLE_IP_INFO@@@std@@@std@@@std@@@std@@@std@@YA$$QAV?$_Tree_iterator@V?$_Tree_val@U?$_Tree_simple_types@U?$pair@$$CBV?$basic_string@DU?$char_traits@D@std@@V?$allocator@D@2@@std@@UALLOWABLE_IP_INFO@@@std@@@std@@@std@@@0@AAV10@@Z 00425e50 f i AllowableIpList.obj
 0002:00007ee0       ??$forward@V?$allocator@D@std@@@std@@YA$$QAV?$allocator@D@0@AAV10@@Z 00425ee0 f i AllowableIpList.obj
 0002:00007f70       ??$forward@V?$basic_string@DU?$char_traits@D@std@@V?$allocator@D@2@@std@@@std@@YA$$QAV?$basic_string@DU?$char_traits@D@std@@V?$allocator@D@2@@0@AAV10@@Z 00425f70 f i AllowableIpList.obj
 0002:00008000       ??$forward@_N@std@@YA$$QA_NAA_N@Z 00426000 f i AllowableIpList.obj
 0002:00008090       ??$insert@U?$pair@V?$basic_string@DU?$char_traits@D@std@@V?$allocator@D@2@@std@@UALLOWABLE_IP_INFO@@@std@@X@?$map@V?$basic_string@DU?$char_traits@D@std@@V?$allocator@D@2@@std@@UALLOWABLE_IP_INFO@@U?$less@V?$basic_string@DU?$char_traits@D@std@@V?$allocator@D@2@@std@@@2@V?$allocator@U?$pair@$$CBV?$basic_string@DU?$char_traits@D@std@@V?$allocator@D@2@@std@@UALLOWABLE_IP_INFO@@@std@@@2@@std@@QAE?AU?$pair@V?$_Tree_iterator@V?$_Tree_val@U?$_Tree_simple_types@U?$pair@$$CBV?$basic_string@DU?$char_traits@D@std@@V?$allocator@D@2@@std@@UALLOWABLE_IP_INFO@@@std@@@std@@@std@@@std@@_N@1@$$QAU?$pair@V?$basic_string@DU?$char_traits@D@std@@V?$allocator@D@2@@std@@UALLOWABLE_IP_INFO@@@1@@Z 00426090 f i AllowableIpList.obj
 0002:00008130       ??$move@AAD@std@@YA$$QADAAD@Z 00426130 f i AllowableIpList.obj
 0002:000081c0       ??$move@AAV?$allocator@D@std@@@std@@YA$$QAV?$allocator@D@0@AAV10@@Z 004261c0 f i AllowableIpList.obj
 0002:00008250       ??$move@AAV?$basic_string@DU?$char_traits@D@std@@V?$allocator@D@2@@std@@@std@@YA$$QAV?$basic_string@DU?$char_traits@D@std@@V?$allocator@D@2@@0@AAV10@@Z 00426250 f i AllowableIpList.obj
 0002:000082e0       ??$strcpy_s@$0CA@@@YAHAAY0CA@DPBD@Z 004262e0 f i AllowableIpList.obj
 0002:00008350       ??$swap@DX@std@@YAXAAD0@Z  00426350 f i AllowableIpList.obj
 0002:00008450       ??0?$_String_alloc@U?$_String_base_types@DV?$allocator@D@std@@@std@@@std@@QAE@XZ 00426450 f i AllowableIpList.obj
 0002:00008510       ??0?$_String_val@U?$_Simple_types@D@std@@@std@@QAE@XZ 00426510 f i AllowableIpList.obj
 0002:000085a0       ??0?$_Tree@V?$_Tmap_traits@V?$basic_string@DU?$char_traits@D@std@@V?$allocator@D@2@@std@@UALLOWABLE_IP_INFO@@U?$less@V?$basic_string@DU?$char_traits@D@std@@V?$allocator@D@2@@std@@@2@V?$allocator@U?$pair@$$CBV?$basic_string@DU?$char_traits@D@std@@V?$allocator@D@2@@std@@UALLOWABLE_IP_INFO@@@std@@@2@$0A@@std@@@std@@QAE@ABU?$less@V?$basic_string@DU?$char_traits@D@std@@V?$allocator@D@2@@std@@@1@@Z 004265a0 f i AllowableIpList.obj
 0002:00008610       ??0?$_Tree_comp_alloc@V?$_Tmap_traits@V?$basic_string@DU?$char_traits@D@std@@V?$allocator@D@2@@std@@UALLOWABLE_IP_INFO@@U?$less@V?$basic_string@DU?$char_traits@D@std@@V?$allocator@D@2@@std@@@2@V?$allocator@U?$pair@$$CBV?$basic_string@DU?$char_traits@D@std@@V?$allocator@D@2@@std@@UALLOWABLE_IP_INFO@@@std@@@2@$0A@@std@@@std@@QAE@ABU?$less@V?$basic_string@DU?$char_traits@D@std@@V?$allocator@D@2@@std@@@1@@Z 00426610 f i AllowableIpList.obj
 0002:000086a0       ??0?$_Tree_const_iterator@V?$_Tree_val@U?$_Tree_simple_types@U?$pair@$$CBV?$basic_string@DU?$char_traits@D@std@@V?$allocator@D@2@@std@@UALLOWABLE_IP_INFO@@@std@@@std@@@std@@@std@@QAE@$$QAV01@@Z 004266a0 f i AllowableIpList.obj
 0002:00008700       ??0?$_Tree_const_iterator@V?$_Tree_val@U?$_Tree_simple_types@U?$pair@$$CBV?$basic_string@DU?$char_traits@D@std@@V?$allocator@D@2@@std@@UALLOWABLE_IP_INFO@@@std@@@std@@@std@@@std@@QAE@ABV01@@Z 00426700 f i AllowableIpList.obj
 0002:00008760       ??0?$_Tree_const_iterator@V?$_Tree_val@U?$_Tree_simple_types@U?$pair@$$CBV?$basic_string@DU?$char_traits@D@std@@V?$allocator@D@2@@std@@UALLOWABLE_IP_INFO@@@std@@@std@@@std@@@std@@QAE@PAU?$_Tree_node@U?$pair@$$CBV?$basic_string@DU?$char_traits@D@std@@V?$allocator@D@2@@std@@UALLOWABLE_IP_INFO@@@std@@PAX@1@PBV?$_Tree_val@U?$_Tree_simple_types@U?$pair@$$CBV?$basic_string@DU?$char_traits@D@std@@V?$allocator@D@2@@std@@UALLOWABLE_IP_INFO@@@std@@@std@@@1@@Z 00426760 f i AllowableIpList.obj
 0002:000087d0       ??0?$_Tree_iterator@V?$_Tree_val@U?$_Tree_simple_types@U?$pair@$$CBV?$basic_string@DU?$char_traits@D@std@@V?$allocator@D@2@@std@@UALLOWABLE_IP_INFO@@@std@@@std@@@std@@@std@@QAE@$$QAV01@@Z 004267d0 f i AllowableIpList.obj
 0002:00008830       ??0?$_Tree_iterator@V?$_Tree_val@U?$_Tree_simple_types@U?$pair@$$CBV?$basic_string@DU?$char_traits@D@std@@V?$allocator@D@2@@std@@UALLOWABLE_IP_INFO@@@std@@@std@@@std@@@std@@QAE@ABV01@@Z 00426830 f i AllowableIpList.obj
 0002:00008890       ??0?$_Tree_iterator@V?$_Tree_val@U?$_Tree_simple_types@U?$pair@$$CBV?$basic_string@DU?$char_traits@D@std@@V?$allocator@D@2@@std@@UALLOWABLE_IP_INFO@@@std@@@std@@@std@@@std@@QAE@PAU?$_Tree_node@U?$pair@$$CBV?$basic_string@DU?$char_traits@D@std@@V?$allocator@D@2@@std@@UALLOWABLE_IP_INFO@@@std@@PAX@1@PBV?$_Tree_val@U?$_Tree_simple_types@U?$pair@$$CBV?$basic_string@DU?$char_traits@D@std@@V?$allocator@D@2@@std@@UALLOWABLE_IP_INFO@@@std@@@std@@@1@@Z 00426890 f i AllowableIpList.obj
 0002:00008900       ??0?$_Tree_unchecked_const_iterator@V?$_Tree_val@U?$_Tree_simple_types@U?$pair@$$CBV?$basic_string@DU?$char_traits@D@std@@V?$allocator@D@2@@std@@UALLOWABLE_IP_INFO@@@std@@@std@@@std@@U_Iterator_base12@2@@std@@QAE@$$QAV01@@Z 00426900 f i AllowableIpList.obj
 0002:00008970       ??0?$_Tree_unchecked_const_iterator@V?$_Tree_val@U?$_Tree_simple_types@U?$pair@$$CBV?$basic_string@DU?$char_traits@D@std@@V?$allocator@D@2@@std@@UALLOWABLE_IP_INFO@@@std@@@std@@@std@@U_Iterator_base12@2@@std@@QAE@ABV01@@Z 00426970 f i AllowableIpList.obj
 0002:000089e0       ??0?$_Tree_unchecked_const_iterator@V?$_Tree_val@U?$_Tree_simple_types@U?$pair@$$CBV?$basic_string@DU?$char_traits@D@std@@V?$allocator@D@2@@std@@UALLOWABLE_IP_INFO@@@std@@@std@@@std@@U_Iterator_base12@2@@std@@QAE@PAU?$_Tree_node@U?$pair@$$CBV?$basic_string@DU?$char_traits@D@std@@V?$allocator@D@2@@std@@UALLOWABLE_IP_INFO@@@std@@PAX@1@PBV?$_Tree_val@U?$_Tree_simple_types@U?$pair@$$CBV?$basic_string@DU?$char_traits@D@std@@V?$allocator@D@2@@std@@UALLOWABLE_IP_INFO@@@std@@@std@@@1@@Z 004269e0 f i AllowableIpList.obj
 0002:00008a60       ??0?$_Tree_val@U?$_Tree_simple_types@U?$pair@$$CBV?$basic_string@DU?$char_traits@D@std@@V?$allocator@D@2@@std@@UALLOWABLE_IP_INFO@@@std@@@std@@@std@@QAE@XZ 00426a60 f i AllowableIpList.obj
 0002:00008ae0       ??0?$allocator@D@std@@QAE@XZ 00426ae0 f i AllowableIpList.obj
 0002:00008b70       ??0?$allocator@U?$_Tree_node@U?$pair@$$CBV?$basic_string@DU?$char_traits@D@std@@V?$allocator@D@2@@std@@UALLOWABLE_IP_INFO@@@std@@PAX@std@@@std@@QAE@XZ 00426b70 f i AllowableIpList.obj
 0002:00008c00       ??0?$basic_string@DU?$char_traits@D@std@@V?$allocator@D@2@@std@@QAE@$$QAV01@@Z 00426c00 f i AllowableIpList.obj
 0002:00008ce0       ??0?$basic_string@DU?$char_traits@D@std@@V?$allocator@D@2@@std@@QAE@QBD@Z 00426ce0 f i AllowableIpList.obj
 0002:00008da0       ??0?$map@V?$basic_string@DU?$char_traits@D@std@@V?$allocator@D@2@@std@@UALLOWABLE_IP_INFO@@U?$less@V?$basic_string@DU?$char_traits@D@std@@V?$allocator@D@2@@std@@@2@V?$allocator@U?$pair@$$CBV?$basic_string@DU?$char_traits@D@std@@V?$allocator@D@2@@std@@UALLOWABLE_IP_INFO@@@std@@@2@@std@@QAE@XZ 00426da0 f i AllowableIpList.obj
 0002:00008e10       ??0CAllowableIpList@@QAE@XZ 00426e10 f   AllowableIpList.obj
 0002:00008e80       ??0_Bxty@?$_String_val@U?$_Simple_types@D@std@@@std@@QAE@XZ 00426e80 f i AllowableIpList.obj
 0002:00008ee0       ??0_Container_base12@std@@QAE@XZ 00426ee0 f i AllowableIpList.obj
 0002:00008f40       ??0_Container_proxy@std@@QAE@XZ 00426f40 f i AllowableIpList.obj
 0002:00008ff0       ??0_Iterator_base12@std@@QAE@ABU01@@Z 00426ff0 f i AllowableIpList.obj
 0002:000090b0       ??0_Iterator_base12@std@@QAE@XZ 004270b0 f i AllowableIpList.obj
 0002:00009160       ??1?$_Compressed_pair@V?$allocator@D@std@@V?$_String_val@U?$_Simple_types@D@std@@@2@$00@std@@QAE@XZ 00427160 f i AllowableIpList.obj
 0002:000091b0       ??1?$_String_alloc@U?$_String_base_types@DV?$allocator@D@std@@@std@@@std@@QAE@XZ 004271b0 f i AllowableIpList.obj
 0002:00009250       ??1?$_String_val@U?$_Simple_types@D@std@@@std@@QAE@XZ 00427250 f i AllowableIpList.obj
 0002:000092b0       ??1?$_Tree@V?$_Tmap_traits@V?$basic_string@DU?$char_traits@D@std@@V?$allocator@D@2@@std@@UALLOWABLE_IP_INFO@@U?$less@V?$basic_string@DU?$char_traits@D@std@@V?$allocator@D@2@@std@@@2@V?$allocator@U?$pair@$$CBV?$basic_string@DU?$char_traits@D@std@@V?$allocator@D@2@@std@@UALLOWABLE_IP_INFO@@@std@@@2@$0A@@std@@@std@@QAE@XZ 004272b0 f i AllowableIpList.obj
 0002:00009350       ??1?$_Tree_comp_alloc@V?$_Tmap_traits@V?$basic_string@DU?$char_traits@D@std@@V?$allocator@D@2@@std@@UALLOWABLE_IP_INFO@@U?$less@V?$basic_string@DU?$char_traits@D@std@@V?$allocator@D@2@@std@@@2@V?$allocator@U?$pair@$$CBV?$basic_string@DU?$char_traits@D@std@@V?$allocator@D@2@@std@@UALLOWABLE_IP_INFO@@@std@@@2@$0A@@std@@@std@@QAE@XZ 00427350 f i AllowableIpList.obj
 0002:00009400       ??1?$_Tree_const_iterator@V?$_Tree_val@U?$_Tree_simple_types@U?$pair@$$CBV?$basic_string@DU?$char_traits@D@std@@V?$allocator@D@2@@std@@UALLOWABLE_IP_INFO@@@std@@@std@@@std@@@std@@QAE@XZ 00427400 f i AllowableIpList.obj
 0002:00009450       ??1?$_Tree_iterator@V?$_Tree_val@U?$_Tree_simple_types@U?$pair@$$CBV?$basic_string@DU?$char_traits@D@std@@V?$allocator@D@2@@std@@UALLOWABLE_IP_INFO@@@std@@@std@@@std@@@std@@QAE@XZ 00427450 f i AllowableIpList.obj
 0002:000094a0       ??1?$_Tree_unchecked_const_iterator@V?$_Tree_val@U?$_Tree_simple_types@U?$pair@$$CBV?$basic_string@DU?$char_traits@D@std@@V?$allocator@D@2@@std@@UALLOWABLE_IP_INFO@@@std@@@std@@@std@@U_Iterator_base12@2@@std@@QAE@XZ 004274a0 f i AllowableIpList.obj
 0002:000094f0       ??1?$basic_string@DU?$char_traits@D@std@@V?$allocator@D@2@@std@@QAE@XZ 004274f0 f i AllowableIpList.obj
 0002:00009590       ??1?$map@V?$basic_string@DU?$char_traits@D@std@@V?$allocator@D@2@@std@@UALLOWABLE_IP_INFO@@U?$less@V?$basic_string@DU?$char_traits@D@std@@V?$allocator@D@2@@std@@@2@V?$allocator@U?$pair@$$CBV?$basic_string@DU?$char_traits@D@std@@V?$allocator@D@2@@std@@UALLOWABLE_IP_INFO@@@std@@@2@@std@@QAE@XZ 00427590 f i AllowableIpList.obj
 0002:000095e0       ??1?$pair@$$CBV?$basic_string@DU?$char_traits@D@std@@V?$allocator@D@2@@std@@UALLOWABLE_IP_INFO@@@std@@QAE@XZ 004275e0 f i AllowableIpList.obj
 0002:00009630       ??1?$pair@V?$_Tree_iterator@V?$_Tree_val@U?$_Tree_simple_types@U?$pair@$$CBV?$basic_string@DU?$char_traits@D@std@@V?$allocator@D@2@@std@@UALLOWABLE_IP_INFO@@@std@@@std@@@std@@@std@@_N@std@@QAE@XZ 00427630 f i AllowableIpList.obj
 0002:00009680       ??1?$pair@V?$basic_string@DU?$char_traits@D@std@@V?$allocator@D@2@@std@@UALLOWABLE_IP_INFO@@@std@@QAE@XZ 00427680 f i AllowableIpList.obj
 0002:000096d0       ??1CAllowableIpList@@QAE@XZ 004276d0 f   AllowableIpList.obj
 0002:00009760       ??1_Bxty@?$_String_val@U?$_Simple_types@D@std@@@std@@QAE@XZ 00427760 f i AllowableIpList.obj
 0002:000097f0       ??1_Iterator_base12@std@@QAE@XZ 004277f0 f i AllowableIpList.obj
 0002:000098f0       ??2@YAPAXIPAX@Z            004278f0 f i AllowableIpList.obj
 0002:00009980       ??4_Iterator_base12@std@@QAEAAU01@ABU01@@Z 00427980 f i AllowableIpList.obj
 0002:00009ab0       ??8?$_Tree_const_iterator@V?$_Tree_val@U?$_Tree_simple_types@U?$pair@$$CBV?$basic_string@DU?$char_traits@D@std@@V?$allocator@D@2@@std@@UALLOWABLE_IP_INFO@@@std@@@std@@@std@@@std@@QBE_NABV01@@Z 00427ab0 f i AllowableIpList.obj
 0002:00009bd0       ??9?$_Tree_const_iterator@V?$_Tree_val@U?$_Tree_simple_types@U?$pair@$$CBV?$basic_string@DU?$char_traits@D@std@@V?$allocator@D@2@@std@@UALLOWABLE_IP_INFO@@@std@@@std@@@std@@@std@@QBE_NABV01@@Z 00427bd0 f i AllowableIpList.obj
 0002:00009c60       ??E?$_Tree_const_iterator@V?$_Tree_val@U?$_Tree_simple_types@U?$pair@$$CBV?$basic_string@DU?$char_traits@D@std@@V?$allocator@D@2@@std@@UALLOWABLE_IP_INFO@@@std@@@std@@@std@@@std@@QAE?AV01@H@Z 00427c60 f i AllowableIpList.obj
 0002:00009d90       ??E?$_Tree_const_iterator@V?$_Tree_val@U?$_Tree_simple_types@U?$pair@$$CBV?$basic_string@DU?$char_traits@D@std@@V?$allocator@D@2@@std@@UALLOWABLE_IP_INFO@@@std@@@std@@@std@@@std@@QAEAAV01@XZ 00427d90 f i AllowableIpList.obj
 0002:00009f10       ??E?$_Tree_unchecked_const_iterator@V?$_Tree_val@U?$_Tree_simple_types@U?$pair@$$CBV?$basic_string@DU?$char_traits@D@std@@V?$allocator@D@2@@std@@UALLOWABLE_IP_INFO@@@std@@@std@@@std@@U_Iterator_base12@2@@std@@QAEAAV01@XZ 00427f10 f i AllowableIpList.obj
 0002:00009ff0       ??F?$_Tree_const_iterator@V?$_Tree_val@U?$_Tree_simple_types@U?$pair@$$CBV?$basic_string@DU?$char_traits@D@std@@V?$allocator@D@2@@std@@UALLOWABLE_IP_INFO@@@std@@@std@@@std@@@std@@QAEAAV01@XZ 00427ff0 f i AllowableIpList.obj
 0002:0000a170       ??F?$_Tree_iterator@V?$_Tree_val@U?$_Tree_simple_types@U?$pair@$$CBV?$basic_string@DU?$char_traits@D@std@@V?$allocator@D@2@@std@@UALLOWABLE_IP_INFO@@@std@@@std@@@std@@@std@@QAEAAV01@XZ 00428170 f i AllowableIpList.obj
 0002:0000a1d0       ??F?$_Tree_unchecked_const_iterator@V?$_Tree_val@U?$_Tree_simple_types@U?$pair@$$CBV?$basic_string@DU?$char_traits@D@std@@V?$allocator@D@2@@std@@UALLOWABLE_IP_INFO@@@std@@@std@@@std@@U_Iterator_base12@2@@std@@QAEAAV01@XZ 004281d0 f i AllowableIpList.obj
 0002:0000a2e0       ??R<lambda_9366063389c5f42a00a5088cf24e69de>@@QBEXQADIQBD@Z 004282e0 f i AllowableIpList.obj
 0002:0000a380       ??R?$less@V?$basic_string@DU?$char_traits@D@std@@V?$allocator@D@2@@std@@@std@@QBE_NABV?$basic_string@DU?$char_traits@D@std@@V?$allocator@D@2@@1@0@Z 00428380 f i AllowableIpList.obj
 0002:0000a3f0       ??_G?$pair@$$CBV?$basic_string@DU?$char_traits@D@std@@V?$allocator@D@2@@std@@UALLOWABLE_IP_INFO@@@std@@QAEPAXI@Z 004283f0 f i AllowableIpList.obj
 0002:0000a460       ?CheckAllowableIp@CAllowableIpList@@QAE_NPAD@Z 00428460 f   AllowableIpList.obj
 0002:0000a660       ?Load@CAllowableIpList@@QAEXPAD@Z 00428660 f   AllowableIpList.obj
 0002:0000aab0       ?_Adjust_manually_vector_aligned@std@@YAXAAPAXAAI@Z 00428ab0 f i AllowableIpList.obj
 0002:0000ac80       ?_Adopt@_Iterator_base12@std@@QAEXPBU_Container_base12@2@@Z 00428c80 f i AllowableIpList.obj
 0002:0000ae10       ?_Alloc_proxy@?$_String_alloc@U?$_String_base_types@DV?$allocator@D@std@@@std@@@std@@QAEXXZ 00428e10 f i AllowableIpList.obj
 0002:0000af40       ?_Alloc_proxy@?$_Tree_comp_alloc@V?$_Tmap_traits@V?$basic_string@DU?$char_traits@D@std@@V?$allocator@D@2@@std@@UALLOWABLE_IP_INFO@@U?$less@V?$basic_string@DU?$char_traits@D@std@@V?$allocator@D@2@@std@@@2@V?$allocator@U?$pair@$$CBV?$basic_string@DU?$char_traits@D@std@@V?$allocator@D@2@@std@@UALLOWABLE_IP_INFO@@@std@@@2@$0A@@std@@@std@@QAEXXZ 00428f40 f i AllowableIpList.obj
 0002:0000b070       ?_Allocate@_Default_allocate_traits@std@@SAPAXI@Z 00429070 f i AllowableIpList.obj
 0002:0000b0d0       ?_Assign_rv_contents_with_alloc_always_equal@?$basic_string@DU?$char_traits@D@std@@V?$allocator@D@2@@std@@QAEX$$QAV12@U?$integral_constant@_N$00@2@@Z 004290d0 f i AllowableIpList.obj
 0002:0000b1f0       ?_Buyheadnode@?$_Tree_comp_alloc@V?$_Tmap_traits@V?$basic_string@DU?$char_traits@D@std@@V?$allocator@D@2@@std@@UALLOWABLE_IP_INFO@@U?$less@V?$basic_string@DU?$char_traits@D@std@@V?$allocator@D@2@@std@@@2@V?$allocator@U?$pair@$$CBV?$basic_string@DU?$char_traits@D@std@@V?$allocator@D@2@@std@@UALLOWABLE_IP_INFO@@@std@@@2@$0A@@std@@@std@@QAEPAU?$_Tree_node@U?$pair@$$CBV?$basic_string@DU?$char_traits@D@std@@V?$allocator@D@2@@std@@UALLOWABLE_IP_INFO@@@std@@PAX@2@XZ 004291f0 f i AllowableIpList.obj
 0002:0000b3a0       ?_Buynode0@?$_Tree_comp_alloc@V?$_Tmap_traits@V?$basic_string@DU?$char_traits@D@std@@V?$allocator@D@2@@std@@UALLOWABLE_IP_INFO@@U?$less@V?$basic_string@DU?$char_traits@D@std@@V?$allocator@D@2@@std@@@2@V?$allocator@U?$pair@$$CBV?$basic_string@DU?$char_traits@D@std@@V?$allocator@D@2@@std@@UALLOWABLE_IP_INFO@@@std@@@2@$0A@@std@@@std@@QAEPAU?$_Tree_node@U?$pair@$$CBV?$basic_string@DU?$char_traits@D@std@@V?$allocator@D@2@@std@@UALLOWABLE_IP_INFO@@@std@@PAX@2@XZ 004293a0 f i AllowableIpList.obj
 0002:0000b520       ?_Calculate_growth@?$basic_string@DU?$char_traits@D@std@@V?$allocator@D@2@@std@@QBEII@Z 00429520 f i AllowableIpList.obj
 0002:0000b640       ?_Clrcont@_Iterator_base12@std@@QAEXXZ 00429640 f i AllowableIpList.obj
 0002:0000b6e0       ?_Compare@?$_Tree@V?$_Tmap_traits@V?$basic_string@DU?$char_traits@D@std@@V?$allocator@D@2@@std@@UALLOWABLE_IP_INFO@@U?$less@V?$basic_string@DU?$char_traits@D@std@@V?$allocator@D@2@@std@@@2@V?$allocator@U?$pair@$$CBV?$basic_string@DU?$char_traits@D@std@@V?$allocator@D@2@@std@@UALLOWABLE_IP_INFO@@@std@@@2@$0A@@std@@@std@@IBE_NABV?$basic_string@DU?$char_traits@D@std@@V?$allocator@D@2@@2@0@Z 004296e0 f i AllowableIpList.obj
 0002:0000b760       ?_Construct@?$_Tree_comp_alloc@V?$_Tmap_traits@V?$basic_string@DU?$char_traits@D@std@@V?$allocator@D@2@@std@@UALLOWABLE_IP_INFO@@U?$less@V?$basic_string@DU?$char_traits@D@std@@V?$allocator@D@2@@std@@@2@V?$allocator@U?$pair@$$CBV?$basic_string@DU?$char_traits@D@std@@V?$allocator@D@2@@std@@UALLOWABLE_IP_INFO@@@std@@@2@$0A@@std@@@std@@QAEXXZ 00429760 f i AllowableIpList.obj
 0002:0000b860       ?_Destroy_if_node@?$_Tree@V?$_Tmap_traits@V?$basic_string@DU?$char_traits@D@std@@V?$allocator@D@2@@std@@UALLOWABLE_IP_INFO@@U?$less@V?$basic_string@DU?$char_traits@D@std@@V?$allocator@D@2@@std@@@2@V?$allocator@U?$pair@$$CBV?$basic_string@DU?$char_traits@D@std@@V?$allocator@D@2@@std@@UALLOWABLE_IP_INFO@@@std@@@2@$0A@@std@@@std@@IAEXPAU?$_Tree_node@U?$pair@$$CBV?$basic_string@DU?$char_traits@D@std@@V?$allocator@D@2@@std@@UALLOWABLE_IP_INFO@@@std@@PAX@2@@Z 00429860 f i AllowableIpList.obj
 0002:0000b900       ?_Erase@?$_Tree@V?$_Tmap_traits@V?$basic_string@DU?$char_traits@D@std@@V?$allocator@D@2@@std@@UALLOWABLE_IP_INFO@@U?$less@V?$basic_string@DU?$char_traits@D@std@@V?$allocator@D@2@@std@@@2@V?$allocator@U?$pair@$$CBV?$basic_string@DU?$char_traits@D@std@@V?$allocator@D@2@@std@@UALLOWABLE_IP_INFO@@@std@@@2@$0A@@std@@@std@@IAEXPAU?$_Tree_node@U?$pair@$$CBV?$basic_string@DU?$char_traits@D@std@@V?$allocator@D@2@@std@@UALLOWABLE_IP_INFO@@@std@@PAX@2@@Z 00429900 f i AllowableIpList.obj
 0002:0000b9e0       ?_Extract@?$_Tree_val@U?$_Tree_simple_types@U?$pair@$$CBV?$basic_string@DU?$char_traits@D@std@@V?$allocator@D@2@@std@@UALLOWABLE_IP_INFO@@@std@@@std@@@std@@QAEPAU?$_Tree_node@U?$pair@$$CBV?$basic_string@DU?$char_traits@D@std@@V?$allocator@D@2@@std@@UALLOWABLE_IP_INFO@@@std@@PAX@2@V?$_Tree_const_iterator@V?$_Tree_val@U?$_Tree_simple_types@U?$pair@$$CBV?$basic_string@DU?$char_traits@D@std@@V?$allocator@D@2@@std@@UALLOWABLE_IP_INFO@@@std@@@std@@@std@@@2@@Z 004299e0 f i AllowableIpList.obj
 0002:0000c080       ?_Free_proxy@?$_String_alloc@U?$_String_base_types@DV?$allocator@D@std@@@std@@@std@@QAEXXZ 0042a080 f i AllowableIpList.obj
 0002:0000c180       ?_Free_proxy@?$_Tree_comp_alloc@V?$_Tmap_traits@V?$basic_string@DU?$char_traits@D@std@@V?$allocator@D@2@@std@@UALLOWABLE_IP_INFO@@U?$less@V?$basic_string@DU?$char_traits@D@std@@V?$allocator@D@2@@std@@@2@V?$allocator@U?$pair@$$CBV?$basic_string@DU?$char_traits@D@std@@V?$allocator@D@2@@std@@UALLOWABLE_IP_INFO@@@std@@@2@$0A@@std@@@std@@QAEXXZ 0042a180 f i AllowableIpList.obj
 0002:0000c280       ?_Freeheadnode@?$_Tree_comp_alloc@V?$_Tmap_traits@V?$basic_string@DU?$char_traits@D@std@@V?$allocator@D@2@@std@@UALLOWABLE_IP_INFO@@U?$less@V?$basic_string@DU?$char_traits@D@std@@V?$allocator@D@2@@std@@@2@V?$allocator@U?$pair@$$CBV?$basic_string@DU?$char_traits@D@std@@V?$allocator@D@2@@std@@UALLOWABLE_IP_INFO@@@std@@@2@$0A@@std@@@std@@QAEXPAU?$_Tree_node@U?$pair@$$CBV?$basic_string@DU?$char_traits@D@std@@V?$allocator@D@2@@std@@UALLOWABLE_IP_INFO@@@std@@PAX@2@@Z 0042a280 f i AllowableIpList.obj
 0002:0000c2f0       ?_Freenode0@?$_Tree_comp_alloc@V?$_Tmap_traits@V?$basic_string@DU?$char_traits@D@std@@V?$allocator@D@2@@std@@UALLOWABLE_IP_INFO@@U?$less@V?$basic_string@DU?$char_traits@D@std@@V?$allocator@D@2@@std@@@2@V?$allocator@U?$pair@$$CBV?$basic_string@DU?$char_traits@D@std@@V?$allocator@D@2@@std@@UALLOWABLE_IP_INFO@@@std@@@2@$0A@@std@@@std@@QAEXPAU?$_Tree_node@U?$pair@$$CBV?$basic_string@DU?$char_traits@D@std@@V?$allocator@D@2@@std@@UALLOWABLE_IP_INFO@@@std@@PAX@2@@Z 0042a2f0 f i AllowableIpList.obj
 0002:0000c360       ?_Get_data@?$_String_alloc@U?$_String_base_types@DV?$allocator@D@std@@@std@@@std@@QAEAAV?$_String_val@U?$_Simple_types@D@std@@@2@XZ 0042a360 f i AllowableIpList.obj
 0002:0000c3f0       ?_Get_data@?$_String_alloc@U?$_String_base_types@DV?$allocator@D@std@@@std@@@std@@QBEABV?$_String_val@U?$_Simple_types@D@std@@@2@XZ 0042a3f0 f i AllowableIpList.obj
 0002:0000c480       ?_Get_data@?$_Tree_comp_alloc@V?$_Tmap_traits@V?$basic_string@DU?$char_traits@D@std@@V?$allocator@D@2@@std@@UALLOWABLE_IP_INFO@@U?$less@V?$basic_string@DU?$char_traits@D@std@@V?$allocator@D@2@@std@@@2@V?$allocator@U?$pair@$$CBV?$basic_string@DU?$char_traits@D@std@@V?$allocator@D@2@@std@@UALLOWABLE_IP_INFO@@@std@@@2@$0A@@std@@@std@@QAEAAV?$_Tree_val@U?$_Tree_simple_types@U?$pair@$$CBV?$basic_string@DU?$char_traits@D@std@@V?$allocator@D@2@@std@@UALLOWABLE_IP_INFO@@@std@@@std@@@2@XZ 0042a480 f i AllowableIpList.obj
 0002:0000c520       ?_Get_data@?$_Tree_comp_alloc@V?$_Tmap_traits@V?$basic_string@DU?$char_traits@D@std@@V?$allocator@D@2@@std@@UALLOWABLE_IP_INFO@@U?$less@V?$basic_string@DU?$char_traits@D@std@@V?$allocator@D@2@@std@@@2@V?$allocator@U?$pair@$$CBV?$basic_string@DU?$char_traits@D@std@@V?$allocator@D@2@@std@@UALLOWABLE_IP_INFO@@@std@@@2@$0A@@std@@@std@@QBEABV?$_Tree_val@U?$_Tree_simple_types@U?$pair@$$CBV?$basic_string@DU?$char_traits@D@std@@V?$allocator@D@2@@std@@UALLOWABLE_IP_INFO@@@std@@@std@@@2@XZ 0042a520 f i AllowableIpList.obj
 0002:0000c5c0       ?_Get_first@?$_Compressed_pair@U?$less@V?$basic_string@DU?$char_traits@D@std@@V?$allocator@D@2@@std@@@std@@V?$_Compressed_pair@V?$allocator@U?$_Tree_node@U?$pair@$$CBV?$basic_string@DU?$char_traits@D@std@@V?$allocator@D@2@@std@@UALLOWABLE_IP_INFO@@@std@@PAX@std@@@std@@V?$_Tree_val@U?$_Tree_simple_types@U?$pair@$$CBV?$basic_string@DU?$char_traits@D@std@@V?$allocator@D@2@@std@@UALLOWABLE_IP_INFO@@@std@@@std@@@2@$00@2@$00@std@@QAEAAU?$less@V?$basic_string@DU?$char_traits@D@std@@V?$allocator@D@2@@std@@@2@XZ 0042a5c0 f i AllowableIpList.obj
 0002:0000c650       ?_Get_first@?$_Compressed_pair@U?$less@V?$basic_string@DU?$char_traits@D@std@@V?$allocator@D@2@@std@@@std@@V?$_Compressed_pair@V?$allocator@U?$_Tree_node@U?$pair@$$CBV?$basic_string@DU?$char_traits@D@std@@V?$allocator@D@2@@std@@UALLOWABLE_IP_INFO@@@std@@PAX@std@@@std@@V?$_Tree_val@U?$_Tree_simple_types@U?$pair@$$CBV?$basic_string@DU?$char_traits@D@std@@V?$allocator@D@2@@std@@UALLOWABLE_IP_INFO@@@std@@@std@@@2@$00@2@$00@std@@QBEABU?$less@V?$basic_string@DU?$char_traits@D@std@@V?$allocator@D@2@@std@@@2@XZ 0042a650 f i AllowableIpList.obj
 0002:0000c6e0       ?_Get_first@?$_Compressed_pair@V?$allocator@D@std@@V?$_String_val@U?$_Simple_types@D@std@@@2@$00@std@@QAEAAV?$allocator@D@2@XZ 0042a6e0 f i AllowableIpList.obj
 0002:0000c770       ?_Get_first@?$_Compressed_pair@V?$allocator@D@std@@V?$_String_val@U?$_Simple_types@D@std@@@2@$00@std@@QBEABV?$allocator@D@2@XZ 0042a770 f i AllowableIpList.obj
 0002:0000c800       ?_Get_first@?$_Compressed_pair@V?$allocator@U?$_Tree_node@U?$pair@$$CBV?$basic_string@DU?$char_traits@D@std@@V?$allocator@D@2@@std@@UALLOWABLE_IP_INFO@@@std@@PAX@std@@@std@@V?$_Tree_val@U?$_Tree_simple_types@U?$pair@$$CBV?$basic_string@DU?$char_traits@D@std@@V?$allocator@D@2@@std@@UALLOWABLE_IP_INFO@@@std@@@std@@@2@$00@std@@QAEAAV?$allocator@U?$_Tree_node@U?$pair@$$CBV?$basic_string@DU?$char_traits@D@std@@V?$allocator@D@2@@std@@UALLOWABLE_IP_INFO@@@std@@PAX@std@@@2@XZ 0042a800 f i AllowableIpList.obj
 0002:0000c890       ?_Get_first@?$_Compressed_pair@V?$allocator@U?$_Tree_node@U?$pair@$$CBV?$basic_string@DU?$char_traits@D@std@@V?$allocator@D@2@@std@@UALLOWABLE_IP_INFO@@@std@@PAX@std@@@std@@V?$_Tree_val@U?$_Tree_simple_types@U?$pair@$$CBV?$basic_string@DU?$char_traits@D@std@@V?$allocator@D@2@@std@@UALLOWABLE_IP_INFO@@@std@@@std@@@2@$00@std@@QBEABV?$allocator@U?$_Tree_node@U?$pair@$$CBV?$basic_string@DU?$char_traits@D@std@@V?$allocator@D@2@@std@@UALLOWABLE_IP_INFO@@@std@@PAX@std@@@2@XZ 0042a890 f i AllowableIpList.obj
 0002:0000c920       ?_Get_second@?$_Compressed_pair@U?$less@V?$basic_string@DU?$char_traits@D@std@@V?$allocator@D@2@@std@@@std@@V?$_Compressed_pair@V?$allocator@U?$_Tree_node@U?$pair@$$CBV?$basic_string@DU?$char_traits@D@std@@V?$allocator@D@2@@std@@UALLOWABLE_IP_INFO@@@std@@PAX@std@@@std@@V?$_Tree_val@U?$_Tree_simple_types@U?$pair@$$CBV?$basic_string@DU?$char_traits@D@std@@V?$allocator@D@2@@std@@UALLOWABLE_IP_INFO@@@std@@@std@@@2@$00@2@$00@std@@QAEAAV?$_Compressed_pair@V?$allocator@U?$_Tree_node@U?$pair@$$CBV?$basic_string@DU?$char_traits@D@std@@V?$allocator@D@2@@std@@UALLOWABLE_IP_INFO@@@std@@PAX@std@@@std@@V?$_Tree_val@U?$_Tree_simple_types@U?$pair@$$CBV?$basic_string@DU?$char_traits@D@std@@V?$allocator@D@2@@std@@UALLOWABLE_IP_INFO@@@std@@@std@@@2@$00@2@XZ 0042a920 f i AllowableIpList.obj
 0002:0000c9b0       ?_Get_second@?$_Compressed_pair@U?$less@V?$basic_string@DU?$char_traits@D@std@@V?$allocator@D@2@@std@@@std@@V?$_Compressed_pair@V?$allocator@U?$_Tree_node@U?$pair@$$CBV?$basic_string@DU?$char_traits@D@std@@V?$allocator@D@2@@std@@UALLOWABLE_IP_INFO@@@std@@PAX@std@@@std@@V?$_Tree_val@U?$_Tree_simple_types@U?$pair@$$CBV?$basic_string@DU?$char_traits@D@std@@V?$allocator@D@2@@std@@UALLOWABLE_IP_INFO@@@std@@@std@@@2@$00@2@$00@std@@QBEABV?$_Compressed_pair@V?$allocator@U?$_Tree_node@U?$pair@$$CBV?$basic_string@DU?$char_traits@D@std@@V?$allocator@D@2@@std@@UALLOWABLE_IP_INFO@@@std@@PAX@std@@@std@@V?$_Tree_val@U?$_Tree_simple_types@U?$pair@$$CBV?$basic_string@DU?$char_traits@D@std@@V?$allocator@D@2@@std@@UALLOWABLE_IP_INFO@@@std@@@std@@@2@$00@2@XZ 0042a9b0 f i AllowableIpList.obj
 0002:0000ca40       ?_Get_second@?$_Compressed_pair@V?$allocator@D@std@@V?$_String_val@U?$_Simple_types@D@std@@@2@$00@std@@QAEAAV?$_String_val@U?$_Simple_types@D@std@@@2@XZ 0042aa40 f i AllowableIpList.obj
 0002:0000cad0       ?_Get_second@?$_Compressed_pair@V?$allocator@D@std@@V?$_String_val@U?$_Simple_types@D@std@@@2@$00@std@@QBEABV?$_String_val@U?$_Simple_types@D@std@@@2@XZ 0042aad0 f i AllowableIpList.obj
 0002:0000cb60       ?_Get_second@?$_Compressed_pair@V?$allocator@U?$_Tree_node@U?$pair@$$CBV?$basic_string@DU?$char_traits@D@std@@V?$allocator@D@2@@std@@UALLOWABLE_IP_INFO@@@std@@PAX@std@@@std@@V?$_Tree_val@U?$_Tree_simple_types@U?$pair@$$CBV?$basic_string@DU?$char_traits@D@std@@V?$allocator@D@2@@std@@UALLOWABLE_IP_INFO@@@std@@@std@@@2@$00@std@@QAEAAV?$_Tree_val@U?$_Tree_simple_types@U?$pair@$$CBV?$basic_string@DU?$char_traits@D@std@@V?$allocator@D@2@@std@@UALLOWABLE_IP_INFO@@@std@@@std@@@2@XZ 0042ab60 f i AllowableIpList.obj
 0002:0000cbf0       ?_Get_second@?$_Compressed_pair@V?$allocator@U?$_Tree_node@U?$pair@$$CBV?$basic_string@DU?$char_traits@D@std@@V?$allocator@D@2@@std@@UALLOWABLE_IP_INFO@@@std@@PAX@std@@@std@@V?$_Tree_val@U?$_Tree_simple_types@U?$pair@$$CBV?$basic_string@DU?$char_traits@D@std@@V?$allocator@D@2@@std@@UALLOWABLE_IP_INFO@@@std@@@std@@@2@$00@std@@QBEABV?$_Tree_val@U?$_Tree_simple_types@U?$pair@$$CBV?$basic_string@DU?$char_traits@D@std@@V?$allocator@D@2@@std@@UALLOWABLE_IP_INFO@@@std@@@std@@@2@XZ 0042abf0 f i AllowableIpList.obj
 0002:0000cc80       ?_Getal@?$_String_alloc@U?$_String_base_types@DV?$allocator@D@std@@@std@@@std@@QAEAAV?$allocator@D@2@XZ 0042ac80 f i AllowableIpList.obj
 0002:0000cd10       ?_Getal@?$_String_alloc@U?$_String_base_types@DV?$allocator@D@std@@@std@@@std@@QBEABV?$allocator@D@2@XZ 0042ad10 f i AllowableIpList.obj
 0002:0000cda0       ?_Getal@?$_Tree_comp_alloc@V?$_Tmap_traits@V?$basic_string@DU?$char_traits@D@std@@V?$allocator@D@2@@std@@UALLOWABLE_IP_INFO@@U?$less@V?$basic_string@DU?$char_traits@D@std@@V?$allocator@D@2@@std@@@2@V?$allocator@U?$pair@$$CBV?$basic_string@DU?$char_traits@D@std@@V?$allocator@D@2@@std@@UALLOWABLE_IP_INFO@@@std@@@2@$0A@@std@@@std@@QAEAAV?$allocator@U?$_Tree_node@U?$pair@$$CBV?$basic_string@DU?$char_traits@D@std@@V?$allocator@D@2@@std@@UALLOWABLE_IP_INFO@@@std@@PAX@std@@@2@XZ 0042ada0 f i AllowableIpList.obj
 0002:0000ce40       ?_Getal@?$_Tree_comp_alloc@V?$_Tmap_traits@V?$basic_string@DU?$char_traits@D@std@@V?$allocator@D@2@@std@@UALLOWABLE_IP_INFO@@U?$less@V?$basic_string@DU?$char_traits@D@std@@V?$allocator@D@2@@std@@@2@V?$allocator@U?$pair@$$CBV?$basic_string@DU?$char_traits@D@std@@V?$allocator@D@2@@std@@UALLOWABLE_IP_INFO@@@std@@@2@$0A@@std@@@std@@QBEABV?$allocator@U?$_Tree_node@U?$pair@$$CBV?$basic_string@DU?$char_traits@D@std@@V?$allocator@D@2@@std@@UALLOWABLE_IP_INFO@@@std@@PAX@std@@@2@XZ 0042ae40 f i AllowableIpList.obj
 0002:0000cee0       ?_Getcomp@?$_Tree_comp_alloc@V?$_Tmap_traits@V?$basic_string@DU?$char_traits@D@std@@V?$allocator@D@2@@std@@UALLOWABLE_IP_INFO@@U?$less@V?$basic_string@DU?$char_traits@D@std@@V?$allocator@D@2@@std@@@2@V?$allocator@U?$pair@$$CBV?$basic_string@DU?$char_traits@D@std@@V?$allocator@D@2@@std@@UALLOWABLE_IP_INFO@@@std@@@2@$0A@@std@@@std@@QAEAAU?$less@V?$basic_string@DU?$char_traits@D@std@@V?$allocator@D@2@@std@@@2@XZ 0042aee0 f i AllowableIpList.obj
 0002:0000cf70       ?_Getcomp@?$_Tree_comp_alloc@V?$_Tmap_traits@V?$basic_string@DU?$char_traits@D@std@@V?$allocator@D@2@@std@@UALLOWABLE_IP_INFO@@U?$less@V?$basic_string@DU?$char_traits@D@std@@V?$allocator@D@2@@std@@@2@V?$allocator@U?$pair@$$CBV?$basic_string@DU?$char_traits@D@std@@V?$allocator@D@2@@std@@UALLOWABLE_IP_INFO@@@std@@@2@$0A@@std@@@std@@QBEABU?$less@V?$basic_string@DU?$char_traits@D@std@@V?$allocator@D@2@@std@@@2@XZ 0042af70 f i AllowableIpList.obj
 0002:0000d000       ?_Getcont@_Iterator_base12@std@@QBEPBU_Container_base12@2@XZ 0042b000 f i AllowableIpList.obj
 0002:0000d0c0       ?_Getpfirst@?$_Tree_comp_alloc@V?$_Tmap_traits@V?$basic_string@DU?$char_traits@D@std@@V?$allocator@D@2@@std@@UALLOWABLE_IP_INFO@@U?$less@V?$basic_string@DU?$char_traits@D@std@@V?$allocator@D@2@@std@@@2@V?$allocator@U?$pair@$$CBV?$basic_string@DU?$char_traits@D@std@@V?$allocator@D@2@@std@@UALLOWABLE_IP_INFO@@@std@@@2@$0A@@std@@@std@@QBEPAPAU_Iterator_base12@2@XZ 0042b0c0 f i AllowableIpList.obj
 0002:0000d130       ?_Getpfirst@_Container_base12@std@@QBEPAPAU_Iterator_base12@2@XZ 0042b130 f i AllowableIpList.obj
 0002:0000d1f0       ?_Getpnext@_Iterator_base12@std@@QAEPAPAU12@XZ 0042b1f0 f i AllowableIpList.obj
 0002:0000d280       ?_Key@?$_Tree@V?$_Tmap_traits@V?$basic_string@DU?$char_traits@D@std@@V?$allocator@D@2@@std@@UALLOWABLE_IP_INFO@@U?$less@V?$basic_string@DU?$char_traits@D@std@@V?$allocator@D@2@@std@@@2@V?$allocator@U?$pair@$$CBV?$basic_string@DU?$char_traits@D@std@@V?$allocator@D@2@@std@@UALLOWABLE_IP_INFO@@@std@@@2@$0A@@std@@@std@@IBEABV?$basic_string@DU?$char_traits@D@std@@V?$allocator@D@2@@2@PAU?$_Tree_node@U?$pair@$$CBV?$basic_string@DU?$char_traits@D@std@@V?$allocator@D@2@@std@@UALLOWABLE_IP_INFO@@@std@@PAX@2@@Z 0042b280 f i AllowableIpList.obj
 0002:0000d2f0       ?_Kfn@?$_Tree@V?$_Tmap_traits@V?$basic_string@DU?$char_traits@D@std@@V?$allocator@D@2@@std@@UALLOWABLE_IP_INFO@@U?$less@V?$basic_string@DU?$char_traits@D@std@@V?$allocator@D@2@@std@@@2@V?$allocator@U?$pair@$$CBV?$basic_string@DU?$char_traits@D@std@@V?$allocator@D@2@@std@@UALLOWABLE_IP_INFO@@@std@@@2@$0A@@std@@@std@@IBEABV?$basic_string@DU?$char_traits@D@std@@V?$allocator@D@2@@2@ABU?$pair@$$CBV?$basic_string@DU?$char_traits@D@std@@V?$allocator@D@2@@std@@UALLOWABLE_IP_INFO@@@2@@Z 0042b2f0 f i AllowableIpList.obj
 0002:0000d360       ?_Large_string_engaged@?$_String_val@U?$_Simple_types@D@std@@@std@@QBE_NXZ 0042b360 f i AllowableIpList.obj
 0002:0000d3e0       ?_Lmost@?$_Tree_val@U?$_Tree_simple_types@U?$pair@$$CBV?$basic_string@DU?$char_traits@D@std@@V?$allocator@D@2@@std@@UALLOWABLE_IP_INFO@@@std@@@std@@@std@@QBEAAPAU?$_Tree_node@U?$pair@$$CBV?$basic_string@DU?$char_traits@D@std@@V?$allocator@D@2@@std@@UALLOWABLE_IP_INFO@@@std@@PAX@2@XZ 0042b3e0 f i AllowableIpList.obj
 0002:0000d440       ?_Lrotate@?$_Tree_val@U?$_Tree_simple_types@U?$pair@$$CBV?$basic_string@DU?$char_traits@D@std@@V?$allocator@D@2@@std@@UALLOWABLE_IP_INFO@@@std@@@std@@@std@@QAEXPAU?$_Tree_node@U?$pair@$$CBV?$basic_string@DU?$char_traits@D@std@@V?$allocator@D@2@@std@@UALLOWABLE_IP_INFO@@@std@@PAX@2@@Z 0042b440 f i AllowableIpList.obj
 0002:0000d550       ?_Max@?$_Tree_val@U?$_Tree_simple_types@U?$pair@$$CBV?$basic_string@DU?$char_traits@D@std@@V?$allocator@D@2@@std@@UALLOWABLE_IP_INFO@@@std@@@std@@@std@@SAPAU?$_Tree_node@U?$pair@$$CBV?$basic_string@DU?$char_traits@D@std@@V?$allocator@D@2@@std@@UALLOWABLE_IP_INFO@@@std@@PAX@2@PAU32@@Z 0042b550 f i AllowableIpList.obj
 0002:0000d5c0       ?_Min@?$_Tree_val@U?$_Tree_simple_types@U?$pair@$$CBV?$basic_string@DU?$char_traits@D@std@@V?$allocator@D@2@@std@@UALLOWABLE_IP_INFO@@@std@@@std@@@std@@SAPAU?$_Tree_node@U?$pair@$$CBV?$basic_string@DU?$char_traits@D@std@@V?$allocator@D@2@@std@@UALLOWABLE_IP_INFO@@@std@@PAX@2@PAU32@@Z 0042b5c0 f i AllowableIpList.obj
 0002:0000d630       ?_Myproxy@?$_String_alloc@U?$_String_base_types@DV?$allocator@D@std@@@std@@@std@@QAEAAPAU_Container_proxy@2@XZ 0042b630 f i AllowableIpList.obj
 0002:0000d6c0       ?_Myproxy@?$_Tree_comp_alloc@V?$_Tmap_traits@V?$basic_string@DU?$char_traits@D@std@@V?$allocator@D@2@@std@@UALLOWABLE_IP_INFO@@U?$less@V?$basic_string@DU?$char_traits@D@std@@V?$allocator@D@2@@std@@@2@V?$allocator@U?$pair@$$CBV?$basic_string@DU?$char_traits@D@std@@V?$allocator@D@2@@std@@UALLOWABLE_IP_INFO@@@std@@@2@$0A@@std@@@std@@QAEAAPAU_Container_proxy@2@XZ 0042b6c0 f i AllowableIpList.obj
 0002:0000d750       ?_Myptr@?$_String_val@U?$_Simple_types@D@std@@@std@@QAEPADXZ 0042b750 f i AllowableIpList.obj
 0002:0000d7e0       ?_Myptr@?$_String_val@U?$_Simple_types@D@std@@@std@@QBEPBDXZ 0042b7e0 f i AllowableIpList.obj
 0002:0000d870       ?_Orphan_all@?$_String_alloc@U?$_String_base_types@DV?$allocator@D@std@@@std@@@std@@QAEXXZ 0042b870 f i AllowableIpList.obj
 0002:0000d8e0       ?_Orphan_all@?$_Tree_comp_alloc@V?$_Tmap_traits@V?$basic_string@DU?$char_traits@D@std@@V?$allocator@D@2@@std@@UALLOWABLE_IP_INFO@@U?$less@V?$basic_string@DU?$char_traits@D@std@@V?$allocator@D@2@@std@@@2@V?$allocator@U?$pair@$$CBV?$basic_string@DU?$char_traits@D@std@@V?$allocator@D@2@@std@@UALLOWABLE_IP_INFO@@@std@@@2@$0A@@std@@@std@@QAEXXZ 0042b8e0 f i AllowableIpList.obj
 0002:0000d950       ?_Orphan_all@_Container_base12@std@@QAEXXZ 0042b950 f i AllowableIpList.obj
 0002:0000daa0       ?_Orphan_me@_Iterator_base12@std@@QAEXXZ 0042baa0 f i AllowableIpList.obj
 0002:0000dc10       ?_Orphan_ptr@?$_Tree@V?$_Tmap_traits@V?$basic_string@DU?$char_traits@D@std@@V?$allocator@D@2@@std@@UALLOWABLE_IP_INFO@@U?$less@V?$basic_string@DU?$char_traits@D@std@@V?$allocator@D@2@@std@@@2@V?$allocator@U?$pair@$$CBV?$basic_string@DU?$char_traits@D@std@@V?$allocator@D@2@@std@@UALLOWABLE_IP_INFO@@@std@@@2@$0A@@std@@@std@@IAEXPAU?$_Tree_node@U?$pair@$$CBV?$basic_string@DU?$char_traits@D@std@@V?$allocator@D@2@@std@@UALLOWABLE_IP_INFO@@@std@@PAX@2@@Z 0042bc10 f i AllowableIpList.obj
 0002:0000dda0       ?_Rmost@?$_Tree_val@U?$_Tree_simple_types@U?$pair@$$CBV?$basic_string@DU?$char_traits@D@std@@V?$allocator@D@2@@std@@UALLOWABLE_IP_INFO@@@std@@@std@@@std@@QBEAAPAU?$_Tree_node@U?$pair@$$CBV?$basic_string@DU?$char_traits@D@std@@V?$allocator@D@2@@std@@UALLOWABLE_IP_INFO@@@std@@PAX@2@XZ 0042bda0 f i AllowableIpList.obj
 0002:0000de00       ?_Root@?$_Tree_val@U?$_Tree_simple_types@U?$pair@$$CBV?$basic_string@DU?$char_traits@D@std@@V?$allocator@D@2@@std@@UALLOWABLE_IP_INFO@@@std@@@std@@@std@@QBEAAPAU?$_Tree_node@U?$pair@$$CBV?$basic_string@DU?$char_traits@D@std@@V?$allocator@D@2@@std@@UALLOWABLE_IP_INFO@@@std@@PAX@2@XZ 0042be00 f i AllowableIpList.obj
 0002:0000de60       ?_Rrotate@?$_Tree_val@U?$_Tree_simple_types@U?$pair@$$CBV?$basic_string@DU?$char_traits@D@std@@V?$allocator@D@2@@std@@UALLOWABLE_IP_INFO@@@std@@@std@@@std@@QAEXPAU?$_Tree_node@U?$pair@$$CBV?$basic_string@DU?$char_traits@D@std@@V?$allocator@D@2@@std@@UALLOWABLE_IP_INFO@@@std@@PAX@2@@Z 0042be60 f i AllowableIpList.obj
 0002:0000df70       ?_Swap_all@?$_String_alloc@U?$_String_base_types@DV?$allocator@D@std@@@std@@@std@@QAEXAAV12@@Z 0042bf70 f i AllowableIpList.obj
 0002:0000dff0       ?_Swap_all@_Container_base12@std@@QAEXAAU12@@Z 0042bff0 f i AllowableIpList.obj
 0002:0000e130       ?_Tidy@?$_Tree@V?$_Tmap_traits@V?$basic_string@DU?$char_traits@D@std@@V?$allocator@D@2@@std@@UALLOWABLE_IP_INFO@@U?$less@V?$basic_string@DU?$char_traits@D@std@@V?$allocator@D@2@@std@@@2@V?$allocator@U?$pair@$$CBV?$basic_string@DU?$char_traits@D@std@@V?$allocator@D@2@@std@@UALLOWABLE_IP_INFO@@@std@@@2@$0A@@std@@@std@@IAEXXZ 0042c130 f i AllowableIpList.obj
 0002:0000e2b0       ?_Tidy_deallocate@?$basic_string@DU?$char_traits@D@std@@V?$allocator@D@2@@std@@QAEXXZ 0042c2b0 f i AllowableIpList.obj
 0002:0000e3d0       ?_Tidy_init@?$basic_string@DU?$char_traits@D@std@@V?$allocator@D@2@@std@@QAEXXZ 0042c3d0 f i AllowableIpList.obj
 0002:0000e480       ?_Xlen@?$basic_string@DU?$char_traits@D@std@@V?$allocator@D@2@@std@@SAXXZ 0042c480 f i AllowableIpList.obj
 0002:0000e4e0       ?__empty_global_delete@@YAXPAX@Z 0042c4e0 f i AllowableIpList.obj
 0002:0000e530       ?__empty_global_delete@@YAXPAXI@Z 0042c530 f i AllowableIpList.obj
 0002:0000e580       ?allocate@?$allocator@D@std@@QAEPADI@Z 0042c580 f i AllowableIpList.obj
 0002:0000e5f0       ?allocate@?$allocator@U?$_Tree_node@U?$pair@$$CBV?$basic_string@DU?$char_traits@D@std@@V?$allocator@D@2@@std@@UALLOWABLE_IP_INFO@@@std@@PAX@std@@@std@@QAEPAU?$_Tree_node@U?$pair@$$CBV?$basic_string@DU?$char_traits@D@std@@V?$allocator@D@2@@std@@UALLOWABLE_IP_INFO@@@std@@PAX@2@I@Z 0042c5f0 f i AllowableIpList.obj
 0002:0000e660       ?allocate@?$allocator@U_Container_proxy@std@@@std@@QAEPAU_Container_proxy@2@I@Z 0042c660 f i AllowableIpList.obj
 0002:0000e6d0       ?assign@?$basic_string@DU?$char_traits@D@std@@V?$allocator@D@2@@std@@QAEAAV12@QBD@Z 0042c6d0 f i AllowableIpList.obj
 0002:0000e750       ?assign@?$basic_string@DU?$char_traits@D@std@@V?$allocator@D@2@@std@@QAEAAV12@QBDI@Z 0042c750 f i AllowableIpList.obj
 0002:0000e850       ?assign@?$char_traits@D@std@@SAXAADABD@Z 0042c850 f i AllowableIpList.obj
 0002:0000e8e0       ?begin@?$_Tree@V?$_Tmap_traits@V?$basic_string@DU?$char_traits@D@std@@V?$allocator@D@2@@std@@UALLOWABLE_IP_INFO@@U?$less@V?$basic_string@DU?$char_traits@D@std@@V?$allocator@D@2@@std@@@2@V?$allocator@U?$pair@$$CBV?$basic_string@DU?$char_traits@D@std@@V?$allocator@D@2@@std@@UALLOWABLE_IP_INFO@@@std@@@2@$0A@@std@@@std@@QAE?AV?$_Tree_iterator@V?$_Tree_val@U?$_Tree_simple_types@U?$pair@$$CBV?$basic_string@DU?$char_traits@D@std@@V?$allocator@D@2@@std@@UALLOWABLE_IP_INFO@@@std@@@std@@@std@@@2@XZ 0042c8e0 f i AllowableIpList.obj
 0002:0000e9b0       ?clear@?$_Tree@V?$_Tmap_traits@V?$basic_string@DU?$char_traits@D@std@@V?$allocator@D@2@@std@@UALLOWABLE_IP_INFO@@U?$less@V?$basic_string@DU?$char_traits@D@std@@V?$allocator@D@2@@std@@@2@V?$allocator@U?$pair@$$CBV?$basic_string@DU?$char_traits@D@std@@V?$allocator@D@2@@std@@UALLOWABLE_IP_INFO@@@std@@@2@$0A@@std@@@std@@QAEXXZ 0042c9b0 f i AllowableIpList.obj
 0002:0000eab0       ?compare@?$basic_string@DU?$char_traits@D@std@@V?$allocator@D@2@@std@@QBEHABV12@@Z 0042cab0 f i AllowableIpList.obj
 0002:0000eb90       ?compare@?$char_traits@D@std@@SAHQBD0I@Z 0042cb90 f i AllowableIpList.obj
 0002:0000ec30       ?copy@?$char_traits@D@std@@SAPADQADQBDI@Z 0042cc30 f i AllowableIpList.obj
 0002:0000ecd0       ?deallocate@?$_Default_allocator_traits@V?$allocator@U?$_Tree_node@U?$pair@$$CBV?$basic_string@DU?$char_traits@D@std@@V?$allocator@D@2@@std@@UALLOWABLE_IP_INFO@@@std@@PAX@std@@@std@@@std@@SAXAAV?$allocator@U?$_Tree_node@U?$pair@$$CBV?$basic_string@DU?$char_traits@D@std@@V?$allocator@D@2@@std@@UALLOWABLE_IP_INFO@@@std@@PAX@std@@@2@QAU?$_Tree_node@U?$pair@$$CBV?$basic_string@DU?$char_traits@D@std@@V?$allocator@D@2@@std@@UALLOWABLE_IP_INFO@@@std@@PAX@2@I@Z 0042ccd0 f i AllowableIpList.obj
 0002:0000ed30       ?deallocate@?$_Default_allocator_traits@V?$allocator@U_Container_proxy@std@@@std@@@std@@SAXAAV?$allocator@U_Container_proxy@std@@@2@QAU_Container_proxy@2@I@Z 0042cd30 f i AllowableIpList.obj
 0002:0000eda0       ?deallocate@?$allocator@D@std@@QAEXQADI@Z 0042cda0 f i AllowableIpList.obj
 0002:0000ee10       ?deallocate@?$allocator@U?$_Tree_node@U?$pair@$$CBV?$basic_string@DU?$char_traits@D@std@@V?$allocator@D@2@@std@@UALLOWABLE_IP_INFO@@@std@@PAX@std@@@std@@QAEXQAU?$_Tree_node@U?$pair@$$CBV?$basic_string@DU?$char_traits@D@std@@V?$allocator@D@2@@std@@UALLOWABLE_IP_INFO@@@std@@PAX@2@I@Z 0042ce10 f i AllowableIpList.obj
 0002:0000ee80       ?end@?$_Tree@V?$_Tmap_traits@V?$basic_string@DU?$char_traits@D@std@@V?$allocator@D@2@@std@@UALLOWABLE_IP_INFO@@U?$less@V?$basic_string@DU?$char_traits@D@std@@V?$allocator@D@2@@std@@@2@V?$allocator@U?$pair@$$CBV?$basic_string@DU?$char_traits@D@std@@V?$allocator@D@2@@std@@UALLOWABLE_IP_INFO@@@std@@@2@$0A@@std@@@std@@QAE?AV?$_Tree_iterator@V?$_Tree_val@U?$_Tree_simple_types@U?$pair@$$CBV?$basic_string@DU?$char_traits@D@std@@V?$allocator@D@2@@std@@UALLOWABLE_IP_INFO@@@std@@@std@@@std@@@2@XZ 0042ce80 f i AllowableIpList.obj
 0002:0000ef40       ?erase@?$_Tree@V?$_Tmap_traits@V?$basic_string@DU?$char_traits@D@std@@V?$allocator@D@2@@std@@UALLOWABLE_IP_INFO@@U?$less@V?$basic_string@DU?$char_traits@D@std@@V?$allocator@D@2@@std@@@2@V?$allocator@U?$pair@$$CBV?$basic_string@DU?$char_traits@D@std@@V?$allocator@D@2@@std@@UALLOWABLE_IP_INFO@@@std@@@2@$0A@@std@@@std@@QAE?AV?$_Tree_iterator@V?$_Tree_val@U?$_Tree_simple_types@U?$pair@$$CBV?$basic_string@DU?$char_traits@D@std@@V?$allocator@D@2@@std@@UALLOWABLE_IP_INFO@@@std@@@std@@@std@@@2@V?$_Tree_const_iterator@V?$_Tree_val@U?$_Tree_simple_types@U?$pair@$$CBV?$basic_string@DU?$char_traits@D@std@@V?$allocator@D@2@@std@@UALLOWABLE_IP_INFO@@@std@@@std@@@std@@@2@0@Z 0042cf40 f i AllowableIpList.obj
 0002:0000f270       ?erase@?$_Tree@V?$_Tmap_traits@V?$basic_string@DU?$char_traits@D@std@@V?$allocator@D@2@@std@@UALLOWABLE_IP_INFO@@U?$less@V?$basic_string@DU?$char_traits@D@std@@V?$allocator@D@2@@std@@@2@V?$allocator@U?$pair@$$CBV?$basic_string@DU?$char_traits@D@std@@V?$allocator@D@2@@std@@UALLOWABLE_IP_INFO@@@std@@@2@$0A@@std@@@std@@QAE?AV?$_Tree_iterator@V?$_Tree_val@U?$_Tree_simple_types@U?$pair@$$CBV?$basic_string@DU?$char_traits@D@std@@V?$allocator@D@2@@std@@UALLOWABLE_IP_INFO@@@std@@@std@@@std@@@2@V?$_Tree_const_iterator@V?$_Tree_val@U?$_Tree_simple_types@U?$pair@$$CBV?$basic_string@DU?$char_traits@D@std@@V?$allocator@D@2@@std@@UALLOWABLE_IP_INFO@@@std@@@std@@@std@@@2@@Z 0042d270 f i AllowableIpList.obj
 0002:0000f510       ?find@?$_Tree@V?$_Tmap_traits@V?$basic_string@DU?$char_traits@D@std@@V?$allocator@D@2@@std@@UALLOWABLE_IP_INFO@@U?$less@V?$basic_string@DU?$char_traits@D@std@@V?$allocator@D@2@@std@@@2@V?$allocator@U?$pair@$$CBV?$basic_string@DU?$char_traits@D@std@@V?$allocator@D@2@@std@@UALLOWABLE_IP_INFO@@@std@@@2@$0A@@std@@@std@@QAE?AV?$_Tree_iterator@V?$_Tree_val@U?$_Tree_simple_types@U?$pair@$$CBV?$basic_string@DU?$char_traits@D@std@@V?$allocator@D@2@@std@@UALLOWABLE_IP_INFO@@@std@@@std@@@std@@@2@ABV?$basic_string@DU?$char_traits@D@std@@V?$allocator@D@2@@2@@Z 0042d510 f i AllowableIpList.obj
 0002:0000f7d0       ?length@?$char_traits@D@std@@SAIQBD@Z 0042d7d0 f i AllowableIpList.obj
 0002:0000f860       ?lower_bound@?$_Tree@V?$_Tmap_traits@V?$basic_string@DU?$char_traits@D@std@@V?$allocator@D@2@@std@@UALLOWABLE_IP_INFO@@U?$less@V?$basic_string@DU?$char_traits@D@std@@V?$allocator@D@2@@std@@@2@V?$allocator@U?$pair@$$CBV?$basic_string@DU?$char_traits@D@std@@V?$allocator@D@2@@std@@UALLOWABLE_IP_INFO@@@std@@@2@$0A@@std@@@std@@QAE?AV?$_Tree_iterator@V?$_Tree_val@U?$_Tree_simple_types@U?$pair@$$CBV?$basic_string@DU?$char_traits@D@std@@V?$allocator@D@2@@std@@UALLOWABLE_IP_INFO@@@std@@@std@@@std@@@2@ABV?$basic_string@DU?$char_traits@D@std@@V?$allocator@D@2@@2@@Z 0042d860 f i AllowableIpList.obj
 0002:0000f910       ?max@?$numeric_limits@H@std@@SAHXZ 0042d910 f i AllowableIpList.obj
 0002:0000f9a0       ?max_size@?$_Default_allocator_traits@V?$allocator@D@std@@@std@@SAIABV?$allocator@D@2@@Z 0042d9a0 f i AllowableIpList.obj
 0002:0000fa30       ?max_size@?$_Default_allocator_traits@V?$allocator@U?$_Tree_node@U?$pair@$$CBV?$basic_string@DU?$char_traits@D@std@@V?$allocator@D@2@@std@@UALLOWABLE_IP_INFO@@@std@@PAX@std@@@std@@@std@@SAIABV?$allocator@U?$_Tree_node@U?$pair@$$CBV?$basic_string@DU?$char_traits@D@std@@V?$allocator@D@2@@std@@UALLOWABLE_IP_INFO@@@std@@PAX@std@@@2@@Z 0042da30 f i AllowableIpList.obj
 0002:0000fac0       ?max_size@?$_Tree@V?$_Tmap_traits@V?$basic_string@DU?$char_traits@D@std@@V?$allocator@D@2@@std@@UALLOWABLE_IP_INFO@@U?$less@V?$basic_string@DU?$char_traits@D@std@@V?$allocator@D@2@@std@@@2@V?$allocator@U?$pair@$$CBV?$basic_string@DU?$char_traits@D@std@@V?$allocator@D@2@@std@@UALLOWABLE_IP_INFO@@@std@@@2@$0A@@std@@@std@@QBEIXZ 0042dac0 f i AllowableIpList.obj
 0002:0000fb60       ?max_size@?$basic_string@DU?$char_traits@D@std@@V?$allocator@D@2@@std@@QBEIXZ 0042db60 f i AllowableIpList.obj
 0002:0000fcb0       ?move@?$char_traits@D@std@@SAPADQADQBDI@Z 0042dcb0 f i AllowableIpList.obj
 0002:0000fd50       __JustMyCode_Default       0042dd50 f i AllowableIpList.obj
 0002:0000fd60       ??$?0$$V@?$_Compressed_pair@V?$allocator@UBAD_SYNTAX_INFO@@@std@@V?$_Vector_val@U?$_Simple_types@UBAD_SYNTAX_INFO@@@std@@@2@$00@std@@QAE@U_Zero_then_variadic_args_t@1@@Z 0042dd60 f i BadSyntax.obj
 0002:0000fdd0       ??$?0UBAD_SYNTAX_INFO@@@?$allocator@U_Container_proxy@std@@@std@@QAE@ABV?$allocator@UBAD_SYNTAX_INFO@@@1@@Z 0042ddd0 f i BadSyntax.obj
 0002:0000fe60       ??$_Const_cast@$$CBUBAD_SYNTAX_INFO@@@std@@YA@PBUBAD_SYNTAX_INFO@@@Z 0042de60 f i BadSyntax.obj
 0002:0000feb0       ??$_Copy_memmove@PAUBAD_SYNTAX_INFO@@PAU1@@std@@YAPAUBAD_SYNTAX_INFO@@PAU1@00@Z 0042deb0 f i BadSyntax.obj
 0002:0000ff40       ??$_Destroy_range1@V?$allocator@UBAD_SYNTAX_INFO@@@std@@@std@@YAXPAUBAD_SYNTAX_INFO@@0AAV?$allocator@UBAD_SYNTAX_INFO@@@0@U?$integral_constant@_N$00@0@@Z 0042df40 f i BadSyntax.obj
 0002:0000ff90       ??$_Destroy_range@V?$allocator@UBAD_SYNTAX_INFO@@@std@@@std@@YAXPAUBAD_SYNTAX_INFO@@0AAV?$allocator@UBAD_SYNTAX_INFO@@@0@@Z 0042df90 f i BadSyntax.obj
 0002:00010010       ??$_Emplace_back_with_unused_capacity@ABUBAD_SYNTAX_INFO@@@?$vector@UBAD_SYNTAX_INFO@@V?$allocator@UBAD_SYNTAX_INFO@@@std@@@std@@AAE@ABUBAD_SYNTAX_INFO@@@Z 0042e010 f i BadSyntax.obj
 0002:00010110       ??$_Emplace_reallocate@ABUBAD_SYNTAX_INFO@@@?$vector@UBAD_SYNTAX_INFO@@V?$allocator@UBAD_SYNTAX_INFO@@@std@@@std@@QAEPAUBAD_SYNTAX_INFO@@QAU2@ABU2@@Z 0042e110 f i BadSyntax.obj
 0002:000103b0       ??$_Get_size_of_n@$0CA@@std@@YAII@Z 0042e3b0 f i BadSyntax.obj
 0002:00010430       ??$_Get_unwrapped@UBAD_SYNTAX_INFO@@@std@@YAPAUBAD_SYNTAX_INFO@@QAU1@@Z 0042e430 f i BadSyntax.obj
 0002:00010480       ??$_Get_unwrapped_n@UBAD_SYNTAX_INFO@@H$0A@@std@@YAPAUBAD_SYNTAX_INFO@@QAU1@H@Z 0042e480 f i BadSyntax.obj
 0002:000104d0       ??$_Idl_distance1@PAUBAD_SYNTAX_INFO@@PAU1@@std@@YAHABQAUBAD_SYNTAX_INFO@@0Urandom_access_iterator_tag@0@@Z 0042e4d0 f i BadSyntax.obj
 0002:00010530       ??$_Idl_distance@PAUBAD_SYNTAX_INFO@@PAU1@@std@@YA@ABQAUBAD_SYNTAX_INFO@@0@Z 0042e530 f i BadSyntax.obj
 0002:000105a0       ??$_Ptr_move_cat@UBAD_SYNTAX_INFO@@U1@@std@@YA?AU_Really_trivial_ptr_iterator_tag@0@ABQAUBAD_SYNTAX_INFO@@0@Z 0042e5a0 f i BadSyntax.obj
 0002:000105f0       ??$_Seek_wrapped@UBAD_SYNTAX_INFO@@@std@@YAXAAPAUBAD_SYNTAX_INFO@@QAU1@@Z 0042e5f0 f i BadSyntax.obj
 0002:00010650       ??$_Unfancy@UBAD_SYNTAX_INFO@@@std@@YAPAUBAD_SYNTAX_INFO@@PAU1@@Z 0042e650 f i BadSyntax.obj
 0002:000106a0       ??$_Uninitialized_move@PAUBAD_SYNTAX_INFO@@PAU1@V?$allocator@UBAD_SYNTAX_INFO@@@std@@@std@@YAPAUBAD_SYNTAX_INFO@@QAU1@0PAU1@AAV?$allocator@UBAD_SYNTAX_INFO@@@0@@Z 0042e6a0 f i BadSyntax.obj
 0002:00010800       ??$_Uninitialized_move_al_unchecked@UBAD_SYNTAX_INFO@@U1@V?$allocator@UBAD_SYNTAX_INFO@@@std@@@std@@YAPAUBAD_SYNTAX_INFO@@QAU1@00AAV?$allocator@UBAD_SYNTAX_INFO@@@0@U_Really_trivial_ptr_iterator_tag@0@U?$integral_constant@_N$00@0@@Z 0042e800 f i BadSyntax.obj
 0002:00010870       ??$addressof@V?$_Vector_val@U?$_Simple_types@UBAD_SYNTAX_INFO@@@std@@@std@@@std@@YAPAV?$_Vector_val@U?$_Simple_types@UBAD_SYNTAX_INFO@@@std@@@0@AAV10@@Z 0042e870 f i BadSyntax.obj
 0002:00010900       ??$construct@UBAD_SYNTAX_INFO@@ABU1@@?$_Default_allocator_traits@V?$allocator@UBAD_SYNTAX_INFO@@@std@@@std@@SAXAAV?$allocator@UBAD_SYNTAX_INFO@@@1@QAUBAD_SYNTAX_INFO@@ABU3@@Z 0042e900 f i BadSyntax.obj
 0002:00010990       ??$emplace_back@ABUBAD_SYNTAX_INFO@@@?$vector@UBAD_SYNTAX_INFO@@V?$allocator@UBAD_SYNTAX_INFO@@@std@@@std@@QAE@ABUBAD_SYNTAX_INFO@@@Z 0042e990 f i BadSyntax.obj
 0002:00010a40       ??$forward@ABUBAD_SYNTAX_INFO@@@std@@YAABUBAD_SYNTAX_INFO@@ABU1@@Z 0042ea40 f i BadSyntax.obj
 0002:00010ad0       ??0?$_Vector_alloc@U?$_Vec_base_types@UBAD_SYNTAX_INFO@@V?$allocator@UBAD_SYNTAX_INFO@@@std@@@std@@@std@@QAE@XZ 0042ead0 f i BadSyntax.obj
 0002:00010b50       ??0?$_Vector_const_iterator@V?$_Vector_val@U?$_Simple_types@UBAD_SYNTAX_INFO@@@std@@@std@@@std@@QAE@$$QAV01@@Z 0042eb50 f i BadSyntax.obj
 0002:00010bc0       ??0?$_Vector_const_iterator@V?$_Vector_val@U?$_Simple_types@UBAD_SYNTAX_INFO@@@std@@@std@@@std@@QAE@ABV01@@Z 0042ebc0 f i BadSyntax.obj
 0002:00010c30       ??0?$_Vector_const_iterator@V?$_Vector_val@U?$_Simple_types@UBAD_SYNTAX_INFO@@@std@@@std@@@std@@QAE@PAUBAD_SYNTAX_INFO@@PBU_Container_base12@1@@Z 0042ec30 f i BadSyntax.obj
 0002:00010cb0       ??0?$_Vector_iterator@V?$_Vector_val@U?$_Simple_types@UBAD_SYNTAX_INFO@@@std@@@std@@@std@@QAE@$$QAV01@@Z 0042ecb0 f i BadSyntax.obj
 0002:00010d10       ??0?$_Vector_iterator@V?$_Vector_val@U?$_Simple_types@UBAD_SYNTAX_INFO@@@std@@@std@@@std@@QAE@ABV01@@Z 0042ed10 f i BadSyntax.obj
 0002:00010d70       ??0?$_Vector_iterator@V?$_Vector_val@U?$_Simple_types@UBAD_SYNTAX_INFO@@@std@@@std@@@std@@QAE@PAUBAD_SYNTAX_INFO@@PBU_Container_base12@1@@Z 0042ed70 f i BadSyntax.obj
 0002:00010de0       ??0?$_Vector_val@U?$_Simple_types@UBAD_SYNTAX_INFO@@@std@@@std@@QAE@XZ 0042ede0 f i BadSyntax.obj
 0002:00010e70       ??0?$allocator@UBAD_SYNTAX_INFO@@@std@@QAE@XZ 0042ee70 f i BadSyntax.obj
 0002:00010f00       ??0?$vector@UBAD_SYNTAX_INFO@@V?$allocator@UBAD_SYNTAX_INFO@@@std@@@std@@QAE@XZ 0042ef00 f i BadSyntax.obj
 0002:00010fa0       ??0CBadSyntax@@QAE@XZ      0042efa0 f   BadSyntax.obj
 0002:00011010       ??1?$_Vector_alloc@U?$_Vec_base_types@UBAD_SYNTAX_INFO@@V?$allocator@UBAD_SYNTAX_INFO@@@std@@@std@@@std@@QAE@XZ 0042f010 f i BadSyntax.obj
 0002:000110a0       ??1?$_Vector_const_iterator@V?$_Vector_val@U?$_Simple_types@UBAD_SYNTAX_INFO@@@std@@@std@@@std@@QAE@XZ 0042f0a0 f i BadSyntax.obj
 0002:000110f0       ??1?$_Vector_iterator@V?$_Vector_val@U?$_Simple_types@UBAD_SYNTAX_INFO@@@std@@@std@@@std@@QAE@XZ 0042f0f0 f i BadSyntax.obj
 0002:00011140       ??1?$vector@UBAD_SYNTAX_INFO@@V?$allocator@UBAD_SYNTAX_INFO@@@std@@@std@@QAE@XZ 0042f140 f i BadSyntax.obj
 0002:000111e0       ??1CBadSyntax@@QAE@XZ      0042f1e0 f   BadSyntax.obj
 0002:00011270       ??8?$_Vector_const_iterator@V?$_Vector_val@U?$_Simple_types@UBAD_SYNTAX_INFO@@@std@@@std@@@std@@QBE_NABV01@@Z 0042f270 f i BadSyntax.obj
 0002:00011310       ??9?$_Vector_const_iterator@V?$_Vector_val@U?$_Simple_types@UBAD_SYNTAX_INFO@@@std@@@std@@@std@@QBE_NABV01@@Z 0042f310 f i BadSyntax.obj
 0002:000113a0       ??C?$_Vector_const_iterator@V?$_Vector_val@U?$_Simple_types@UBAD_SYNTAX_INFO@@@std@@@std@@@std@@QBEPBUBAD_SYNTAX_INFO@@XZ 0042f3a0 f i BadSyntax.obj
 0002:00011520       ??C?$_Vector_iterator@V?$_Vector_val@U?$_Simple_types@UBAD_SYNTAX_INFO@@@std@@@std@@@std@@QBEPAUBAD_SYNTAX_INFO@@XZ 0042f520 f i BadSyntax.obj
 0002:00011590       ??E?$_Vector_const_iterator@V?$_Vector_val@U?$_Simple_types@UBAD_SYNTAX_INFO@@@std@@@std@@@std@@QAEAAV01@XZ 0042f590 f i BadSyntax.obj
 0002:00011710       ??E?$_Vector_iterator@V?$_Vector_val@U?$_Simple_types@UBAD_SYNTAX_INFO@@@std@@@std@@@std@@QAE?AV01@H@Z 0042f710 f i BadSyntax.obj
 0002:00011840       ??E?$_Vector_iterator@V?$_Vector_val@U?$_Simple_types@UBAD_SYNTAX_INFO@@@std@@@std@@@std@@QAEAAV01@XZ 0042f840 f i BadSyntax.obj
 0002:000118a0       ?CheckSyntax@CBadSyntax@@QAE_NPAD@Z 0042f8a0 f   BadSyntax.obj
 0002:00011a60       ?Load@CBadSyntax@@QAEXPAD@Z 0042fa60 f   BadSyntax.obj
 0002:00011d80       ?_Alloc_proxy@?$_Vector_alloc@U?$_Vec_base_types@UBAD_SYNTAX_INFO@@V?$allocator@UBAD_SYNTAX_INFO@@@std@@@std@@@std@@QAEXXZ 0042fd80 f i BadSyntax.obj
 0002:00011eb0       ?_Calculate_growth@?$vector@UBAD_SYNTAX_INFO@@V?$allocator@UBAD_SYNTAX_INFO@@@std@@@std@@ABEII@Z 0042feb0 f i BadSyntax.obj
 0002:00011f60       ?_Change_array@?$vector@UBAD_SYNTAX_INFO@@V?$allocator@UBAD_SYNTAX_INFO@@@std@@@std@@AAEXQAUBAD_SYNTAX_INFO@@II@Z 0042ff60 f i BadSyntax.obj
 0002:00012060       ?_Compat@?$_Vector_const_iterator@V?$_Vector_val@U?$_Simple_types@UBAD_SYNTAX_INFO@@@std@@@std@@@std@@QBEXABV12@@Z 00430060 f i BadSyntax.obj
 0002:00012150       ?_Destroy@?$vector@UBAD_SYNTAX_INFO@@V?$allocator@UBAD_SYNTAX_INFO@@@std@@@std@@AAEXPAUBAD_SYNTAX_INFO@@0@Z 00430150 f i BadSyntax.obj
 0002:000121d0       ?_Free_proxy@?$_Vector_alloc@U?$_Vec_base_types@UBAD_SYNTAX_INFO@@V?$allocator@UBAD_SYNTAX_INFO@@@std@@@std@@@std@@QAEXXZ 004301d0 f i BadSyntax.obj
 0002:000122d0       ?_Get_data@?$_Vector_alloc@U?$_Vec_base_types@UBAD_SYNTAX_INFO@@V?$allocator@UBAD_SYNTAX_INFO@@@std@@@std@@@std@@QAEAAV?$_Vector_val@U?$_Simple_types@UBAD_SYNTAX_INFO@@@std@@@2@XZ 004302d0 f i BadSyntax.obj
 0002:00012360       ?_Get_data@?$_Vector_alloc@U?$_Vec_base_types@UBAD_SYNTAX_INFO@@V?$allocator@UBAD_SYNTAX_INFO@@@std@@@std@@@std@@QBEABV?$_Vector_val@U?$_Simple_types@UBAD_SYNTAX_INFO@@@std@@@2@XZ 00430360 f i BadSyntax.obj
 0002:000123f0       ?_Get_first@?$_Compressed_pair@V?$allocator@UBAD_SYNTAX_INFO@@@std@@V?$_Vector_val@U?$_Simple_types@UBAD_SYNTAX_INFO@@@std@@@2@$00@std@@QAEAAV?$allocator@UBAD_SYNTAX_INFO@@@2@XZ 004303f0 f i BadSyntax.obj
 0002:00012480       ?_Get_first@?$_Compressed_pair@V?$allocator@UBAD_SYNTAX_INFO@@@std@@V?$_Vector_val@U?$_Simple_types@UBAD_SYNTAX_INFO@@@std@@@2@$00@std@@QBEABV?$allocator@UBAD_SYNTAX_INFO@@@2@XZ 00430480 f i BadSyntax.obj
 0002:00012510       ?_Get_second@?$_Compressed_pair@V?$allocator@UBAD_SYNTAX_INFO@@@std@@V?$_Vector_val@U?$_Simple_types@UBAD_SYNTAX_INFO@@@std@@@2@$00@std@@QAEAAV?$_Vector_val@U?$_Simple_types@UBAD_SYNTAX_INFO@@@std@@@2@XZ 00430510 f i BadSyntax.obj
 0002:000125a0       ?_Get_second@?$_Compressed_pair@V?$allocator@UBAD_SYNTAX_INFO@@@std@@V?$_Vector_val@U?$_Simple_types@UBAD_SYNTAX_INFO@@@std@@@2@$00@std@@QBEABV?$_Vector_val@U?$_Simple_types@UBAD_SYNTAX_INFO@@@std@@@2@XZ 004305a0 f i BadSyntax.obj
 0002:00012630       ?_Getal@?$_Vector_alloc@U?$_Vec_base_types@UBAD_SYNTAX_INFO@@V?$allocator@UBAD_SYNTAX_INFO@@@std@@@std@@@std@@QAEAAV?$allocator@UBAD_SYNTAX_INFO@@@2@XZ 00430630 f i BadSyntax.obj
 0002:000126c0       ?_Getal@?$_Vector_alloc@U?$_Vec_base_types@UBAD_SYNTAX_INFO@@V?$allocator@UBAD_SYNTAX_INFO@@@std@@@std@@@std@@QBEABV?$allocator@UBAD_SYNTAX_INFO@@@2@XZ 004306c0 f i BadSyntax.obj
 0002:00012750       ?_Getpfirst@?$_Vector_alloc@U?$_Vec_base_types@UBAD_SYNTAX_INFO@@V?$allocator@UBAD_SYNTAX_INFO@@@std@@@std@@@std@@QBEPAPAU_Iterator_base12@2@XZ 00430750 f i BadSyntax.obj
 0002:000127c0       ?_Has_unused_capacity@?$vector@UBAD_SYNTAX_INFO@@V?$allocator@UBAD_SYNTAX_INFO@@@std@@@std@@ABE_NXZ 004307c0 f i BadSyntax.obj
 0002:00012890       ?_Myend@?$_Vector_alloc@U?$_Vec_base_types@UBAD_SYNTAX_INFO@@V?$allocator@UBAD_SYNTAX_INFO@@@std@@@std@@@std@@QAEAAPAUBAD_SYNTAX_INFO@@XZ 00430890 f i BadSyntax.obj
 0002:00012930       ?_Myend@?$_Vector_alloc@U?$_Vec_base_types@UBAD_SYNTAX_INFO@@V?$allocator@UBAD_SYNTAX_INFO@@@std@@@std@@@std@@QBEABQAUBAD_SYNTAX_INFO@@XZ 00430930 f i BadSyntax.obj
 0002:000129d0       ?_Myfirst@?$_Vector_alloc@U?$_Vec_base_types@UBAD_SYNTAX_INFO@@V?$allocator@UBAD_SYNTAX_INFO@@@std@@@std@@@std@@QAEAAPAUBAD_SYNTAX_INFO@@XZ 004309d0 f i BadSyntax.obj
 0002:00012a70       ?_Myfirst@?$_Vector_alloc@U?$_Vec_base_types@UBAD_SYNTAX_INFO@@V?$allocator@UBAD_SYNTAX_INFO@@@std@@@std@@@std@@QBEABQAUBAD_SYNTAX_INFO@@XZ 00430a70 f i BadSyntax.obj
 0002:00012b10       ?_Mylast@?$_Vector_alloc@U?$_Vec_base_types@UBAD_SYNTAX_INFO@@V?$allocator@UBAD_SYNTAX_INFO@@@std@@@std@@@std@@QAEAAPAUBAD_SYNTAX_INFO@@XZ 00430b10 f i BadSyntax.obj
 0002:00012bb0       ?_Mylast@?$_Vector_alloc@U?$_Vec_base_types@UBAD_SYNTAX_INFO@@V?$allocator@UBAD_SYNTAX_INFO@@@std@@@std@@@std@@QBEABQAUBAD_SYNTAX_INFO@@XZ 00430bb0 f i BadSyntax.obj
[...]
 0006:00000004       __7F520332_xtree           00566004     AllowableIpList.obj
 0006:00000005       __095A37B3_stdafx@cpp      00566005     AllowableIpList.obj
 0006:00000006       __532AAD06_limits          00566006     AllowableIpList.obj
 0006:00000007       __14067E4E_utility         00566007     AllowableIpList.obj
 0006:00000008       __64FD9D7D_xutility        00566008     AllowableIpList.obj
 0006:00000009       __0A409B11_xstring         00566009     AllowableIpList.obj
 0006:0000000a       __CA6DF041_vcruntime_new@h 0056600a     AllowableIpList.obj
 0006:0000000b       __B8D8FF1A_type_traits     0056600b     AllowableIpList.obj
 0006:0000000c       __E319E95C_xstddef         0056600c     AllowableIpList.obj
 0006:0000000d       __B5AE5C2C_xmemory0        0056600d     AllowableIpList.obj
 0006:0000000e       __9FC37880_iosfwd          0056600e     AllowableIpList.obj
 0006:0000000f       __3F72261F_allowableiplist@cpp 0056600f     AllowableIpList.obj
 0006:00000013       __8FB88339_stdafx@h        00566013     BadSyntax.obj
 0006:00000014       __7A7756D6_dataserver@pch  00566014     BadSyntax.obj
 0006:00000015       __7E931D8D_xmemory         00566015     BadSyntax.obj
 0006:00000016       __532AAD06_limits          00566016     BadSyntax.obj
 0006:00000017       __14067E4E_utility         00566017     BadSyntax.obj
 0006:00000018       __CA6DF041_vcruntime_new@h 00566018     BadSyntax.obj
 0006:00000019       __B8D8FF1A_type_traits     00566019     BadSyntax.obj
 0006:0000001a       __E319E95C_xstddef         0056601a     BadSyntax.obj
 0006:0000001b       __B5AE5C2C_xmemory0        0056601b     BadSyntax.obj
 0006:0000001c       __1E87DDE6_vector          0056601c     BadSyntax.obj
 0006:0000001d       __64FD9D7D_xutility        0056601d     BadSyntax.obj
 0006:0000001e       __79A2551C_string@h        0056601e     BadSyntax.obj
 0006:0000001f       __2F1900E5_badsyntax@cpp   0056601f     BadSyntax.obj
 0006:00000020       __095A37B3_stdafx@cpp      00566020     BadSyntax.obj
 0006:00000023       __8FB88339_stdafx@h        00566023     CharacterManager.obj
 0006:00000024       __7A7756D6_dataserver@pch  00566024     CharacterManager.obj
 0006:00000025       __72225C6E_algorithm       00566025     CharacterManager.obj
 0006:00000026       __151D0B64_map             00566026     CharacterManager.obj
 0006:00000027       __7F520332_xtree           00566027     CharacterManager.obj
 0006:00000028       __095A37B3_stdafx@cpp      00566028     CharacterManager.obj
 0006:00000029       __532AAD06_limits          00566029     CharacterManager.obj
 0006:0000002a       __14067E4E_utility         0056602a     CharacterManager.obj
 0006:0000002b       __0A409B11_xstring         0056602b     CharacterManager.obj
 0006:0000002c       __CA6DF041_vcruntime_new@h 0056602c     CharacterManager.obj
 0006:0000002d       __B8D8FF1A_type_traits     0056602d     CharacterManager.obj
 0006:0000002e       __E319E95C_xstddef         0056602e     CharacterManager.obj
 0006:0000002f       __B5AE5C2C_xmemory0        0056602f     CharacterManager.obj
 0006:00000030       __9FC37880_iosfwd          00566030     CharacterManager.obj
 0006:00000031       __64FD9D7D_xutility        00566031     CharacterManager.obj
 0006:00000032       __20C56328_charactermanager@cpp 00566032     CharacterManager.obj
 0006:00000036       __8FB88339_stdafx@h        00566036     CommandManager.obj
 0006:00000037       __7A7756D6_dataserver@pch  00566037     CommandManager.obj
 0006:00000038       __2810FBEE_commandmanager@cpp 00566038     CommandManager.obj
 0006:00000039       __11BC11C2_protocoldefines@h 00566039     CommandManager.obj
 0006:0000003a       __095A37B3_stdafx@cpp      0056603a     CommandManager.obj
 0006:0000003c       __8FB88339_stdafx@h        0056603c     Console.obj
 0006:0000003d       __7A7756D6_dataserver@pch  0056603d     Console.obj
 0006:0000003e       __532AAD06_limits          0056603e     Console.obj
 0006:0000003f       __14067E4E_utility         0056603f     Console.obj
 0006:00000040       __CA6DF041_vcruntime_new@h 00566040     Console.obj
 0006:00000041       __0A409B11_xstring         00566041     Console.obj
 0006:00000042       __E319E95C_xstddef         00566042     Console.obj
 0006:00000043       __B5AE5C2C_xmemory0        00566043     Console.obj
 0006:00000044       __AADEE2DA_system_error    00566044     Console.obj
 0006:00000045       __11A024E7_stdexcept       00566045     Console.obj
 0006:00000046       __0BAB8DAC_xlocinfo        00566046     Console.obj
 0006:00000047       __5CA8563A_vcruntime_typeinfo@h 00566047     Console.obj
 0006:00000048       __095A37B3_stdafx@cpp      00566048     Console.obj
 0006:00000049       __942C9C7D_vcruntime_exception@h 00566049     Console.obj
 0006:0000004a       __B8D8FF1A_type_traits     0056604a     Console.obj
 0006:0000004b       __C3C1F687_xfacet          0056604b     Console.obj
 0006:0000004c       __EF84A188_memory          0056604c     Console.obj
 0006:0000004d       __64FD9D7D_xutility        0056604d     Console.obj
 0006:0000004e       __D57EEF20_xlocale         0056604e     Console.obj
 0006:0000004f       __159EDF8C_ios             0056604f     Console.obj
 0006:00000050       __13009C5B_streambuf       00566050     Console.obj
 0006:00000051       __324EFABF_xiosbase        00566051     Console.obj
 0006:00000052       __9FC37880_iosfwd          00566052     Console.obj
 0006:00000053       __4B2996F1_corecrt_stdio_config@h 00566053     Console.obj
 0006:00000054       __2E8BA09D_stdio@h         00566054     Console.obj
 0006:00000055       __C66E35E4_ostream         00566055     Console.obj
 0006:00000056       __731B6228_console@h       00566056     Console.obj
 0006:00000057       __8D8E3AEE_console@cpp     00566057     Console.obj
 0006:0000005d       __8FB88339_stdafx@h        0056605d     CriticalSection.obj
 0006:0000005e       __7A7756D6_dataserver@pch  0056605e     CriticalSection.obj
 0006:0000005f       __F9874F66_criticalsection@cpp 0056605f     CriticalSection.obj
 0006:00000060       __095A37B3_stdafx@cpp      00566060     CriticalSection.obj
 0006:00000061       __8FB88339_stdafx@h        00566061     DataServer.obj
 0006:00000062       __7A7756D6_dataserver@pch  00566062     DataServer.obj
 0006:00000063       __46DEAE1E_dataserver@cpp  00566063     DataServer.obj
 0006:00000064       __9AB99E67_guildmanager@h  00566064     DataServer.obj
 0006:00000065       __095A37B3_stdafx@cpp      00566065     DataServer.obj
 0006:00000067       __8FB88339_stdafx@h        00566067     DataServerProtocol.obj
 0006:00000068       __7A7756D6_dataserver@pch  00566068     DataServerProtocol.obj
 0006:00000069       __79A2551C_string@h        00566069     DataServerProtocol.obj
 0006:0000006a       __D3EA24FE_dataserverprotocol@cpp 0056606a     DataServerProtocol.obj
 0006:0000006b       __9AB99E67_guildmanager@h  0056606b     DataServerProtocol.obj
 0006:0000006c       __11BC11C2_protocoldefines@h 0056606c     DataServerProtocol.obj
 0006:0000006d       __095A37B3_stdafx@cpp      0056606d     DataServerProtocol.obj
 0006:0000006f       __8FB88339_stdafx@h        0056606f     Guild.obj
 0006:00000070       __7A7756D6_dataserver@pch  00566070     Guild.obj
 0006:00000071       __81BFA59E_guild@cpp       00566071     Guild.obj
 0006:00000072       __9AB99E67_guildmanager@h  00566072     Guild.obj
 0006:00000073       __11BC11C2_protocoldefines@h 00566073     Guild.obj
 0006:00000074       __095A37B3_stdafx@cpp      00566074     Guild.obj
 0006:00000076       __8FB88339_stdafx@h        00566076     GuildManager.obj
 0006:00000077       __7A7756D6_dataserver@pch  00566077     GuildManager.obj
 0006:00000078       __7E931D8D_xmemory         00566078     GuildManager.obj
 0006:00000079       __532AAD06_limits          00566079     GuildManager.obj
 0006:0000007a       __14067E4E_utility         0056607a     GuildManager.obj
 0006:0000007b       __CA6DF041_vcruntime_new@h 0056607b     GuildManager.obj
 0006:0000007c       __B8D8FF1A_type_traits     0056607c     GuildManager.obj
 0006:0000007d       __E319E95C_xstddef         0056607d     GuildManager.obj
 0006:0000007e       __B5AE5C2C_xmemory0        0056607e     GuildManager.obj
 0006:0000007f       __1E87DDE6_vector          0056607f     GuildManager.obj
 0006:00000080       __64FD9D7D_xutility        00566080     GuildManager.obj
 0006:00000081       __4E643EB1_guildmanager@cpp 00566081     GuildManager.obj
 0006:00000082       __11BC11C2_protocoldefines@h 00566082     GuildManager.obj
 0006:00000083       __9AB99E67_guildmanager@h  00566083     GuildManager.obj
 0006:00000084       __095A37B3_stdafx@cpp      00566084     GuildManager.obj
 0006:00000088       __8FB88339_stdafx@h        00566088     Log.obj
 0006:00000089       __7A7756D6_dataserver@pch  00566089     Log.obj
 0006:0000008a       __4B2996F1_corecrt_stdio_config@h 0056608a     Log.obj
 0006:0000008b       __2E8BA09D_stdio@h         0056608b     Log.obj
 0006:0000008c       __79A2551C_string@h        0056608c     Log.obj
 0006:0000008d       __97B00BBB_log@h           0056608d     Log.obj
 0006:0000008e       __E38CDE60_log@cpp         0056608e     Log.obj
 0006:0000008f       __095A37B3_stdafx@cpp      0056608f     Log.obj
 0006:00000091       __8FB88339_stdafx@h        00566091     ReadScript.obj
 0006:00000092       __7A7756D6_dataserver@pch  00566092     ReadScript.obj
 0006:00000093       __79A2551C_string@h        00566093     ReadScript.obj
 0006:00000094       __002FE78D_readscript@h    00566094     ReadScript.obj
 0006:00000095       __C32C76D9_readscript@cpp  00566095     ReadScript.obj
 0006:00000096       __095A37B3_stdafx@cpp      00566096     ReadScript.obj
 0006:00000098       __8FB88339_stdafx@h        00566098     MiniDump.obj
 0006:00000099       __7A7756D6_dataserver@pch  00566099     MiniDump.obj
 0006:0000009a       __9C124A8E_minidump@cpp    0056609a     MiniDump.obj
 0006:0000009b       __095A37B3_stdafx@cpp      0056609b     MiniDump.obj
 0006:0000009c       __8FB88339_stdafx@h        0056609c     GoldenArcher.obj
 0006:0000009d       __7A7756D6_dataserver@pch  0056609d     GoldenArcher.obj
 0006:0000009e       __4F778D77_goldenarcher@cpp 0056609e     GoldenArcher.obj
 0006:0000009f       __11BC11C2_protocoldefines@h 0056609f     GoldenArcher.obj
 0006:000000a0       __095A37B3_stdafx@cpp      005660a0     GoldenArcher.obj
 0006:000000a2       __8FB88339_stdafx@h        005660a2     QueryManager.obj
 0006:000000a3       __7A7756D6_dataserver@pch  005660a3     QueryManager.obj
 0006:000000a4       __4B2996F1_corecrt_stdio_config@h 005660a4     QueryManager.obj
 0006:000000a5       __2E8BA09D_stdio@h         005660a5     QueryManager.obj
 0006:000000a6       __79A2551C_string@h        005660a6     QueryManager.obj
 0006:000000a7       __2F1341A9_querymanager@h  005660a7     QueryManager.obj
 0006:000000a8       __0D71BE9E_querymanager@cpp 005660a8     QueryManager.obj
 0006:000000a9       __095A37B3_stdafx@cpp      005660a9     QueryManager.obj
 0006:000000ab       __8FB88339_stdafx@h        005660ab     Queue.obj
 0006:000000ac       __7A7756D6_dataserver@pch  005660ac     Queue.obj
 0006:000000ad       __7E931D8D_xmemory         005660ad     Queue.obj
 0006:000000ae       __14067E4E_utility         005660ae     Queue.obj
 0006:000000af       __CA6DF041_vcruntime_new@h 005660af     Queue.obj
 0006:000000b0       __B8D8FF1A_type_traits     005660b0     Queue.obj
 0006:000000b1       __E319E95C_xstddef         005660b1     Queue.obj
 0006:000000b2       __B5AE5C2C_xmemory0        005660b2     Queue.obj
 0006:000000b3       __64FD9D7D_xutility        005660b3     Queue.obj
 0006:000000b4       __7A63E543_deque           005660b4     Queue.obj
 0006:000000b5       __9955A182_queue           005660b5     Queue.obj
 0006:000000b6       __807C8EF2_queue@cpp       005660b6     Queue.obj
 0006:000000b7       __095A37B3_stdafx@cpp      005660b7     Queue.obj
 0006:000000ba       __8FB88339_stdafx@h        005660ba     ServerDisplayer.obj
 0006:000000bb       __7A7756D6_dataserver@pch  005660bb     ServerDisplayer.obj
 0006:000000bc       __79A2551C_string@h        005660bc     ServerDisplayer.obj
 0006:000000bd       __0FCBC287_serverdisplayer@h 005660bd     ServerDisplayer.obj
 0006:000000be       __72C745F0_serverdisplayer@cpp 005660be     ServerDisplayer.obj
 0006:000000bf       __095A37B3_stdafx@cpp      005660bf     ServerDisplayer.obj
 0006:000000c1       __8FB88339_stdafx@h        005660c1     ServerManager.obj
 0006:000000c2       __7A7756D6_dataserver@pch  005660c2     ServerManager.obj
 0006:000000c3       __79A2551C_string@h        005660c3     ServerManager.obj
 0006:000000c4       __F1CD0A53_servermanager@h 005660c4     ServerManager.obj
 0006:000000c5       __022CF16F_servermanager@cpp 005660c5     ServerManager.obj
 0006:000000c6       __095A37B3_stdafx@cpp      005660c6     ServerManager.obj
 0006:000000c8       __8FB88339_stdafx@h        005660c8     SocketManager.obj
 0006:000000c9       __7A7756D6_dataserver@pch  005660c9     SocketManager.obj
 0006:000000ca       __D5C233C2_socketmanager@h 005660ca     SocketManager.obj
 0006:000000cb       __3573E633_socketmanager@cpp 005660cb     SocketManager.obj
 0006:000000cc       __11BC11C2_protocoldefines@h 005660cc     SocketManager.obj
 0006:000000cd       __095A37B3_stdafx@cpp      005660cd     SocketManager.obj
 0006:000000cf       __7A7756D6_dataserver@pch  005660cf     stdafx.obj
 0006:000000d0       __F1A3F2A3_ctype@h         005660d0     stdafx.obj
 0006:000000d1       __495327BE_basetsd@h       005660d1     stdafx.obj
 0006:000000d2       __2587EF50_corecrt_memcpy_s@h 005660d2     stdafx.obj
 0006:000000d3       __569C4DB8_corecrt_memory@h 005660d3     stdafx.obj
 0006:000000d4       __4B27E1FB_corecrt_wstring@h 005660d4     stdafx.obj
 0006:000000d5       __79A2551C_string@h        005660d5     stdafx.obj
 0006:000000d6       __E5D106AA_guiddef@h       005660d6     stdafx.obj
 0006:000000d7       __C3D5E424_winnt@h         005660d7     stdafx.obj
 0006:000000d8       __9AB18591_processthreadsapi@h 005660d8     stdafx.obj
 0006:000000d9       __0DA59A73_winerror@h      005660d9     stdafx.obj
 0006:000000da       __F09C78F1_winbase@h       005660da     stdafx.obj
 0006:000000db       __98743386_winuser@h       005660db     stdafx.obj
 0006:000000dc       __78FE28DB_stralign@h      005660dc     stdafx.obj
 0006:000000dd       __EBAFFC34_dbghelp@h       005660dd     stdafx.obj
 0006:000000de       __CA6DF041_vcruntime_new@h 005660de     stdafx.obj
 0006:000000df       __FFD1C1B8_stdlib@h        005660df     stdafx.obj
 0006:000000e0       __478740E8_corecrt_math@h  005660e0     stdafx.obj
 0006:000000e1       __230BFBC5_cstdlib         005660e1     stdafx.obj
 0006:000000e2       __D69107D9_xtgmath@h       005660e2     stdafx.obj
 0006:000000e3       __767BFF30_cmath           005660e3     stdafx.obj
 0006:000000e4       __4B2996F1_corecrt_stdio_config@h 005660e4     stdafx.obj
 0006:000000e5       __7353A4B1_corecrt_wstdio@h 005660e5     stdafx.obj
 0006:000000e6       __2E8BA09D_stdio@h         005660e6     stdafx.obj
 0006:000000e7       __B8D8FF1A_type_traits     005660e7     stdafx.obj
 0006:000000e8       __6BFCE64E_malloc@h        005660e8     stdafx.obj
 0006:000000e9       __942C9C7D_vcruntime_exception@h 005660e9     stdafx.obj
 0006:000000ea       __98EE1EBA_exception       005660ea     stdafx.obj
 0006:000000eb       __372CD286_corecrt_wconio@h 005660eb     stdafx.obj
 0006:000000ec       __F38470FD_corecrt_wio@h   005660ec     stdafx.obj
 0006:000000ed       __08087D6B_corecrt_wtime@h 005660ed     stdafx.obj
 0006:000000ee       __3CE5E296_stat@h          005660ee     stdafx.obj
 0006:000000ef       __D0AD4360_wchar@h         005660ef     stdafx.obj
 0006:000000f0       __532AAD06_limits          005660f0     stdafx.obj
 0006:000000f1       __9FC37880_iosfwd          005660f1     stdafx.obj
 0006:000000f2       __64FD9D7D_xutility        005660f2     stdafx.obj
 0006:000000f3       __B7644072_xatomic0@h      005660f3     stdafx.obj
 0006:000000f4       __B5AE5C2C_xmemory0        005660f4     stdafx.obj
 0006:000000f5       __11A024E7_stdexcept       005660f5     stdafx.obj
 0006:000000f6       __5CA8563A_vcruntime_typeinfo@h 005660f6     stdafx.obj
 0006:000000f7       __0BAB8DAC_xlocinfo        005660f7     stdafx.obj
 0006:000000f8       __EF84A188_memory          005660f8     stdafx.obj
 0006:000000f9       __C3C1F687_xfacet          005660f9     stdafx.obj
 0006:000000fa       __D57EEF20_xlocale         005660fa     stdafx.obj
 0006:000000fb       __1583F0FA_xcall_once@h    005660fb     stdafx.obj
 0006:000000fc       __AADEE2DA_system_error    005660fc     stdafx.obj
 0006:000000fd       __324EFABF_xiosbase        005660fd     stdafx.obj
 0006:000000fe       __4BF98937_xlocnum         005660fe     stdafx.obj
 0006:000000ff       __159EDF8C_ios             005660ff     stdafx.obj
 0006:00000100       __9B572714_string          00566100     stdafx.obj
 0006:00000101       __72225C6E_algorithm       00566101     stdafx.obj
 0006:00000102       __D058E671_tuple           00566102     stdafx.obj
 0006:00000103       __B8175391_time@h          00566103     stdafx.obj
 0006:00000104       __C26A7573_mbstring@h      00566104     stdafx.obj
 0006:00000105       __2798F680_ws2ipdef@h      00566105     stdafx.obj
 0006:00000106       __36F5BF50_ws2tcpip@h      00566106     stdafx.obj
 0006:00000107       __53F67037_fstream         00566107     stdafx.obj
 0006:00000108       __0A409B11_xstring         00566108     stdafx.obj
 0006:00000109       __A5BE00DE_istream         00566109     stdafx.obj
 0006:0000010a       __C66E35E4_ostream         0056610a     stdafx.obj
 0006:0000010b       __13009C5B_streambuf       0056610b     stdafx.obj
 0006:0000010c       __14067E4E_utility         0056610c     stdafx.obj
 0006:0000010d       __E319E95C_xstddef         0056610d     stdafx.obj
 0006:0000010e       __095A37B3_stdafx@cpp      0056610e     stdafx.obj
 0006:0000011b       __8FB88339_stdafx@h        0056611b     Util.obj
 0006:0000011c       __7A7756D6_dataserver@pch  0056611c     Util.obj
 0006:0000011d       __4B2996F1_corecrt_stdio_config@h 0056611d     Util.obj
 0006:0000011e       __2E8BA09D_stdio@h         0056611e     Util.obj
 0006:0000011f       __B8175391_time@h          0056611f     Util.obj
 0006:00000120       __745E891E_util@cpp        00566120     Util.obj
 0006:00000121       __095A37B3_stdafx@cpp      00566121     Util.obj
 0006:00000123       __8FB88339_stdafx@h        00566123     Warehouse.obj
 0006:00000124       __7A7756D6_dataserver@pch  00566124     Warehouse.obj
 0006:00000125       __EDCA47B0_warehouse@cpp   00566125     Warehouse.obj
 0006:00000126       __11BC11C2_protocoldefines@h 00566126     Warehouse.obj
 0006:00000127       __095A37B3_stdafx@cpp      00566127     Warehouse.obj
 0008:00000520       $R000000                   00568520     DataServer.res
 0008:00000808       $R0002E8                   00568808     DataServer.res
 0008:000016b0       $R001190                   005696b0     DataServer.res
 0008:00001f58       $R001A38                   00569f58     DataServer.res
 0008:00002080       $R001B60                   0056a080     DataServer.res
 0008:000020c0       $R001BA0                   0056a0c0     DataServer.res
 0008:000023a8       $R001E88                   0056a3a8     DataServer.res
 0008:00003250       $R002D30                   0056b250     DataServer.res
 0008:00003af8       $R0035D8                   0056baf8     DataServer.res
 0008:00003c20       $R003700                   0056bc20     DataServer.res
 0008:00003c60       $R003740                   0056bc60     DataServer.res
 0008:00003d18       $R0037F8                   0056bd18     DataServer.res
 0008:00003e28       $R003908                   0056be28     DataServer.res
 0008:00003e30       $R003910                   0056be30     DataServer.res
