c:\muonline\gitsource\sources\server 97k kayito\gameserver\bin\debug\gameserver.pch
c:\muonline\gitsource\sources\server 97k kayito\gameserver\bin\debug\vc141.pdb
c:\muonline\gitsource\sources\server 97k kayito\gameserver\bin\debug\vc141.idb
c:\muonline\gitsource\sources\server 97k kayito\gameserver\bin\debug\stdafx.obj
c:\muonline\gitsource\sources\server 97k kayito\gameserver\bin\debug\effect.obj
c:\muonline\gitsource\sources\server 97k kayito\gameserver\bin\debug\dsprotocol.obj
c:\muonline\gitsource\sources\server 97k kayito\gameserver\bin\debug\devilsquare.obj
c:\muonline\gitsource\sources\server 97k kayito\gameserver\bin\debug\defaultclassinfo.obj
c:\muonline\gitsource\sources\server 97k kayito\gameserver\bin\debug\customwing.obj
c:\muonline\gitsource\sources\server 97k kayito\gameserver\bin\debug\customsafezone.obj
c:\muonline\gitsource\sources\server 97k kayito\gameserver\bin\debug\custompkfree.obj
c:\muonline\gitsource\sources\server 97k kayito\gameserver\bin\debug\customnpcmove.obj
c:\muonline\gitsource\sources\server 97k kayito\gameserver\bin\debug\criticalsection.obj
c:\muonline\gitsource\sources\server 97k kayito\gameserver\bin\debug\console.obj
c:\muonline\gitsource\sources\server 97k kayito\gameserver\bin\debug\connection.obj
c:\muonline\gitsource\sources\server 97k kayito\gameserver\bin\debug\commandmanager.obj
c:\muonline\gitsource\sources\server 97k kayito\gameserver\bin\debug\chaosbox.obj
c:\muonline\gitsource\sources\server 97k kayito\gameserver\bin\debug\bonusmanager.obj
c:\muonline\gitsource\sources\server 97k kayito\gameserver\bin\debug\bloodcastle.obj
c:\muonline\gitsource\sources\server 97k kayito\gameserver\bin\debug\blacklist.obj
c:\muonline\gitsource\sources\server 97k kayito\gameserver\bin\debug\battlesoccermanager.obj
c:\muonline\gitsource\sources\server 97k kayito\gameserver\bin\debug\battlesoccer.obj
c:\muonline\gitsource\sources\server 97k kayito\gameserver\bin\debug\battleground.obj
c:\muonline\gitsource\sources\server 97k kayito\gameserver\bin\debug\attack.obj
c:\muonline\gitsource\sources\server 97k kayito\gameserver\bin\debug\item.obj
c:\muonline\gitsource\sources\server 97k kayito\gameserver\bin\debug\ipmanager.obj
c:\muonline\gitsource\sources\server 97k kayito\gameserver\bin\debug\invasionmanager.obj
c:\muonline\gitsource\sources\server 97k kayito\gameserver\bin\debug\hackpacketcheck.obj
c:\muonline\gitsource\sources\server 97k kayito\gameserver\bin\debug\hackcheck.obj
c:\muonline\gitsource\sources\server 97k kayito\gameserver\bin\debug\guildmanager.obj
c:\muonline\gitsource\sources\server 97k kayito\gameserver\bin\debug\guild.obj
c:\muonline\gitsource\sources\server 97k kayito\gameserver\bin\debug\goldenarcherbingo.obj
c:\muonline\gitsource\sources\server 97k kayito\gameserver\bin\debug\goldenarcher.obj
c:\muonline\gitsource\sources\server 97k kayito\gameserver\bin\debug\gate.obj
c:\muonline\gitsource\sources\server 97k kayito\gameserver\bin\debug\gameserver.obj
c:\muonline\gitsource\sources\server 97k kayito\gameserver\bin\debug\gamemaster.obj
c:\muonline\gitsource\sources\server 97k kayito\gameserver\bin\debug\gamemain.obj
c:\muonline\gitsource\sources\server 97k kayito\gameserver\bin\debug\fruit.obj
c:\muonline\gitsource\sources\server 97k kayito\gameserver\bin\debug\flyingdragons.obj
c:\muonline\gitsource\sources\server 97k kayito\gameserver\bin\debug\filter.obj
c:\muonline\gitsource\sources\server 97k kayito\gameserver\bin\debug\experiencetable.obj
c:\muonline\gitsource\sources\server 97k kayito\gameserver\bin\debug\eventtimemanager.obj
c:\muonline\gitsource\sources\server 97k kayito\gameserver\bin\debug\eventspawnmonster.obj
c:\muonline\gitsource\sources\server 97k kayito\gameserver\bin\debug\effectmanager.obj
c:\muonline\gitsource\sources\server 97k kayito\gameserver\bin\debug\message.obj
c:\muonline\gitsource\sources\server 97k kayito\gameserver\bin\debug\memoryallocatorinfo.obj
c:\muonline\gitsource\sources\server 97k kayito\gameserver\bin\debug\memoryallocator.obj
c:\muonline\gitsource\sources\server 97k kayito\gameserver\bin\debug\math.obj
c:\muonline\gitsource\sources\server 97k kayito\gameserver\bin\debug\mappath.obj
c:\muonline\gitsource\sources\server 97k kayito\gameserver\bin\debug\mapmanager.obj
c:\muonline\gitsource\sources\server 97k kayito\gameserver\bin\debug\mapitem.obj
c:\muonline\gitsource\sources\server 97k kayito\gameserver\bin\debug\map.obj
c:\muonline\gitsource\sources\server 97k kayito\gameserver\bin\debug\log.obj
c:\muonline\gitsource\sources\server 97k kayito\gameserver\bin\debug\jsprotocol.obj
c:\muonline\gitsource\sources\server 97k kayito\gameserver\bin\debug\itemvalue.obj
c:\muonline\gitsource\sources\server 97k kayito\gameserver\bin\debug\itemstack.obj
c:\muonline\gitsource\sources\server 97k kayito\gameserver\bin\debug\itemoptionrate.obj
c:\muonline\gitsource\sources\server 97k kayito\gameserver\bin\debug\itemoption.obj
c:\muonline\gitsource\sources\server 97k kayito\gameserver\bin\debug\itemmove.obj
c:\muonline\gitsource\sources\server 97k kayito\gameserver\bin\debug\itemmanager.obj
c:\muonline\gitsource\sources\server 97k kayito\gameserver\bin\debug\itemdrop.obj
c:\muonline\gitsource\sources\server 97k kayito\gameserver\bin\debug\itembagmanager.obj
c:\muonline\gitsource\sources\server 97k kayito\gameserver\bin\debug\itembagex.obj
c:\muonline\gitsource\sources\server 97k kayito\gameserver\bin\debug\itembag.obj
c:\muonline\gitsource\sources\server 97k kayito\gameserver\bin\debug\reconnect.obj
c:\muonline\gitsource\sources\server 97k kayito\gameserver\bin\debug\readscript.obj
c:\muonline\gitsource\sources\server 97k kayito\gameserver\bin\debug\randommanager.obj
c:\muonline\gitsource\sources\server 97k kayito\gameserver\bin\debug\queuetimer.obj
c:\muonline\gitsource\sources\server 97k kayito\gameserver\bin\debug\queue.obj
c:\muonline\gitsource\sources\server 97k kayito\gameserver\bin\debug\questreward.obj
c:\muonline\gitsource\sources\server 97k kayito\gameserver\bin\debug\questobjective.obj
c:\muonline\gitsource\sources\server 97k kayito\gameserver\bin\debug\quest.obj
c:\muonline\gitsource\sources\server 97k kayito\gameserver\bin\debug\protocol.obj
c:\muonline\gitsource\sources\server 97k kayito\gameserver\bin\debug\path.obj
c:\muonline\gitsource\sources\server 97k kayito\gameserver\bin\debug\party.obj
c:\muonline\gitsource\sources\server 97k kayito\gameserver\bin\debug\packetmanager.obj
c:\muonline\gitsource\sources\server 97k kayito\gameserver\bin\debug\objectmanager.obj
c:\muonline\gitsource\sources\server 97k kayito\gameserver\bin\debug\npctalk.obj
c:\muonline\gitsource\sources\server 97k kayito\gameserver\bin\debug\notice.obj
c:\muonline\gitsource\sources\server 97k kayito\gameserver\bin\debug\move.obj
c:\muonline\gitsource\sources\server 97k kayito\gameserver\bin\debug\monstersetbase.obj
c:\muonline\gitsource\sources\server 97k kayito\gameserver\bin\debug\monstermanager.obj
c:\muonline\gitsource\sources\server 97k kayito\gameserver\bin\debug\monster.obj
c:\muonline\gitsource\sources\server 97k kayito\gameserver\bin\debug\minidump.obj
c:\muonline\gitsource\sources\server 97k kayito\gameserver\bin\debug\warehouse.obj
c:\muonline\gitsource\sources\server 97k kayito\gameserver\bin\debug\viewport.obj
c:\muonline\gitsource\sources\server 97k kayito\gameserver\bin\debug\util.obj
c:\muonline\gitsource\sources\server 97k kayito\gameserver\bin\debug\user.obj
c:\muonline\gitsource\sources\server 97k kayito\gameserver\bin\debug\trade.obj
c:\muonline\gitsource\sources\server 97k kayito\gameserver\bin\debug\socketmanagerudp.obj
c:\muonline\gitsource\sources\server 97k kayito\gameserver\bin\debug\socketmanager.obj
c:\muonline\gitsource\sources\server 97k kayito\gameserver\bin\debug\skillmanager.obj
c:\muonline\gitsource\sources\server 97k kayito\gameserver\bin\debug\skillhitbox.obj
c:\muonline\gitsource\sources\server 97k kayito\gameserver\bin\debug\skill.obj
c:\muonline\gitsource\sources\server 97k kayito\gameserver\bin\debug\shopmanager.obj
c:\muonline\gitsource\sources\server 97k kayito\gameserver\bin\debug\shop.obj
c:\muonline\gitsource\sources\server 97k kayito\gameserver\bin\debug\serverinfo.obj
c:\muonline\gitsource\sources\server 97k kayito\gameserver\bin\debug\serverdisplayer.obj
c:\muonline\gitsource\sources\server 97k kayito\gameserver\bin\debug\serialcheck.obj
c:\muonline\gitsource\sources\server 97k kayito\gameserver\bin\debug\schedulemanager.obj
c:\muonline\gitsource\sources\server 97k kayito\gameserver\bin\debug\resettable.obj
c:\muonline\gitsource\sources\server 97k kayito\bin\debug\gameserver\gameserver.ilk
c:\muonline\gitsource\sources\server 97k kayito\bin\debug\gameserver\gameserver.exe
c:\muonline\gitsource\sources\server 97k kayito\bin\debug\gameserver\gameserver.map
c:\muonline\gitsource\sources\server 97k kayito\bin\debug\gameserver\gameserver.pdb
c:\muonline\gitsource\sources\server 97k kayito\gameserver\bin\debug\gameserver.res
c:\muonline\gitsource\sources\server 97k kayito\gameserver\bin\debug\gameserver.tlog\cl.command.1.tlog
c:\muonline\gitsource\sources\server 97k kayito\gameserver\bin\debug\gameserver.tlog\cl.read.1.tlog
c:\muonline\gitsource\sources\server 97k kayito\gameserver\bin\debug\gameserver.tlog\cl.write.1.tlog
c:\muonline\gitsource\sources\server 97k kayito\gameserver\bin\debug\gameserver.tlog\link.command.1.tlog
c:\muonline\gitsource\sources\server 97k kayito\gameserver\bin\debug\gameserver.tlog\link.read.1.tlog
c:\muonline\gitsource\sources\server 97k kayito\gameserver\bin\debug\gameserver.tlog\link.write.1.tlog
c:\muonline\gitsource\sources\server 97k kayito\gameserver\bin\debug\gameserver.tlog\rc.command.1.tlog
c:\muonline\gitsource\sources\server 97k kayito\gameserver\bin\debug\gameserver.tlog\rc.read.1.tlog
c:\muonline\gitsource\sources\server 97k kayito\gameserver\bin\debug\gameserver.tlog\rc.write.1.tlog
