d:\musources\muemu-0.97k-kayito-master\gitsource\muserver\joinserver\bin\debug\mssql\joinserver.pch
d:\musources\muemu-0.97k-kayito-master\gitsource\muserver\joinserver\bin\debug\mssql\vc141.pdb
d:\musources\muemu-0.97k-kayito-master\gitsource\muserver\joinserver\bin\debug\mssql\vc141.idb
d:\musources\muemu-0.97k-kayito-master\gitsource\muserver\joinserver\bin\debug\mssql\stdafx.obj
d:\musources\muemu-0.97k-kayito-master\gitsource\muserver\joinserver\bin\debug\mssql\util.obj
d:\musources\muemu-0.97k-kayito-master\gitsource\muserver\joinserver\bin\debug\mssql\socketmanagerudp.obj
d:\musources\muemu-0.97k-kayito-master\gitsource\muserver\joinserver\bin\debug\mssql\socketmanager.obj
d:\musources\muemu-0.97k-kayito-master\gitsource\muserver\joinserver\bin\debug\mssql\servermanager.obj
d:\musources\muemu-0.97k-kayito-master\gitsource\muserver\joinserver\bin\debug\mssql\serverdisplayer.obj
d:\musources\muemu-0.97k-kayito-master\gitsource\muserver\joinserver\bin\debug\mssql\queue.obj
d:\musources\muemu-0.97k-kayito-master\gitsource\muserver\joinserver\bin\debug\mssql\querymanager.obj
d:\musources\muemu-0.97k-kayito-master\gitsource\muserver\joinserver\bin\debug\mssql\minidump.obj
d:\musources\muemu-0.97k-kayito-master\gitsource\muserver\joinserver\bin\debug\mssql\readscript.obj
d:\musources\muemu-0.97k-kayito-master\gitsource\muserver\joinserver\bin\debug\mssql\md5.obj
d:\musources\muemu-0.97k-kayito-master\gitsource\muserver\joinserver\bin\debug\mssql\log.obj
d:\musources\muemu-0.97k-kayito-master\gitsource\muserver\joinserver\bin\debug\mssql\joinserverprotocol.obj
d:\musources\muemu-0.97k-kayito-master\gitsource\muserver\joinserver\bin\debug\mssql\joinserver.obj
d:\musources\muemu-0.97k-kayito-master\gitsource\muserver\joinserver\bin\debug\mssql\criticalsection.obj
d:\musources\muemu-0.97k-kayito-master\gitsource\muserver\joinserver\bin\debug\mssql\console.obj
d:\musources\muemu-0.97k-kayito-master\gitsource\muserver\joinserver\bin\debug\mssql\allowableiplist.obj
d:\musources\muemu-0.97k-kayito-master\gitsource\muserver\joinserver\bin\debug\mssql\accountmanager.obj
d:\musources\muemu-0.97k-kayito-master\gitsource\muserver\bin\debug\mssql\joinserver\joinserver.ilk
d:\musources\muemu-0.97k-kayito-master\gitsource\muserver\bin\debug\mssql\joinserver\joinserver.exe
d:\musources\muemu-0.97k-kayito-master\gitsource\muserver\bin\debug\mssql\joinserver\joinserver.map
d:\musources\muemu-0.97k-kayito-master\gitsource\muserver\bin\debug\mssql\joinserver\joinserver.pdb
d:\musources\muemu-0.97k-kayito-master\gitsource\muserver\joinserver\bin\debug\mssql\joinserver.res
d:\musources\muemu-0.97k-kayito-master\gitsource\muserver\joinserver\bin\debug\mssql\joinserver.tlog\cl.command.1.tlog
d:\musources\muemu-0.97k-kayito-master\gitsource\muserver\joinserver\bin\debug\mssql\joinserver.tlog\cl.read.1.tlog
d:\musources\muemu-0.97k-kayito-master\gitsource\muserver\joinserver\bin\debug\mssql\joinserver.tlog\cl.write.1.tlog
d:\musources\muemu-0.97k-kayito-master\gitsource\muserver\joinserver\bin\debug\mssql\joinserver.tlog\link.command.1.tlog
d:\musources\muemu-0.97k-kayito-master\gitsource\muserver\joinserver\bin\debug\mssql\joinserver.tlog\link.read.1.tlog
d:\musources\muemu-0.97k-kayito-master\gitsource\muserver\joinserver\bin\debug\mssql\joinserver.tlog\link.write.1.tlog
d:\musources\muemu-0.97k-kayito-master\gitsource\muserver\joinserver\bin\debug\mssql\joinserver.tlog\rc.command.1.tlog
d:\musources\muemu-0.97k-kayito-master\gitsource\muserver\joinserver\bin\debug\mssql\joinserver.tlog\rc.read.1.tlog
d:\musources\muemu-0.97k-kayito-master\gitsource\muserver\joinserver\bin\debug\mssql\joinserver.tlog\rc.write.1.tlog
