c:\muonline\gitsource\sources\server 97k kayito\dataserver\bin\debug\mssql\dataserver.pch
c:\muonline\gitsource\sources\server 97k kayito\dataserver\bin\debug\mssql\vc141.pdb
c:\muonline\gitsource\sources\server 97k kayito\dataserver\bin\debug\mssql\vc141.idb
c:\muonline\gitsource\sources\server 97k kayito\dataserver\bin\debug\mssql\stdafx.obj
c:\muonline\gitsource\sources\server 97k kayito\dataserver\bin\debug\mssql\util.obj
c:\muonline\gitsource\sources\server 97k kayito\dataserver\bin\debug\mssql\socketmanager.obj
c:\muonline\gitsource\sources\server 97k kayito\dataserver\bin\debug\mssql\servermanager.obj
c:\muonline\gitsource\sources\server 97k kayito\dataserver\bin\debug\mssql\serverdisplayer.obj
c:\muonline\gitsource\sources\server 97k kayito\dataserver\bin\debug\mssql\queue.obj
c:\muonline\gitsource\sources\server 97k kayito\dataserver\bin\debug\mssql\querymanager.obj
c:\muonline\gitsource\sources\server 97k kayito\dataserver\bin\debug\mssql\goldenarcher.obj
c:\muonline\gitsource\sources\server 97k kayito\dataserver\bin\debug\mssql\minidump.obj
c:\muonline\gitsource\sources\server 97k kayito\dataserver\bin\debug\mssql\readscript.obj
c:\muonline\gitsource\sources\server 97k kayito\dataserver\bin\debug\mssql\log.obj
c:\muonline\gitsource\sources\server 97k kayito\dataserver\bin\debug\mssql\guildmanager.obj
c:\muonline\gitsource\sources\server 97k kayito\dataserver\bin\debug\mssql\guild.obj
c:\muonline\gitsource\sources\server 97k kayito\dataserver\bin\debug\mssql\dataserverprotocol.obj
c:\muonline\gitsource\sources\server 97k kayito\dataserver\bin\debug\mssql\dataserver.obj
c:\muonline\gitsource\sources\server 97k kayito\dataserver\bin\debug\mssql\criticalsection.obj
c:\muonline\gitsource\sources\server 97k kayito\dataserver\bin\debug\mssql\console.obj
c:\muonline\gitsource\sources\server 97k kayito\dataserver\bin\debug\mssql\commandmanager.obj
c:\muonline\gitsource\sources\server 97k kayito\dataserver\bin\debug\mssql\charactermanager.obj
c:\muonline\gitsource\sources\server 97k kayito\dataserver\bin\debug\mssql\badsyntax.obj
c:\muonline\gitsource\sources\server 97k kayito\dataserver\bin\debug\mssql\allowableiplist.obj
c:\muonline\gitsource\sources\server 97k kayito\dataserver\bin\debug\mssql\warehouse.obj
c:\muonline\gitsource\sources\server 97k kayito\bin\debug\mssql\dataserver\dataserver.ilk
c:\muonline\gitsource\sources\server 97k kayito\bin\debug\mssql\dataserver\dataserver.exe
c:\muonline\gitsource\sources\server 97k kayito\bin\debug\mssql\dataserver\dataserver.map
c:\muonline\gitsource\sources\server 97k kayito\bin\debug\mssql\dataserver\dataserver.pdb
c:\muonline\gitsource\sources\server 97k kayito\dataserver\bin\debug\mssql\dataserver.res
c:\muonline\gitsource\sources\server 97k kayito\dataserver\bin\debug\mssql\dataserver.tlog\cl.command.1.tlog
c:\muonline\gitsource\sources\server 97k kayito\dataserver\bin\debug\mssql\dataserver.tlog\cl.read.1.tlog
c:\muonline\gitsource\sources\server 97k kayito\dataserver\bin\debug\mssql\dataserver.tlog\cl.write.1.tlog
c:\muonline\gitsource\sources\server 97k kayito\dataserver\bin\debug\mssql\dataserver.tlog\link.command.1.tlog
c:\muonline\gitsource\sources\server 97k kayito\dataserver\bin\debug\mssql\dataserver.tlog\link.read.1.tlog
c:\muonline\gitsource\sources\server 97k kayito\dataserver\bin\debug\mssql\dataserver.tlog\link.write.1.tlog
c:\muonline\gitsource\sources\server 97k kayito\dataserver\bin\debug\mssql\dataserver.tlog\rc.command.1.tlog
c:\muonline\gitsource\sources\server 97k kayito\dataserver\bin\debug\mssql\dataserver.tlog\rc.read.1.tlog
c:\muonline\gitsource\sources\server 97k kayito\dataserver\bin\debug\mssql\dataserver.tlog\rc.write.1.tlog
