d:\musources\muemu-0.97k-kayito-master\gitsource\muserver\dataserver\bin\debug\mssql\dataserver.pch
d:\musources\muemu-0.97k-kayito-master\gitsource\muserver\dataserver\bin\debug\mssql\vc141.pdb
d:\musources\muemu-0.97k-kayito-master\gitsource\muserver\dataserver\bin\debug\mssql\vc141.idb
d:\musources\muemu-0.97k-kayito-master\gitsource\muserver\dataserver\bin\debug\mssql\stdafx.obj
d:\musources\muemu-0.97k-kayito-master\gitsource\muserver\dataserver\bin\debug\mssql\util.obj
d:\musources\muemu-0.97k-kayito-master\gitsource\muserver\dataserver\bin\debug\mssql\socketmanager.obj
d:\musources\muemu-0.97k-kayito-master\gitsource\muserver\dataserver\bin\debug\mssql\servermanager.obj
d:\musources\muemu-0.97k-kayito-master\gitsource\muserver\dataserver\bin\debug\mssql\serverdisplayer.obj
d:\musources\muemu-0.97k-kayito-master\gitsource\muserver\dataserver\bin\debug\mssql\queue.obj
d:\musources\muemu-0.97k-kayito-master\gitsource\muserver\dataserver\bin\debug\mssql\querymanager.obj
d:\musources\muemu-0.97k-kayito-master\gitsource\muserver\dataserver\bin\debug\mssql\goldenarcher.obj
d:\musources\muemu-0.97k-kayito-master\gitsource\muserver\dataserver\bin\debug\mssql\minidump.obj
d:\musources\muemu-0.97k-kayito-master\gitsource\muserver\dataserver\bin\debug\mssql\readscript.obj
d:\musources\muemu-0.97k-kayito-master\gitsource\muserver\dataserver\bin\debug\mssql\log.obj
d:\musources\muemu-0.97k-kayito-master\gitsource\muserver\dataserver\bin\debug\mssql\guildmanager.obj
d:\musources\muemu-0.97k-kayito-master\gitsource\muserver\dataserver\bin\debug\mssql\guild.obj
d:\musources\muemu-0.97k-kayito-master\gitsource\muserver\dataserver\bin\debug\mssql\dataserverprotocol.obj
d:\musources\muemu-0.97k-kayito-master\gitsource\muserver\dataserver\bin\debug\mssql\dataserver.obj
d:\musources\muemu-0.97k-kayito-master\gitsource\muserver\dataserver\bin\debug\mssql\criticalsection.obj
d:\musources\muemu-0.97k-kayito-master\gitsource\muserver\dataserver\bin\debug\mssql\console.obj
d:\musources\muemu-0.97k-kayito-master\gitsource\muserver\dataserver\bin\debug\mssql\commandmanager.obj
d:\musources\muemu-0.97k-kayito-master\gitsource\muserver\dataserver\bin\debug\mssql\charactermanager.obj
d:\musources\muemu-0.97k-kayito-master\gitsource\muserver\dataserver\bin\debug\mssql\badsyntax.obj
d:\musources\muemu-0.97k-kayito-master\gitsource\muserver\dataserver\bin\debug\mssql\allowableiplist.obj
d:\musources\muemu-0.97k-kayito-master\gitsource\muserver\dataserver\bin\debug\mssql\warehouse.obj
d:\musources\muemu-0.97k-kayito-master\gitsource\muserver\bin\debug\mssql\dataserver\dataserver.ilk
d:\musources\muemu-0.97k-kayito-master\gitsource\muserver\bin\debug\mssql\dataserver\dataserver.exe
d:\musources\muemu-0.97k-kayito-master\gitsource\muserver\bin\debug\mssql\dataserver\dataserver.map
d:\musources\muemu-0.97k-kayito-master\gitsource\muserver\bin\debug\mssql\dataserver\dataserver.pdb
d:\musources\muemu-0.97k-kayito-master\gitsource\muserver\dataserver\bin\debug\mssql\dataserver.res
d:\musources\muemu-0.97k-kayito-master\gitsource\muserver\dataserver\bin\debug\mssql\dataserver.tlog\cl.command.1.tlog
d:\musources\muemu-0.97k-kayito-master\gitsource\muserver\dataserver\bin\debug\mssql\dataserver.tlog\cl.read.1.tlog
d:\musources\muemu-0.97k-kayito-master\gitsource\muserver\dataserver\bin\debug\mssql\dataserver.tlog\cl.write.1.tlog
d:\musources\muemu-0.97k-kayito-master\gitsource\muserver\dataserver\bin\debug\mssql\dataserver.tlog\link.command.1.tlog
d:\musources\muemu-0.97k-kayito-master\gitsource\muserver\dataserver\bin\debug\mssql\dataserver.tlog\link.read.1.tlog
d:\musources\muemu-0.97k-kayito-master\gitsource\muserver\dataserver\bin\debug\mssql\dataserver.tlog\link.write.1.tlog
d:\musources\muemu-0.97k-kayito-master\gitsource\muserver\dataserver\bin\debug\mssql\dataserver.tlog\rc.command.1.tlog
d:\musources\muemu-0.97k-kayito-master\gitsource\muserver\dataserver\bin\debug\mssql\dataserver.tlog\rc.read.1.tlog
d:\musources\muemu-0.97k-kayito-master\gitsource\muserver\dataserver\bin\debug\mssql\dataserver.tlog\rc.write.1.tlog
