c:\muonline\gitsource\sources\server 97k kayito\connectserver\bin\debug\connectserver.pch
c:\muonline\gitsource\sources\server 97k kayito\connectserver\bin\debug\vc141.pdb
c:\muonline\gitsource\sources\server 97k kayito\connectserver\bin\debug\vc141.idb
c:\muonline\gitsource\sources\server 97k kayito\connectserver\bin\debug\stdafx.obj
c:\muonline\gitsource\sources\server 97k kayito\connectserver\bin\debug\util.obj
c:\muonline\gitsource\sources\server 97k kayito\connectserver\bin\debug\socketmanagerudp.obj
c:\muonline\gitsource\sources\server 97k kayito\connectserver\bin\debug\socketmanager.obj
c:\muonline\gitsource\sources\server 97k kayito\connectserver\bin\debug\serverlist.obj
c:\muonline\gitsource\sources\server 97k kayito\connectserver\bin\debug\serverdisplayer.obj
c:\muonline\gitsource\sources\server 97k kayito\connectserver\bin\debug\queue.obj
c:\muonline\gitsource\sources\server 97k kayito\connectserver\bin\debug\minidump.obj
c:\muonline\gitsource\sources\server 97k kayito\connectserver\bin\debug\readscript.obj
c:\muonline\gitsource\sources\server 97k kayito\connectserver\bin\debug\log.obj
c:\muonline\gitsource\sources\server 97k kayito\connectserver\bin\debug\ipmanager.obj
c:\muonline\gitsource\sources\server 97k kayito\connectserver\bin\debug\criticalsection.obj
c:\muonline\gitsource\sources\server 97k kayito\connectserver\bin\debug\console.obj
c:\muonline\gitsource\sources\server 97k kayito\connectserver\bin\debug\connectserverprotocol.obj
c:\muonline\gitsource\sources\server 97k kayito\connectserver\bin\debug\connectserver.obj
c:\muonline\gitsource\sources\server 97k kayito\connectserver\bin\debug\clientmanager.obj
c:\muonline\gitsource\sources\server 97k kayito\bin\debug\connectserver\connectserver.ilk
c:\muonline\gitsource\sources\server 97k kayito\bin\debug\connectserver\connectserver.exe
c:\muonline\gitsource\sources\server 97k kayito\bin\debug\connectserver\connectserver.map
c:\muonline\gitsource\sources\server 97k kayito\bin\debug\connectserver\connectserver.pdb
c:\muonline\gitsource\sources\server 97k kayito\connectserver\bin\debug\connectserver.res
c:\muonline\gitsource\sources\server 97k kayito\connectserver\bin\debug\connectserver.tlog\cl.command.1.tlog
c:\muonline\gitsource\sources\server 97k kayito\connectserver\bin\debug\connectserver.tlog\cl.read.1.tlog
c:\muonline\gitsource\sources\server 97k kayito\connectserver\bin\debug\connectserver.tlog\cl.write.1.tlog
c:\muonline\gitsource\sources\server 97k kayito\connectserver\bin\debug\connectserver.tlog\link.command.1.tlog
c:\muonline\gitsource\sources\server 97k kayito\connectserver\bin\debug\connectserver.tlog\link.read.1.tlog
c:\muonline\gitsource\sources\server 97k kayito\connectserver\bin\debug\connectserver.tlog\link.write.1.tlog
c:\muonline\gitsource\sources\server 97k kayito\connectserver\bin\debug\connectserver.tlog\rc.command.1.tlog
c:\muonline\gitsource\sources\server 97k kayito\connectserver\bin\debug\connectserver.tlog\rc.read.1.tlog
c:\muonline\gitsource\sources\server 97k kayito\connectserver\bin\debug\connectserver.tlog\rc.write.1.tlog
